ae;bsktl(1);ftrwds(2);mnsrvt(3);prntly(4);scthl(5);smnt(6);tchmn(7);wtrcs(8);
aei;btlshp(9);frtny(10);stgrn(11);
aeo;trjcy(12);
ai;hndcrft(13);nrcsm(14);nrcst(15);phrmcst(16);plstcy(17);stc(18);trcng(19);
aie;bnshmt(20);flbns(21);lvshn(22);sgnmt(23);trnsg(24);
aio;mckntsh(25);rchbsp(26);wshngt(27);
ao;chlkbrd(28);cnbl(29);pcryhl(30);scrnt(31);
aoe;smrtphn(32);srtmn(33);
aoi;cmplsh(34);
aou;bckgrnd(35);
aue;djstmn(36);
aui;mnscrpt(37);trnslcd(38);
e;rsntm(39);stlmn(40);vhmntly(41);
ea;dprtmn(42);dscnt(43);lngdry(44);smtr(45);stpfhr(46);trgph(47);xpctny(48);
eai;nchtg(49);ntrcg(50);sytmc(51);
eao;mlnchy(52);prmfst(53);
eau;mgchr(54);mtlrgy(55);
ei;mbrshp(56);prmnt(57);prsdncy(58);prstn(59);rsgndly(60);skptcm(61);synrgtc(62);synthz(63);synthz(64);vrythng(65);
eia;hystrcl(66);
eo;hncfrt(67);mplynt(68);rtspc(69);stpmhr(70);tchnlgy(71);
eoa;tchnr(72);
eoi;cnsrhp(73);flwshp(74);hyprblc(75);ngrs(76);
eu;frqntly(77);rspctfl(78);
i;smplcty(79);
ia;kdnpg(80);wthdrl(81);
iae;hglndr(82);
ie;btrns(83);dstlry(84);frndshp(85);grlfnd(86);ncrdbly(87);ndctm(88);ntrshp(89);nvstm(90);wldrns(91);
iea;hntrld(92);
io;knghtd(93);phlsy(94);
ioa;dscrnt(95);pctgrh(96);
ioe;dscnt(97);dsp(98);flnts(99);ntrspc(100);pckt(101);
iu;dfclty(102);dsgtn(103);
iue;crmvnt(104);nsrgcy(105);nstrm(106);
o;chrnlgy(107);prmnty(108);
oa;cntrbd(109);hlgrpy(110);nchlt(111);phngr(112);
oae;prgm(113);
oai;cnstr(114);cntrd(115);stch(116);
oe;btmls(117);cmplnt(118);cmplty(119);cmprhnd(120);cnds(121);cntrl(122);cnvrsly(123);crspnd(124);gvrnmt(125);phtmry(126);plychrm(127);
oea;cmntry(128);cnts(129);smktc(130);vlyb(131);
oei;cltng(132);cmplxty(133);hypdrmc(134);prsth(135);prsthc(136);prsty(137);
oeu;mlybdn(138);
oi;Gnstcm(139);cmplty(140);cnfrmty(141);cnvg(142);gyrscp(143);
oia;cnspry(144);prftbly(145);
oie;cmplnt(146);cnst(147);cntg(148);
ou;phsr(149);synm(150);thgfl(151);thrgp(152);
oua;cnslt(153);
oue;cnrt(154);
uae;frstd(155);
ue;scfl(156);splmnt(157);
uea;ndrst(158);
uei;blndrg(159);
ui;pbrng(160);
uie;clmsn(161);sbcr(162);
uoe;Scnthrp(163);
