ae;bsktl(1);ftrwds(2);prntly(3);scthl(4);smnt(5);tchmn(6);wtrcs(7);
aei;btlshp(8);frtny(9);stgrn(10);
aeo;trjcy(11);
ai;hndcrft(12);nrcst(13);phrmcst(14);plstcy(15);stc(16);trcng(17);
aie;bnshmt(18);flbns(19);lvshn(20);sgnmt(21);trnsg(22);
aio;mckntsh(23);rchbsp(24);wshngt(25);
ao;chlkbrd(26);cnbl(27);pcryhl(28);scrnt(29);
aoe;smrtphn(30);srtmn(31);
aoi;cmplsh(32);
aou;bckgrnd(33);
aue;djstmn(34);
aui;mnscrpt(35);trnslcd(36);
e;rsntm(37);stlmn(38);vhmntly(39);
ea;dprtmn(40);dscnt(41);lngdry(42);smtr(43);stpfhr(44);xpctny(45);
eai;nchtg(46);ntrcg(47);sytmc(48);
eao;mlnchy(49);prmfst(50);
eau;mtlrgy(51);
ei;mbrshp(52);prmnt(53);prsdncy(54);prstn(55);rsgndly(56);skptcm(57);synrgtc(58);synthz(59);synthz(60);vrythng(61);
eia;hystrcl(62);
eo;hncfrt(63);mplynt(64);rtspc(65);stpmhr(66);tchnlgy(67);
eoi;cnsrhp(68);flwshp(69);hyprblc(70);ngrs(71);
eu;frqntly(72);rspctfl(73);
i;smplcty(74);
ia;kdnpg(75);wthdrl(76);
iae;hglndr(77);
ie;btrns(78);dstlry(79);frndshp(80);grlfnd(81);ncrdbly(82);ndctm(83);ntrshp(84);nvstm(85);wldrns(86);
iea;hntrld(87);
io;knghtd(88);phlsy(89);
ioa;dscrnt(90);
ioe;dsp(91);flnts(92);ntrspc(93);pckt(94);
iu;dfclty(95);dsgtn(96);
iue;crmvnt(97);nstrm(98);
o;chrnlgy(99);prmnty(100);
oa;cntrbd(101);hlgrpy(102);nchlt(103);phngr(104);
oae;prgm(105);
oai;cnstr(106);cntrd(107);stch(108);
oe;btmls(109);cmplnt(110);cmplty(111);cmprhnd(112);cnds(113);cntrl(114);cnvrsly(115);crspnd(116);gvrnmt(117);plychrm(118);
oea;cmntry(119);cnts(120);smktc(121);vlyb(122);
oei;cltng(123);cmplxty(124);hypdrmc(125);prsth(126);prsthc(127);prsty(128);
oeu;mlybdn(129);
oi;cnfrmty(130);cnvg(131);gyrscp(132);
oia;cnspry(133);prftbly(134);
oie;cmplnt(135);cnst(136);cntg(137);
ou;phsr(138);synm(139);thgfl(140);thrgp(141);
oua;cnslt(142);
oue;cnrt(143);
uae;frstd(144);
ue;scfl(145);splmnt(146);
uea;ndrst(147);
uei;blndrg(148);
ui;pbrng(149);
uie;clmsn(150);sbcr(151);
uoe;Scnthrp(152);
