Aoae;pclys(1);
Aoe;nglph(2);
Eaei;vnglst(3);
a;Jgnth(4);Mdgscn(5);Mdgscr(6);
ae;cptbl(7);cptn(8);ntcd(9);prhs(10);tbrncl(11);
aei;Glswgn(12);csbl(13);grsv(14);nsthc(15);prlgc(16);prmtc(17);prntc(18);
aeio;grsn(19);
aeo;cmrlng(20);mlvnt(21);wtrmln(22);wtrpf(23);
ai;Cblstc(24);Qblstc(25);cpblty(26);ftlsc(27);ntcp(28);rdclsm(29);sbtcl(30);slbty(31);
aie;cdntl(32);dmnstr(33);fmlyn(34);grndz(35);mbvlnt(36);mgstr(37);mnstr(38);nths(39);nths(40);ntmr(41);ntspc(42);plcb(43);prtcl(44);rthmc(45);trcv(46);trnsc(47);trnsv(48);
aio;cstrn(49);flctn(50);gyrtnl(51);plnt(52);rstc(53);stnry(54);strcn(55);trcn(56);trns(57);
aioe;rdmty(58);stnry(59);
aiu;prtcl(60);
ao;lbrty(61);mbsdr(62);prnml(63);
aoe;crdn(64);grmphn(65);pclys(66);pthcry(67);stndl(68);tmsphr(69);whtsvr(70);
aoei;plct(71);
aoi;grnmst(72);ntgs(73);ntgsm(74);
aou;ntyms(75);
aoue;bslty(76);
aoui;stndg(77);
au;grnt(78);
aue;crtly(79);frdlnt(80);mstrb(81);
aui;fctly(82);ltrsc(83);ntrlsm(84);
auio;smptn(85);
auo;cltr(86);
e;dtrnc(87);prcdn(88);vrywh(89);xcln(90);
ea;clbrtd(91);dlctb(92);dprct(93);dtcbl(94);lmntry(95);ngmt(96);prcntg(97);prfbl(98);prmnc(99);prt(100);prvlnc(101);rcptl(102);rmkbl(103);rpntc(104);sprtly(105);xtndbl(106);ystr(107);
eai;ldrshp(108);mchnl(109);mglthc(110);mrcntl(111);rltvsm(112);rstnd(113);tlphc(114);vnglsm(115);vnglst(116);
eaio;rfctn(117);tmpn(118);xtrcn(119);
eaiu;mngfl(120);
eao;cphld(121);mbsdr(122);
eau;dbchry(123);pcfly(124);rstn(125);vrncl(126);
ei;clmnt(127);cntmr(128);dfntly(129);gntcs(130);hmspr(131);mprcst(132);ntcm(133);ntrps(134);prcntl(135);prmtv(136);pstlnc(137);rflctv(138);rfnmt(139);rspctv(140);tnbrfc(141);xctmn(142);xpdncy(143);xprmnt(144);xtnsbl(145);
eia;cntgrd(146);crdntl(147);dspcbl(148);hrdty(149);hrmtcl(150);lgtmcy(151);pdstrn(152);prhl(153);rstnc(154);spclt(155);spcly(156);tchn(157);
eiao;vntlr(158);
eio;dclns(159);dprsn(160);hlcptr(161);prctn(162);prdctn(163);prfctn(164);prmsn(165);prvsn(166);rdmptn(167);rflctn(168);smlgy(169);xprsn(170);xtnc(171);
eiou;mystr(172);
eiu;cntrfg(173);dlnqt(174);rlnqsh(175);tchnm(176);xtngsh(177);
eiua;pnslr(178);
eo;bnvlt(179);ntmlgy(180);phnm(181);thrsc(182);
eoa;bfrhnd(183);drgty(184);hmrg(185);phnml(186);
eoai;dmcrt(187);prvcl(188);thcr(189);
eoau;mrnd(190);
eoi;gnrsty(191);hmglbn(192);hmrd(193);lctrn(194);mbdnt(195);mbrdy(196);rgnmcs(197);rspnv(198);
eoia;mthdcl(199);rhtcl(200);xrbtn(201);
eou;rmsfl(202);rndzvs(203);trmnds(204);
eu;rcn(205);rfndm(206);rsgnc(207);
eua;mnstr(208);rlctn(209);vntly(210);
euai;Sptgn(211);rglty(212);
euao;rglty(213);
euia;nthsm(214);rpblcn(215);
euo;sdly(216);
i;nhlstc(217);
ia;dsblty(218);mltrs(219);nhbt(220);nvrbly(221);rtng(222);smlrty(223);trvly(224);
iae;chmpnz(225);mpsbl(226);nfltr(227);ntgbl(228);stgmz(229);
iao;dgnstc(230);dspnt(231);fltrn(232);nfrct(233);nstgr(234);
iaoe;dsprv(235);
iaou;chvlrs(236);
ie;dfrnc(237);dscpln(238);dvrgnc(239);mltr(240);mltr(241);mpdnt(242);mprsv(243);ncrdbl(244);ngrdt(245);nstc(246);ntrp(247);nts(248);nvcbl(249);prvlgd(250);rdscnt(251);rvnt(252);scntf(253);smthrn(254);vndct(255);
iea;drvtn(256);knmtcs(257);mpcbl(258);ntsl(259);rngld(260);wdspr(261);
ieo;brdgm(262);dgrsn(263);dscrtn(264);dsprn(265);mprsn(266);nflct(267);nspct(268);
ieu;mln(269);
io;dstrn(270);
ioa;dctnry(271);hstrcl(272);msnry(273);vsnly(274);
ioe;bmtrcs(275);mcrphn(276);mcrsp(277);mpsbl(278);
ioua;bnclrs(279);
ioue;dsclr(280);
iu;lngstc(281);ntrg(282);
iua;ndstrl(283);
iuae;lstr(284);
iue;crms(285);dsrptv(286);dstrb(287);flbstr(288);ncr(289);ndcmt(290);ndlgc(291);
iuo;dscn(292);dsrptn(293);
oa;prgnd(294);rthgnl(295);
oae;clrbn(296);cltr(297);cmndr(298);cmprbl(299);cntrv(300);cthdrn(301);rnmtl(302);thps(303);
oai;bldstn(304);cmprsn(305);cmpsn(306);mycrdl(307);
oaie;cmptbl(308);
oau;vcblry(309);wrknd(310);
oe;chrms(311);cmptn(312);cndl(313);cnfr(314);hdgp(315);mnchr(316);mthrd(317);shpkr(318);wdpckr(319);
oea;cmnwl(320);cmpnst(321);cngrt(322);
oeai;pwrtn(323);
oei;brdln(324);cltn(325);cltv(326);cmpltn(327);cmptr(328);cnfs(329);cngst(330);cnpt(331);cns(332);cnt(333);cnvrs(334);cnvt(335);cnvt(336);lns(337);mnths(338);mnths(339);prfsn(340);prjctl(341);prjctn(342);prsv(343);prtcn(344);psn(345);
oeia;cmrl(346);prvbl(347);
oeiu;prmth(348);
oeu;Prmths(349);cnjtr(350);hrnds(351);prs(352);prsct(353);
oeua;cnptl(354);cnsl(355);prcdl(356);
oi;cmsn(357);cnt(358);cnvt(359);csmpl(360);mnchr(361);prtn(362);ptmsc(363);
oia;blgtry(364);hrzntl(365);prvncl(366);sldrty(367);
oiae;cmpln(368);cmplt(369);cnfst(370);frmdbl(371);prftbl(372);
oie;cmprs(373);cnfd(374);cns(375);crsp(376);mnfct(377);mnsct(378);prfcnt(379);prt(380);prvdnc(381);
oiea;cdntl(382);
oiu;cnty(383);
oiue;cmntd(384);cntrb(385);
ou;thrg(386);
ouae;cnsmt(387);trnm(388);
ouai;jrnlsm(389);jrnlst(390);tlndsh(391);
oue;cngr(392);crn(393);tprfm(394);
ouea;cntr(395);
ouei;vlmtrc(396);
oui;cnls(397);cns(398);cnvls(399);crptn(400);prlsn(401);prtsn(402);
ouie;cndtv(403);cnlsv(404);prdctv(405);
uae;crstn(406);qdrngl(407);
uai;mtbly(408);
uao;ltrsnd(409);
uaoe;qdcptr(410);
ue;ndtr(411);nftrd(412);nthrd(413);nxpctd(414);pbscn(415);sbqnt(416);trblnc(417);
uea;Jgrnt(418);jgrnt(419);ndrth(420);vlnrb(421);
ueai;srlm(422);srlt(423);
uei;sbjctv(424);sbvr(425);
ueio;sbctn(426);scn(427);sgtn(428);
ueo;brdnsm(429);ndrsc(430);stpnd(431);
ueoi;sprnc(432);
ui;crlm(433);ftrsc(434);
uia;sbdry(435);sblmn(436);
uiae;ltmy(437);nwbl(438);splct(439);
uie;mltpr(440);mnfct(441);nvrsty(442);nyldg(443);qntpl(444);sbmv(445);sbt(446);scrtn(447);sfcnt(448);
uio;sbmn(449);
uioa;fnctl(450);
uo;nrthdx(451);scrpl(452);
uoai;nrmtc(453);
