ae;clrt(1);mlgt(2);prnc(3);
aei;brvt(4);drnl(5);lgnc(6);prct(7);
aeio;lgtn(8);
aeiou;bstm(9);
aeoi;pdhl(10);
aie;cpts(11);fclt(12);fltd(13);nhlt(14);ntcp(15);
aio;ctvn(16);dtnl(17);ntbc(18);nvgt(19);pgnt(20);prtn(21);sprtn(22);vldtn(23);
aioe;psnt(24);
aiue;mnplt(25);ntqd(26);rtcl(27);
aoi;brgtn(28);lctn(29);nt(30);
aoie;ntgz(31);
aou;glmrs(32);
aue;cmlt(33);dltr(34);msqrd(35);sclt(36);
auio;cstn(37);mnt(38);sltn(39);strn(40);
auoi;tcr(41);
ea;dclrt(42);xcrbt(43);xgrt(44);xsprt(45);
eai;dctv(46);dslnt(47);rpt(48);
eaio;dlgtn(49);fdrtn(50);gnrt(51);rctn(52);rvltn(53);sprtn(54);xcvtn(55);
eao;rsnbl(56);
eauio;xhstn(57);
ei;dfntv(58);rptv(59);rslnc(60);xprnc(61);
eia;bnfcl(62);dlbrt(63);lgtm(64);spclz(65);vrfbl(66);
eiao;hstn(67);mdtn(68);xprtn(69);
eio;dfnt(70);rptn(71);tlvsn(72);xhbtn(73);xpdtn(74);
eioa;prdcl(75);
eo;hrtf(76);
eoai;dnt(77);jprdz(78);
eoi;dpstn(79);
eoia;cnml(80);crmnl(81);dnmt(82);
eoui;rsltn(83);rvltn(84);
eua;xctbl(85);
euai;ntrlz(86);
euaio;prsn(87);rgltn(88);rptn(89);
euia;qvlnt(90);
euioa;dlsn(91);
iae;dlpt(92);ntmd(93);nvldt(94);nvrbl(95);
iao;ndct(96);nvt(97);rtnl(98);
iaou;dphns(99);
iaue;mclt(100);ncrt(101);
ie;ndft(102);
iea;mprtv(103);ndlct(104);nvtbl(105);
ieo;lkhd(106);
ieua;nqlty(107);
io;nhbt(108);
ioa;blgc(109);nt(110);nvt(111);
ioae;nvgrt(112);
iouae;dscrg(113);
iua;lmnt(114);ndvl(115);
iuae;lmnt(116);
iuo;rdcls(117);
oai;csnl(118);
oaie;btnl(119);
oaiu;cntgs(120);
oau;mngs(121);
oeai;mdrtn(122);
oeia;clgt(123);
oeiu;frt(124);
oi;pstn(125);
oia;blgtn(126);mtvn(127);nmt(128);
oiae;crdnt(129);
oie;mnplz(130);
oiea;bltr(131);
oieu;bstr(132);
oiu;cntgs(133);cnts(134);prdgs(135);
ou;hmlgs(136);mnts(137);
ouai;cptn(138);fndt(139);pltn(140);
ouia;crnp(141);
ouie;trnq(142);
uaie;nstbl(143);
uaio;pgncs(144);
uea;brct(145);nbrl(146);nbtl(147);
ueia;ndbl(148);nrlb(149);
uiae;nltr(150);
uiao;rmnt(151);
uio;spc(152);
uioe;gltn(153);
uo;tmls(154);
