ae;clrt(1);mlgt(2);prnc(3);
aei;brvt(4);drnl(5);lgnc(6);prct(7);prlg(8);
aeio;brtn(9);lgtn(10);
aeiou;bstm(11);
aeoi;pdhl(12);
aeoiu;prtm(13);
aeui;mtrsh(14);
aie;Prsn(15);cpts(16);fclt(17);fltd(18);nhlt(19);ntcp(20);smlt(21);
aio;ctvn(22);dtnl(23);ntbc(24);nvgt(25);pgnt(26);prtn(27);snt(28);sprtn(29);vldtn(30);
aioe;chrt(31);psnt(32);rdsn(33);
aiou;cprs(34);
aiue;cptl(35);mnplt(36);ntqd(37);rtcl(38);
aoi;brgtn(39);lctn(40);nt(41);
aoie;bmnl(42);ntgz(43);
aoiu;hrmns(44);
aou;glmrs(45);
aue;cmlt(46);dltr(47);msqrd(48);sclt(49);
auie;cstv(50);trmz(51);
auio;cstn(52);mnt(53);sltn(54);strn(55);
auoi;tcr(56);
ea;dclrt(57);dgnrt(58);xcrbt(59);xgrt(60);xsprt(61);
eai;dcpt(62);dctv(63);dslnt(64);rpt(65);vnglz(66);
eaio;dfctn(67);dlgtn(68);fdrtn(69);gnrt(70);rctn(71);rptn(72);rvltn(73);scltn(74);sprtn(75);xcvtn(76);
eaiou;prcs(77);
eao;rsnbl(78);
eauio;prctn(79);xhstn(80);
ei;dfntv(81);pxgs(82);rptv(83);rslnc(84);xprnc(85);
eia;bnfcl(86);dlbrt(87);fmnt(88);lgtm(89);smnr(90);spclz(91);vrfbl(92);
eiao;hstn(93);mdtn(94);mgrtn(95);xprtn(96);
eio;dfnt(97);rptn(98);tlvsn(99);xhbtn(100);xpdtn(101);
eioa;prdcl(102);
eiou;prncs(103);
eiuo;mtcls(104);
eo;hrtf(105);
eoai;dnt(106);dsltn(107);jprdz(108);pjrtv(109);rnvt(110);
eoi;dmltn(111);dpstn(112);xpstn(113);
eoia;cnml(114);crmnl(115);dnmt(116);hmpl(117);thlgn(118);
eoui;rsltn(119);rvltn(120);
eua;rcpt(121);rmnt(122);xctbl(123);
euai;ntrlz(124);qnmty(125);
euaio;prsn(126);rgltn(127);rptn(128);
euaoi;krytc(129);
euia;cmnl(130);qvlnt(131);
euioa;dlsn(132);
euoa;lcdrm(133);lkdrm(134);
iae;dlpt(135);mtrl(136);ndctv(137);ntmd(138);nvldt(139);nvrbl(140);
iao;ndct(141);nvt(142);rtnl(143);
iaou;dphns(144);
iaue;mclt(145);ncrt(146);
ie;ndft(147);nftv(148);
iea;mprtv(149);ndlct(150);nvtbl(151);
ieo;dlgst(152);lkhd(153);
ieoa;nxrbl(154);
ieou;ndgs(155);
ieua;ltn(156);nqlty(157);
io;nhbt(158);
ioa;blgc(159);nt(160);nvct(161);nvt(162);
ioae;ntxc(163);nvgrt(164);
iou;vctrs(165);
iouae;dscrg(166);
ioue;slht(167);
iua;lmnt(168);ndvl(169);
iuae;fgrtv(170);lmnt(171);
iue;dmntv(172);nftd(173);
iuo;rdcls(174);
oae;btldr(175);
oai;clrtn(176);crnt(177);csnl(178);
oaie;btnl(179);
oaiu;cntgs(180);
oau;mngs(181);
oeai;mdrtn(182);
oeia;Phnc(183);clgt(184);
oeiu;frt(185);
oi;pstn(186);
oia;blgtn(187);mtvn(188);nmt(189);
oiae;crdnt(190);nmtv(191);
oie;lcmtv(192);mnplz(193);
oiea;bltr(194);
oieu;bstr(195);cnfrs(196);vcfrs(197);
oiu;cntgs(198);cnts(199);prdgs(200);
ou;hmlgs(201);mnts(202);
oua;rndbt(203);
ouai;cptn(204);fndt(205);pltn(206);
ouaie;cpltv(207);
oui;clqm(208);
ouia;clq(209);crnp(210);
ouie;trnq(211);
uaie;nstbl(212);qrnt(213);
uaio;pgncs(214);
uea;brct(215);nbrl(216);nbtl(217);
ueia;ndbl(218);nrlb(219);
uiae;nltr(220);
uiao;mtln(221);rmnt(222);
uio;spc(223);
uioe;gltn(224);
uo;tmls(225);
