ae;clrt(1);mlgt(2);prnc(3);
aei;brvt(4);drnl(5);lgnc(6);prct(7);prlg(8);
aeio;brtn(9);lgtn(10);
aeiou;bstm(11);
aeoi;pdhl(12);
aeui;mtrsh(13);
aie;Prsn(14);cpts(15);fclt(16);fltd(17);nhlt(18);ntcp(19);
aio;ctvn(20);dtnl(21);ntbc(22);nvgt(23);pgnt(24);prtn(25);snt(26);sprtn(27);vldtn(28);
aioe;chrt(29);psnt(30);rdsn(31);
aiou;cprs(32);
aiue;mnplt(33);ntqd(34);rtcl(35);
aoi;brgtn(36);lctn(37);nt(38);
aoie;bmnl(39);ntgz(40);
aoiu;hrmns(41);
aou;glmrs(42);
aue;cmlt(43);dltr(44);msqrd(45);sclt(46);
auie;cstv(47);
auio;cstn(48);mnt(49);sltn(50);strn(51);
auoi;tcr(52);
ea;dclrt(53);xcrbt(54);xgrt(55);xsprt(56);
eai;dcpt(57);dctv(58);dslnt(59);rpt(60);
eaio;dlgtn(61);fdrtn(62);gnrt(63);rctn(64);rvltn(65);scltn(66);sprtn(67);xcvtn(68);
eaiou;prcs(69);
eao;rsnbl(70);
eauio;prctn(71);xhstn(72);
ei;dfntv(73);pxgs(74);rptv(75);rslnc(76);xprnc(77);
eia;bnfcl(78);dlbrt(79);lgtm(80);smnr(81);spclz(82);vrfbl(83);
eiao;hstn(84);mdtn(85);mgrtn(86);xprtn(87);
eio;dfnt(88);rptn(89);tlvsn(90);xhbtn(91);xpdtn(92);
eioa;prdcl(93);
eiuo;mtcls(94);
eo;hrtf(95);
eoai;dnt(96);jprdz(97);rnvt(98);
eoi;dmltn(99);dpstn(100);xpstn(101);
eoia;cnml(102);crmnl(103);dnmt(104);
eoui;rsltn(105);rvltn(106);
eua;rcpt(107);rmnt(108);xctbl(109);
euai;ntrlz(110);
euaio;prsn(111);rgltn(112);rptn(113);
euia;qvlnt(114);
euioa;dlsn(115);
euoa;lcdrm(116);lkdrm(117);
iae;dlpt(118);mtrl(119);ndctv(120);ntmd(121);nvldt(122);nvrbl(123);
iao;ndct(124);nvt(125);rtnl(126);
iaou;dphns(127);
iaue;mclt(128);ncrt(129);
ie;ndft(130);nftv(131);
iea;mprtv(132);ndlct(133);nvtbl(134);
ieo;lkhd(135);
ieou;ndgs(136);
ieua;ltn(137);nqlty(138);
io;nhbt(139);
ioa;blgc(140);nt(141);nvct(142);nvt(143);
ioae;ntxc(144);nvgrt(145);
iou;vctrs(146);
iouae;dscrg(147);
iua;lmnt(148);ndvl(149);
iuae;fgrtv(150);lmnt(151);
iue;dmntv(152);
iuo;rdcls(153);
oai;clrtn(154);csnl(155);
oaie;btnl(156);
oaiu;cntgs(157);
oau;mngs(158);
oeai;mdrtn(159);
oeia;Phnc(160);clgt(161);
oeiu;frt(162);
oi;pstn(163);
oia;blgtn(164);mtvn(165);nmt(166);
oiae;crdnt(167);nmtv(168);
oie;lcmtv(169);mnplz(170);
oiea;bltr(171);
oieu;bstr(172);cnfrs(173);
oiu;cntgs(174);cnts(175);prdgs(176);
ou;hmlgs(177);mnts(178);
oua;rndbt(179);
ouai;cptn(180);fndt(181);pltn(182);
ouaie;cpltv(183);
oui;clqm(184);
ouia;clq(185);crnp(186);
ouie;trnq(187);
uaie;nstbl(188);
uaio;pgncs(189);
uea;brct(190);nbrl(191);nbtl(192);
ueia;ndbl(193);nrlb(194);
uiae;nltr(195);
uiao;mtln(196);rmnt(197);
uio;spc(198);
uioe;gltn(199);
uo;tmls(200);
