ae;bsktl(1);ftrwds(2);prntly(3);scthl(4);smnt(5);tchmn(6);wtrcs(7);
aei;btlshp(8);frtny(9);
aeo;trjcy(10);
ai;hndcrft(11);stc(12);trcng(13);
aie;flbns(14);sgnmt(15);trnsg(16);
aio;mckntsh(17);rchbsp(18);wshngt(19);
ao;chlkbrd(20);pcryhl(21);scrnt(22);
aoe;smrtphn(23);
aoi;cmplsh(24);
aou;bckgrnd(25);
aue;djstmn(26);
aui;trnslcd(27);
e;rsntm(28);stlmn(29);
ea;dprtmn(30);dscnt(31);lngdry(32);smtr(33);stpfhr(34);xpctny(35);
eai;nchtg(36);ntrcg(37);sytmc(38);
eao;mlnchy(39);
eau;mtlrgy(40);
ei;mbrshp(41);prmnt(42);prsdncy(43);prstn(44);rsgndly(45);vrythng(46);
eia;hystrcl(47);
eo;hncfrt(48);mplynt(49);rtspc(50);stpmhr(51);tchnlgy(52);
eoi;cnsrhp(53);flwshp(54);ngrs(55);
eu;frqntly(56);rspctfl(57);
i;smplcty(58);
ia;kdnpg(59);wthdrl(60);
iae;hglndr(61);
ie;btrns(62);dstlry(63);frndshp(64);grlfnd(65);ncrdbly(66);ntrshp(67);nvstm(68);wldrns(69);
io;phlsy(70);
ioa;dscrnt(71);
ioe;flnts(72);ntrspc(73);
iu;dfclty(74);dsgtn(75);
iue;crmvnt(76);nstrm(77);
oa;cntrbd(78);nchlt(79);
oae;prgm(80);
oai;cnstr(81);cntrd(82);stch(83);
oe;btmls(84);cmplnt(85);cmplty(86);cmprhnd(87);cnds(88);cntrl(89);cnvrsly(90);crspnd(91);gvrnmt(92);plychrm(93);
oea;cmntry(94);cnts(95);vlyb(96);
oei;cltng(97);cmplxty(98);prsty(99);
oi;cnfrmty(100);cnvg(101);
oia;cnspry(102);prftbly(103);
oie;cmplnt(104);cnst(105);cntg(106);
ou;thgfl(107);thrgp(108);
oua;cnslt(109);
oue;cnrt(110);
uae;frstd(111);
ue;scfl(112);splmnt(113);
uea;ndrst(114);
uei;blndrg(115);
ui;pbrng(116);
uie;sbcr(117);
