Aoae;pclys(1);
Aoe;nglph(2);
Eaei;vnglst(3);
a;Mdgscn(4);Mdgscr(5);
ae;cptbl(6);cptn(7);ntcd(8);prhs(9);tbrncl(10);
aei;Glswgn(11);csbl(12);grsv(13);nsthc(14);prlgc(15);prmtc(16);prntc(17);
aeio;grsn(18);
aeo;cmrlng(19);mlvnt(20);wtrmln(21);wtrpf(22);
ai;cpblty(23);ftlsc(24);ntcp(25);rdclsm(26);sbtcl(27);slbty(28);
aie;cdntl(29);dmnstr(30);fmlyn(31);grndz(32);mbvlnt(33);mgstr(34);mnstr(35);nths(36);nths(37);ntmr(38);plcb(39);prtcl(40);rthmc(41);trcv(42);trnsc(43);trnsv(44);
aio;flctn(45);gyrtnl(46);plnt(47);rstc(48);stnry(49);strcn(50);trcn(51);trns(52);
aioe;stnry(53);
aiu;prtcl(54);
ao;lbrty(55);mbsdr(56);prnml(57);
aoe;crdn(58);grmphn(59);pclys(60);pthcry(61);stndl(62);tmsphr(63);whtsvr(64);
aoei;plct(65);
aoi;grnmst(66);ntgs(67);ntgsm(68);
aou;ntyms(69);
aoue;bslty(70);
aoui;stndg(71);
aue;crtly(72);frdlnt(73);mstrb(74);
auio;smptn(75);
auo;cltr(76);
e;dtrnc(77);prcdn(78);vrywh(79);xcln(80);
ea;clbrtd(81);dlctb(82);dprct(83);dtcbl(84);lmntry(85);ngmt(86);prcntg(87);prfbl(88);prmnc(89);prt(90);rcptl(91);rmkbl(92);rpntc(93);sprtly(94);
eai;ldrshp(95);mchnl(96);mglthc(97);mrcntl(98);rstnd(99);tlphc(100);vnglsm(101);vnglst(102);
eaio;rfctn(103);tmpn(104);xtrcn(105);
eaiu;mngfl(106);
eao;cphld(107);mbsdr(108);
eau;pcfly(109);rstn(110);
ei;clmnt(111);cntmr(112);dfntly(113);gntcs(114);ntcm(115);ntrps(116);prcntl(117);rflctv(118);rspctv(119);tnbrfc(120);xctmn(121);xpdncy(122);xprmnt(123);xtnsbl(124);
eia;cntgrd(125);crdntl(126);dspcbl(127);hrdty(128);hrmtcl(129);pdstrn(130);prhl(131);rstnc(132);spclt(133);spcly(134);
eiao;vntlr(135);
eio;dclns(136);dprsn(137);hlcptr(138);prctn(139);prdctn(140);prfctn(141);prmsn(142);prvsn(143);rflctn(144);smlgy(145);xprsn(146);xtnc(147);
eiou;mystr(148);
eiu;cntrfg(149);dlnqt(150);rlnqsh(151);tchnm(152);xtngsh(153);
eiua;pnslr(154);
eo;bnvlt(155);phnm(156);
eoa;bfrhnd(157);drgty(158);hmrg(159);phnml(160);
eoai;dmcrt(161);prvcl(162);
eoi;hmglbn(163);hmrd(164);lctrn(165);mbrdy(166);rspnv(167);
eoia;mthdcl(168);rhtcl(169);xrbtn(170);
eou;rmsfl(171);rndzvs(172);trmnds(173);
eu;rcn(174);rfndm(175);rsgnc(176);
eua;mnstr(177);rlctn(178);vntly(179);
euai;Sptgn(180);rglty(181);
euao;rglty(182);
euia;nthsm(183);rpblcn(184);
euo;sdly(185);
i;nhlstc(186);
ia;dsblty(187);nhbt(188);nvrbly(189);rtng(190);smlrty(191);trvly(192);
iae;chmpnz(193);mpsbl(194);nfltr(195);ntgbl(196);stgmz(197);
iao;dgnstc(198);dspnt(199);nfrct(200);
iaoe;dsprv(201);
iaou;chvlrs(202);
ie;dfrnc(203);dscpln(204);dvrgnc(205);mltr(206);mltr(207);mpdnt(208);mprsv(209);ncrdbl(210);ngrdt(211);nstc(212);ntrp(213);nts(214);nvcbl(215);prvlgd(216);rdscnt(217);rvnt(218);scntf(219);smthrn(220);vndct(221);
iea;knmtcs(222);mpcbl(223);ntsl(224);rngld(225);wdspr(226);
ieo;brdgm(227);dgrsn(228);dscrtn(229);dsprn(230);mprsn(231);nspct(232);
ieu;mln(233);
io;dstrn(234);
ioa;dctnry(235);hstrcl(236);msnry(237);vsnly(238);
ioe;bmtrcs(239);mcrphn(240);mcrsp(241);mpsbl(242);
ioua;bnclrs(243);
ioue;dsclr(244);
iu;lngstc(245);ntrg(246);
iua;ndstrl(247);
iuae;lstr(248);
iue;crms(249);dsrptv(250);dstrb(251);flbstr(252);ncr(253);ndcmt(254);
iuo;dscn(255);dsrptn(256);
oa;prgnd(257);rthgnl(258);
oae;clrbn(259);cltr(260);cmndr(261);cmprbl(262);cntrv(263);cthdrn(264);rnmtl(265);thps(266);
oai;bldstn(267);cmprsn(268);cmpsn(269);mycrdl(270);
oaie;cmptbl(271);
oau;vcblry(272);
oe;chrms(273);cmptn(274);cndl(275);cnfr(276);hdgp(277);mnchr(278);mthrd(279);shpkr(280);wdpckr(281);
oea;cmnwl(282);cmpnst(283);cngrt(284);
oei;brdln(285);cltn(286);cltv(287);cmpltn(288);cmptr(289);cnfs(290);cngst(291);cnpt(292);cns(293);cnt(294);cnvrs(295);cnvt(296);cnvt(297);lns(298);mnths(299);mnths(300);prfsn(301);prjctl(302);prjctn(303);prtcn(304);psn(305);
oeia;cmrl(306);
oeiu;prmth(307);
oeu;Prmths(308);cnjtr(309);hrnds(310);prs(311);prsct(312);
oeua;cnptl(313);cnsl(314);prcdl(315);
oi;cmsn(316);cnt(317);cnvt(318);csmpl(319);mnchr(320);prtn(321);ptmsc(322);
oia;blgtry(323);hrzntl(324);prvncl(325);sldrty(326);
oiae;cmpln(327);cmplt(328);cnfst(329);frmdbl(330);prftbl(331);
oie;cmprs(332);cnfd(333);cns(334);mnfct(335);mnsct(336);prfcnt(337);prt(338);prvdnc(339);
oiea;cdntl(340);
oiu;cnty(341);
oiue;cmntd(342);cntrb(343);
ou;thrg(344);
ouae;cnsmt(345);trnm(346);
ouai;jrnlsm(347);jrnlst(348);tlndsh(349);
oue;cngr(350);crn(351);tprfm(352);
ouea;cntr(353);
ouei;vlmtrc(354);
oui;cnls(355);cns(356);cnvls(357);crptn(358);prlsn(359);prtsn(360);
ouie;cndtv(361);cnlsv(362);prdctv(363);
uae;crstn(364);
uai;mtbly(365);
uao;ltrsnd(366);
uaoe;qdcptr(367);
ue;ndtr(368);nthrd(369);nxpctd(370);pbscn(371);sbqnt(372);trblnc(373);
uea;ndrth(374);vlnrb(375);
ueai;srlm(376);srlt(377);
uei;sbjctv(378);sbvr(379);
ueio;sbctn(380);scn(381);sgtn(382);
ueo;brdnsm(383);ndrsc(384);
ueoi;sprnc(385);
ui;crlm(386);ftrsc(387);
uia;sbdry(388);sblmn(389);
uiae;ltmy(390);nwbl(391);splct(392);
uie;mltpr(393);mnfct(394);nvrsty(395);nyldg(396);qntpl(397);sbmv(398);sbt(399);scrtn(400);sfcnt(401);
uio;sbmn(402);
uioa;fnctl(403);
uo;nrthdx(404);
