Aoae;pclys(1);
ae;cptbl(2);cptn(3);ntcd(4);prhs(5);
aei;csbl(6);grsv(7);nsthc(8);prmtc(9);prntc(10);
aeio;grsn(11);
aeo;cmrlng(12);mlvnt(13);wtrmln(14);wtrpf(15);
ai;cpblty(16);ftlsc(17);ntcp(18);rdclsm(19);sbtcl(20);slbty(21);
aie;cdntl(22);dmnstr(23);fmlyn(24);grndz(25);mbvlnt(26);mnstr(27);ntmr(28);plcb(29);prtcl(30);rthmc(31);trcv(32);trnsc(33);trnsv(34);
aio;flctn(35);plnt(36);rstc(37);stnry(38);strcn(39);trcn(40);trns(41);
aioe;stnry(42);
aiu;prtcl(43);
ao;lbrty(44);mbsdr(45);
aoe;crdn(46);pclys(47);stndl(48);tmsphr(49);whtsvr(50);
aoei;plct(51);
aoi;ntgs(52);ntgsm(53);
aou;ntyms(54);
aoue;bslty(55);
aoui;stndg(56);
aue;crtly(57);frdlnt(58);
auio;smptn(59);
auo;cltr(60);
e;dtrnc(61);prcdn(62);vrywh(63);xcln(64);
ea;clbrtd(65);dlctb(66);dprct(67);dtcbl(68);lmntry(69);ngmt(70);prcntg(71);prmnc(72);prt(73);rcptl(74);rmkbl(75);sprtly(76);
eai;ldrshp(77);mchnl(78);rstnd(79);vnglst(80);
eaio;tmpn(81);xtrcn(82);
eaiu;mngfl(83);
eao;cphld(84);mbsdr(85);
eau;pcfly(86);rstn(87);
ei;cntmr(88);dfntly(89);ntcm(90);ntrps(91);prcntl(92);rspctv(93);xctmn(94);xprmnt(95);xtnsbl(96);
eia;cntgrd(97);crdntl(98);dspcbl(99);hrdty(100);hrmtcl(101);pdstrn(102);rstnc(103);spclt(104);spcly(105);
eio;dprsn(106);hlcptr(107);prctn(108);prdctn(109);prfctn(110);prmsn(111);rflctn(112);smlgy(113);xprsn(114);xtnc(115);
eiou;mystr(116);
eiu;rlnqsh(117);xtngsh(118);
eiua;pnslr(119);
eo;bnvlt(120);phnm(121);
eoa;phnml(122);
eoai;dmcrt(123);
eoi;lctrn(124);mbrdy(125);rspnv(126);
eoia;rhtcl(127);
eou;rmsfl(128);trmnds(129);
eu;rcn(130);rfndm(131);rsgnc(132);
eua;rlctn(133);vntly(134);
euai;rglty(135);
euao;rglty(136);
euia;nthsm(137);rpblcn(138);
euo;sdly(139);
ia;dsblty(140);nhbt(141);nvrbly(142);smlrty(143);
iae;nfltr(144);ntgbl(145);
iao;dgnstc(146);dspnt(147);
iaoe;dsprv(148);
iaou;chvlrs(149);
ie;dfrnc(150);dscpln(151);dvrgnc(152);mltr(153);mltr(154);mpdnt(155);mprsv(156);ncrdbl(157);ngrdt(158);nstc(159);ntrp(160);nts(161);nvcbl(162);prvlgd(163);scntf(164);smthrn(165);vndct(166);
iea;knmtcs(167);mpcbl(168);ntsl(169);wdspr(170);
ieo;brdgm(171);dgrsn(172);dscrtn(173);mprsn(174);nspct(175);
ieu;mln(176);
io;dstrn(177);
ioa;dctnry(178);hstrcl(179);msnry(180);vsnly(181);
ioe;mcrsp(182);mpsbl(183);
ioue;dsclr(184);
iu;lngstc(185);ntrg(186);
iua;ndstrl(187);
iuae;lstr(188);
iue;crms(189);dsrptv(190);dstrb(191);flbstr(192);ncr(193);ndcmt(194);
iuo;dscn(195);dsrptn(196);
oa;prgnd(197);rthgnl(198);
oae;cmndr(199);cmprbl(200);rnmtl(201);thps(202);
oai;cmprsn(203);cmpsn(204);
oaie;cmptbl(205);
oau;vcblry(206);
oe;cmptn(207);cndl(208);cnfr(209);hdgp(210);mnchr(211);shpkr(212);wdpckr(213);
oea;cmnwl(214);cmpnst(215);cngrt(216);
oei;brdln(217);cltn(218);cltv(219);cmpltn(220);cmptr(221);cnfs(222);cngst(223);cnpt(224);cns(225);cnt(226);cnvrs(227);cnvt(228);cnvt(229);lns(230);prfsn(231);prjctn(232);prtcn(233);psn(234);
oeia;cmrl(235);
oeu;cnjtr(236);prs(237);prsct(238);
oeua;cnsl(239);prcdl(240);
oi;cmsn(241);cnvt(242);csmpl(243);mnchr(244);prtn(245);ptmsc(246);
oia;blgtry(247);hrzntl(248);sldrty(249);
oiae;cmpln(250);cmplt(251);frmdbl(252);prftbl(253);
oie;cmprs(254);cnfd(255);cns(256);prfcnt(257);prvdnc(258);
oiea;cdntl(259);
oiu;cnty(260);
oiue;cntrb(261);
ou;thrg(262);
ouae;cnsmt(263);trnm(264);
ouai;jrnlsm(265);jrnlst(266);
oue;cngr(267);crn(268);
ouea;cntr(269);
oui;cnls(270);cns(271);crptn(272);
ouie;cndtv(273);cnlsv(274);prdctv(275);
uai;mtbly(276);
uao;ltrsnd(277);
ue;nthrd(278);nxpctd(279);pbscn(280);sbqnt(281);trblnc(282);
uea;ndrth(283);vlnrb(284);
uei;sbjctv(285);
ueio;sbctn(286);scn(287);sgtn(288);
ueo;brdnsm(289);ndrsc(290);
ueoi;sprnc(291);
ui;crlm(292);
uia;sbdry(293);sblmn(294);
uiae;ltmy(295);nwbl(296);splct(297);
uie;mltpr(298);mnfct(299);nvrsty(300);sbmv(301);sbt(302);scrtn(303);sfcnt(304);
uio;sbmn(305);
uioa;fnctl(306);
