aei;dvrst(1);ltrnv(2);mphtn(3);mstrpc(4);nsthc(5);prcbl(6);
aeio;fctn(7);grtn(8);ltrcn(9);
aeiu;plntrm(10);
aeo;hmrg(11);rchlgy(12);
aeoi;ctgrl(13);hmglbn(14);
ai;prstcl(15);
aie;frmtv(16);mntc(17);ntcpd(18);prtc(19);snt(20);
aieo;rchplg(21);
aio;clbrtn(22);fbrctn(23);frmtn(24);nlyzt(25);ntly(26);plctn(27);trdnl(28);
aiou;crnvs(29);
aiu;rdclts(30);
aiue;grclt(31);
aiuo;trbn(32);
aoe;cmdt(33);
aoi;brgdc(34);prbtn(35);prdxcl(36);
aoie;prt(37);prxmt(38);slvt(39);
aue;lcqrw(40);mnfctr(41);
auio;cltn(42);
eai;Rnsc(43);fsblty(44);rclbt(45);rnsc(46);vnglc(47);
eaio;clbrtn(48);dclrtn(49);mbrktn(50);pntr(51);prtn(52);rsvtn(53);sntl(54);xclmtn(55);xpctn(56);xplnt(57);xtrdn(58);
eao;sprmtz(59);
eaoi;pdgcl(60);
eaou;trchs(61);whrbts(62);
eau;hdqrt(63);msrnt(64);thsr(65);tmpr(66);trsbl(67);
eaui;thrpc(68);
eia;crtf(69);dlvrnc(70);prct(71);xtrmn(72);
eiao;dsgnt(73);dstn(74);rsptn(75);trmn(76);
eio;bndct(77);rvsnm(78);
eioa;tsmnl(79);xcptnl(80);
eiou;prstg(81);prtns(82);
eiu;xpndtr(83);
eiuo;rtbn(84);
eo;strcp(85);
eoa;rcvbl(86);xpctr(87);
eoai;dfrmtn(88);prgtv(89);rstn(90);rtcv(91);
eoi;prmnt(92);prstn(93);rcgnt(94);
eoia;thlgc(95);thrcl(96);xrbtnc(97);
eou;rscfl(98);
euai;spcltv(99);
euaio;prmtn(100);spcltn(101);
eui;rqmnt(102);
euia;pclrty(103);pnltm(104);rgt(105);
euo;vntrsm(106);
iae;dlpt(107);ncrt(108);nst(109);
iao;dsptn(110);mgrtn(111);mplctn(112);nclt(113);ncrt(114);nct(115);ndgt(116);nsprt(117);nstg(118);vbrtnl(119);
ie;ndvsbl(120);nsctd(121);
iea;mdtly(122);mprbl(123);mprls(124);ntrcv(125);nvstg(126);tmchn(127);
ieao;ntgr(128);ntrc(129);
ieo;nfrty(130);
ieoa;mprsnt(131);ntl(132);ntrg(133);
ieou;mschv(134);ntrcs(135);
ieuo;ncrdls(136);
io;dsptn(137);
ioa;nfrmt(138);
ioae;cshdrn(139);ncrpt(140);ntxcd(141);
ioea;bmtrcl(142);
iou;ncgrs(143);
iua;lmnts(144);
iuao;stmln(145);
iuea;nmrbl(146);
iuo;nst(147);
oae;clbrt(148);cnt(149);crbt(150);
oaeu;spnt(151);
oai;cltn(152);cnslt(153);cnt(154);cnvt(155);crptn(156);
oaie;cntm(157);prvct(158);
oea;cmrt(159);cnfdrt(160);pmgrnt(161);
oeai;bsrvtn(162);crltn(163);
oei;cmptn(164);cmptv(165);
oeia;cnvbl(166);
oeiu;cnts(167);
oeu;cnsq(168);
oeui;cnstv(169);prsctn(170);
oi;cmpstn(171);prhbtn(172);
oia;cmbnt(173);cndtl(174);prvsnl(175);scltn(176);
oiae;cnsldt(177);pntfc(178);
oie;cnd(179);
oiea;cnsdrt(180);prlft(181);
oiu;cndm(182);cnsp(183);ntrsly(184);prmsc(185);
oiuae;cnt(186);
ouai;cnjgt(187);cnjrt(188);pstln(189);
oue;trblsm(190);
ouea;cnt(191);
ouei;cntrf(192);
ouiae;cmnt(193);
uaie;stnbl(194);
uaio;flctn(195);pnct(196);
uaioe;ltrv(197);
uea;brcy(198);
ueia;sprfcl(199);
ueio;sprty(200);sprvn(201);
uiao;cltvn(202);hmltry(203);
uio;dplcts(204);sbdvn(205);
uioa;mltn(206);
uoae;nfrt(207);
uoiae;sbrdnt(208);
