ae;mrktplc(1);prnths(2);rngmt(3);
aei;clndst(4);mthcs(5);
aeiu;trnsmd(6);
aeo;ptrns(7);
aeou;dngrsly(8);
ai;Cblstc(9);Kblstc(10);chrsmt(11);cnblsm(12);fscntg(13);grmtcl(14);nrchst(15);prtcn(16);
aie;hndcp(17);mgnfct(18);rgnmt(19);stndrz(20);
aio;bstrcn(21);clrvynt(22);trnsc(23);trnsl(24);
aoe;cknwldg(25);
aoi;Cthlcsm(26);nchrsm(27);pclyt(28);pthlgs(29);ptrnzg(30);
aoie;pntm(31);
aou;srcphg(32);
aui;grnlty(33);
auie;hgtns(34);
auio;trnsf(35);
auo;mnfctry(36);
ea;Nndrthl(37);rmbnc(38);rplcmnt(39);rsmblnc(40);tmprn(41);xtrvgn(42);
eai;hyprctv(43);mngls(44);mrchnds(45);vrlstng(46);vrstly(47);
eao;Frmsny(48);prt(49);schtlgy(50);trhdn(51);
eau;spctlr(52);
ei;Hlnstc(53);crdblty(54);dtrmns(55);flxbty(56);lctry(57);prsctv(58);prstnc(59);psmtc(60);rmnsct(61);slctvy(62);snblty(63);sntvy(64);xcdngly(65);
eia;Nthrlnd(66);dtrmnl(67);prctn(68);prdctbl(69);prlmny(70);sdmntry(71);sntml(72);
eiao;rspty(73);
eio;dscrptn(74);nvrmt(75);prhstc(76);rstcn(77);tchnlr(78);trmnlgy(79);
eioa;mrtcy(80);
eiua;cntrfgl(81);
eo;dvlpmnt(82);grntly(83);mthdlgy(84);ndrsmt(85);prdcs(86);rmsl(87);tchnpb(88);thrm(89);
eoa;dmnstr(90);prfmnc(91);
eoai;dmgrphc(92);prsnlty(93);
eoi;rspnbl(94);
eoia;prdmnt(95);
eui;dstrcv(96);
euio;dstrcn(97);prsmtn(98);
ia;crmnlty(99);mpsvty(100);sgnfct(101);
iae;ndvrt(102);ntrcbl(103);
iao;dfrctn(104);dsprvl(105);dstrcn(106);
ie;dscrnbl(107);dstncv(108);mprtn(109);ndfrt(110);ndpt(111);nfrtly(112);nstcv(113);ntlg(114);ntrp(115);ntrsg(116);ntrvg(117);ntsvly(118);sghtn(119);
iea;mprnt(120);ncrmtl(121);
io;dstnc(122);mcrsp(123);nscrpt(124);
ioe;mprvnt(125);
ioue;mscntr(126);
iu;dstngh(127);lngstc(128);
iuae;dstrbnc(129);nscrtbl(130);
iue;nstrcv(131);
iuo;nstrc(132);
oae;cmfrtbl(133);cmndt(134);nchl(135);stmch(136);
oaei;spnty(137);
oai;cntr(138);cntrp(139);hlgrpc(140);prtgns(141);rgncly(142);tpgrhc(143);
oau;cntrl(144);
oe;blgsphr(145);chlrpn(146);chlstr(147);cnvrg(148);
oea;cmntr(149);cntmpl(150);cntr(151);
oeai;vrlpng(152);
oei;bjctvy(153);cmprsn(154);hyptsz(155);pltrgs(156);prgsn(157);prgsv(158);prsctv(159);
oeia;nscl(160);
oeu;frthg(161);
oi;psblty(162);
oia;hsptly(163);
oiae;cmpltd(164);
oie;cnfmt(165);flshn(166);prfcny(167);
oiea;cntl(168);prty(169);
oiu;cntrb(170);
oiue;cnst(171);
ouae;frtnly(172);
ouai;tsndg(173);
oue;prcmnt(174);
ouea;cntrmd(175);cntrp(176);dcmntry(177);
oui;bstrcn(178);cmnst(179);cnfdg(180);cnjt(181);prtny(182);
ouie;cmbstl(183);
uae;fndmtl(184);nchrtd(185);
uai;plrstc(186);sbtncl(187);sbtnl(188);
uaie;sbtnv(189);
uaio;frstn(190);sbtrcn(191);
uaoi;ltrphnc(192);
ue;spnfl(193);
uea;ncsry(194);
uei;nrltg(195);sbrvnt(196);
ueio;sprn(197);
ueo;frthm(198);ndrg(199);
uie;lmnsct(200);sbjnctv(201);
uiea;nvrsly(202);rdmnty(203);
uioa;nmprt(204);
uoe;flrscnt(205);ndbtly(206);
