aei;dvrst(1);ltrnv(2);mphtn(3);mstrpc(4);mtrls(5);nsthc(6);prcbl(7);
aeio;fctn(8);grtn(9);ltrcn(10);
aeiu;plntrm(11);
aeo;hmrg(12);rchlgy(13);
aeoi;ctgrl(14);hmglbn(15);
ai;prstcl(16);
aie;cnblz(17);frmtv(18);mntc(19);ntcpd(20);prtc(21);snt(22);
aieo;rchplg(23);
aio;clbrtn(24);fbrctn(25);frmtn(26);nlyzt(27);ntly(28);plctn(29);trdnl(30);
aiou;crnvs(31);
aiu;rdclts(32);
aiue;grclt(33);
aiuo;trbn(34);
aoe;cmdt(35);
aoei;plgtcs(36);
aoi;brgdc(37);prbtn(38);prdxcl(39);
aoie;prt(40);prxmt(41);slvt(42);
aue;lcqrw(43);mnfctr(44);
auio;cltn(45);
eai;Rnsc(46);fsblty(47);mtsz(48);rclbt(49);rnsc(50);vnglc(51);
eaio;clbrtn(52);dclrtn(53);mbrktn(54);pntr(55);prtn(56);rctny(57);rsvtn(58);sntl(59);xclmtn(60);xpctn(61);xplnt(62);xtrdn(63);
eao;sprmtz(64);xtrpl(65);
eaoi;grmphb(66);pdgcl(67);
eaou;trchs(68);whrbts(69);
eau;hdqrt(70);msrnt(71);thsr(72);tmpr(73);trsbl(74);
eaui;thrpc(75);
eia;crtf(76);dlvrnc(77);ncst(78);prct(79);xstnl(80);xtrmn(81);
eiao;dsgnt(82);dstn(83);rsptn(84);trmn(85);
eio;bndct(86);rvsnm(87);
eioa;tsmnl(88);xcptnl(89);
eiou;prcts(90);prstg(91);prtns(92);
eiu;xpndtr(93);
eiuo;rtbn(94);
eo;bnvlc(95);strcp(96);
eoa;rcvbl(97);xpctr(98);
eoai;dfrmtn(99);prgtv(100);rstn(101);rtcv(102);
eoi;prmnt(103);prstn(104);rcgnt(105);
eoia;grmphb(106);thlgc(107);thrcl(108);xrbtnc(109);
eou;rscfl(110);
euai;spcltv(111);
euaio;prmtn(112);spcltn(113);
eui;rqmnt(114);
euia;pclrty(115);pnltm(116);rgt(117);
euo;vntrsm(118);
iae;dlpt(119);mntz(120);ncrt(121);nftcd(122);nst(123);
iao;dsptn(124);mgrtn(125);mplctn(126);nclt(127);ncrt(128);nct(129);ndgt(130);nsprt(131);nstg(132);vbrtnl(133);
ie;ndvsbl(134);nsctd(135);
iea;lbrtn(136);mdtly(137);mlnr(138);mprbl(139);mprls(140);ntrcv(141);nvstg(142);tmchn(143);
ieao;nfst(144);ntgr(145);ntrc(146);
ieo;nfrty(147);
ieoa;mprsnt(148);ntl(149);ntrg(150);
ieou;mschv(151);ntrcs(152);
ieuo;ncrdls(153);
io;dsptn(154);
ioa;nfrmt(155);
ioae;cshdrn(156);ncrpt(157);ntxcd(158);
ioea;bmtrcl(159);
iou;ncgrs(160);
iua;lmnts(161);
iuao;stmln(162);stpln(163);trbln(164);
iuea;nmrbl(165);
iuo;nst(166);
oae;clbrt(167);cnt(168);crbt(169);
oaeu;spnt(170);
oai;cltn(171);cnslt(172);cnt(173);cnvt(174);crptn(175);
oaie;cntm(176);prvct(177);
oaue;cnfblt(178);
oea;cmrt(179);cnfdrt(180);pmgrnt(181);
oeai;bsrvtn(182);crltn(183);mlstn(184);prctn(185);
oei;cmptn(186);cmptv(187);
oeia;cnvbl(188);
oeiu;cnts(189);
oeu;cnsq(190);
oeui;cnstv(191);prsctn(192);
oi;cmpstn(193);prhbtn(194);
oia;cmbnt(195);cndtl(196);frnct(197);ntlgc(198);prvsnl(199);scltn(200);
oiae;cnsldt(201);pntfc(202);
oie;cnd(203);
oiea;cnsdrt(204);prlft(205);
oiu;cndm(206);cnsp(207);ntrsly(208);prmsc(209);
oiuae;cnt(210);
ouai;cnjgt(211);cnjrt(212);pstln(213);
oue;trblsm(214);
ouea;cnt(215);
ouei;cntrf(216);
ouiae;cmnt(217);
uaie;stnbl(218);
uaio;flctn(219);pnct(220);
uaioe;ltrv(221);
uea;brcy(222);
ueia;sprfcl(223);
ueio;sprty(224);sprvn(225);
uiao;cltvn(226);hmltry(227);
uio;dplcts(228);sbdvn(229);
uioa;mltn(230);
uoae;nfrt(231);
uoiae;sbrdnt(232);
