ae;mrktplc(1);prnths(2);rngmt(3);
aei;clndst(4);mthcs(5);
aeiu;trnsmd(6);
aeo;ptrns(7);
aeou;dngrsly(8);
ai;Kblstc(9);chrsmt(10);fscntg(11);grmtcl(12);nrchst(13);prtcn(14);
aie;hndcp(15);mgnfct(16);stndrz(17);
aio;bstrcn(18);clrvynt(19);trnsc(20);trnsl(21);
aoe;cknwldg(22);
aoi;nchrsm(23);pclyt(24);pthlgs(25);ptrnzg(26);
aoie;pntm(27);
aou;srcphg(28);
aui;grnlty(29);
auie;hgtns(30);
auio;trnsf(31);
auo;mnfctry(32);
ea;Nndrthl(33);rmbnc(34);rplcmnt(35);rsmblnc(36);tmprn(37);xtrvgn(38);
eai;hyprctv(39);mngls(40);mrchnds(41);vrlstng(42);vrstly(43);
eao;Frmsny(44);prt(45);trhdn(46);
eau;spctlr(47);
ei;Hlnstc(48);crdblty(49);flxbty(50);lctry(51);prsctv(52);prstnc(53);psmtc(54);rmnsct(55);slctvy(56);snblty(57);sntvy(58);xcdngly(59);
eia;Nthrlnd(60);dtrmnl(61);prctn(62);prdctbl(63);prlmny(64);sdmntry(65);sntml(66);
eio;dscrptn(67);nvrmt(68);prhstc(69);rstcn(70);tchnlr(71);trmnlgy(72);
eiua;cntrfgl(73);
eo;dvlpmnt(74);grntly(75);mthdlgy(76);ndrsmt(77);rmsl(78);tchnpb(79);thrm(80);
eoa;dmnstr(81);prfmnc(82);
eoai;dmgrphc(83);prsnlty(84);
eoi;rspnbl(85);
eoia;prdmnt(86);
eui;dstrcv(87);
euio;dstrcn(88);prsmtn(89);
ia;mpsvty(90);sgnfct(91);
iae;ndvrt(92);ntrcbl(93);
iao;dfrctn(94);dsprvl(95);dstrcn(96);
ie;dscrnbl(97);dstncv(98);mprtn(99);ndfrt(100);ndpt(101);nfrtly(102);nstcv(103);ntlg(104);ntrp(105);ntrsg(106);ntrvg(107);ntsvly(108);sghtn(109);
iea;mprnt(110);ncrmtl(111);
io;dstnc(112);mcrsp(113);nscrpt(114);
ioe;mprvnt(115);
ioue;mscntr(116);
iu;dstngh(117);lngstc(118);
iuae;dstrbnc(119);nscrtbl(120);
iue;nstrcv(121);
iuo;nstrc(122);
oae;cmfrtbl(123);cmndt(124);nchl(125);stmch(126);
oaei;spnty(127);
oai;cntr(128);hlgrpc(129);prtgns(130);tpgrhc(131);
oe;blgsphr(132);chlrpn(133);chlstr(134);cnvrg(135);
oea;cmntr(136);cntmpl(137);cntr(138);
oeai;vrlpng(139);
oei;bjctvy(140);cmprsn(141);hyptsz(142);pltrgs(143);prgsn(144);prgsv(145);prsctv(146);
oeia;nscl(147);
oeu;frthg(148);
oi;psblty(149);
oia;hsptly(150);
oiae;cmpltd(151);
oie;cnfmt(152);flshn(153);prfcny(154);
oiea;cntl(155);prty(156);
oiu;cntrb(157);
oiue;cnst(158);
ouae;frtnly(159);
ouai;tsndg(160);
oue;prcmnt(161);
ouea;cntrmd(162);cntrp(163);dcmntry(164);
oui;bstrcn(165);cnfdg(166);cnjt(167);prtny(168);
uae;fndmtl(169);nchrtd(170);
uai;sbtncl(171);sbtnl(172);
uaie;sbtnv(173);
uaio;frstn(174);sbtrcn(175);
uaoi;ltrphnc(176);
uea;ncsry(177);
uei;nrltg(178);
ueio;sprn(179);
ueo;frthm(180);ndrg(181);
uie;lmnsct(182);sbjnctv(183);
uiea;nvrsly(184);rdmnty(185);
uioa;nmprt(186);
uoe;flrscnt(187);ndbtly(188);
