aei;cdmly(1);lphbtc(2);pndcts(3);
aeio;cnlt(4);prhns(5);
aeou;cntkrs(6);
ai;prmlty(7);
aie;dmnstr(8);mgnfc(9);mphtr(10);mphtr(11);nthcl(12);prtcn(13);
aieou;mbdxtrs(14);
aieu;rcht(15);
aio;sntr(16);sphyxtn(17);stfcn(18);
aiu;grclt(19);
aoi;pthlgc(20);strnmcl(21);
aoue;ncmt(22);
aue;mnfctr(23);
auei;thncy(24);
aui;plsbty(25);
auio;mstrbn(26);
auioe;hlcng(27);
ea;prsvnc(28);rmbnc(29);xtrvgnc(30);
eai;vnglstc(31);
eaio;prsnt(32);rltnshp(33);
eao;mtrphs(34);
eaoi;mtphrcl(35);
ei;blgrnc(36);rmnsc(37);
eia;dlbrty(38);dstgmz(39);pntry(40);xprmntl(41);
eiao;prstn(42);rfgt(43);rgstn(44);
eio;prdlctn(45);pstmlgy(46);rphns(47);scnt(48);
eioa;mrtc(49);prdcly(50);
eo;tsrn(51);
eoa;lctrp(52);
eoi;rcltn(53);strcp(54);
eoia;mtrpln(55);rcgnzbl(56);tymlgc(57);
eou;prst(58);
eoui;rpdctn(59);
eu;chsbrg(60);ntrp(61);
euai;nrsthc(62);
euaio;prtbn(63);
euia;nthsc(64);xcrtng(65);
euio;rpcsn(66);rsctn(67);
iae;dscrmnt(68);dsgrmnt(69);dsvntg(70);ncsbl(71);sgnfc(72);
iao;dstln(73);nflmt(74);nfltr(75);nstl(76);
ie;ndfrc(77);ndftly(78);ndpc(79);ntlgb(80);ntlgc(81);ntrpv(82);rvsbl(83);
iea;ntrmdy(84);nxplcb(85);
ieao;dspnt(86);
ieo;ntrms(87);ntrsc(88);ntrv(89);
ieua;ntlc(90);
ioae;dscnlt(91);ncmptbl(92);
ioe;ncmpt(93);
iou;ntrdc(94);
iua;ndvly(95);
iuae;lstrv(96);
iuao;lstrn(97);
iue;nsfct(98);
iueo;nsrct(99);
iuo;dstrbn(100);
oaue;cngrtl(101);
oe;gbldk(102);
oea;cnglmrt(103);dchrn(104);
oeai;cmpnst(105);cndmt(106);cngrt(107);cnsrvt(108);cnsrvt(109);cnvrst(110);phtrlsm(111);
oei;mnthsc(112);
oeia;crtnl(113);prfsnl(114);
oeu;cvtsn(115);
oeua;cmnsrt(116);
oia;cmpltn(117);cnfrmt(118);cnltry(119);cnstp(120);csmpltn(121);prtnl(122);
oiae;cnsldt(123);sphtc(124);
oiea;cnfdtl(125);cnsdrbl(126);
oiu;cnst(127);cntrb(128);prstn(129);
ouai;cnslt(130);cnsmt(131);
ouea;prtbnc(132);
oueai;hswrmng(133);
uae;ncptbl(134);
uaie;qdrplgc(135);
uaoe;nfthmbl(136);
uea;nqchbl(137);sbtrn(138);
ueai;srltc(139);
ueaio;ptrfcn(140);
ueia;srvlnc(141);
ueio;sprtn(142);
uio;jrsdctn(143);sbtn(144);spcly(145);
uo;nscrpl(146);
uoi;sbcn(147);
