aei;cdmly(1);lphbtc(2);
aeio;cnlt(3);prhns(4);
aie;dmnstr(5);mgnfc(6);prtcn(7);
aieu;rcht(8);
aio;sntr(9);stfcn(10);
aiu;grclt(11);
aoue;ncmt(12);
aue;mnfctr(13);
ea;prsvnc(14);rmbnc(15);xtrvgnc(16);
eaio;prsnt(17);rltnshp(18);
ei;rmnsc(19);
eia;dlbrty(20);xprmntl(21);
eiao;prstn(22);rfgt(23);rgstn(24);
eio;prdlctn(25);rphns(26);
eioa;prdcly(27);
eoia;mtrpln(28);rcgnzbl(29);
eoui;rpdctn(30);
eu;ntrp(31);
euaio;prtbn(32);
euia;nthsc(33);
euio;rsctn(34);
iae;dscrmnt(35);dsgrmnt(36);dsvntg(37);ncsbl(38);sgnfc(39);
iao;dstln(40);nfltr(41);nstl(42);
ie;ndfrc(43);ndpc(44);ntlgc(45);rvsbl(46);
iea;ntrmdy(47);
ieo;ntrms(48);ntrsc(49);ntrv(50);
ieua;ntlc(51);
ioae;dscnlt(52);ncmptbl(53);
ioe;ncmpt(54);
iou;ntrdc(55);
iua;ndvly(56);
iuae;lstrv(57);
iuao;lstrn(58);
iue;nsfct(59);
iuo;dstrbn(60);
oaue;cngrtl(61);
oea;cnglmrt(62);
oeai;cndmt(63);cnsrvt(64);cnsrvt(65);cnvrst(66);
oeia;prfsnl(67);
oeu;cvtsn(68);
oia;cmpltn(69);cnfrmt(70);cnltry(71);cnstp(72);csmpltn(73);prtnl(74);
oiae;cnsldt(75);sphtc(76);
oiea;cnfdtl(77);cnsdrbl(78);
oiu;cnst(79);cntrb(80);prstn(81);
oueai;hswrmng(82);
uae;ncptbl(83);
uea;nqchbl(84);
ueia;srvlnc(85);
ueio;sprtn(86);
uio;jrsdctn(87);sbtn(88);spcly(89);
uo;nscrpl(90);
