aei;cdmly(1);lphbtc(2);pndcts(3);
aeio;cnlt(4);prhns(5);
aeou;cntkrs(6);
ai;prmlty(7);
aie;dmnstr(8);mgnfc(9);mphtr(10);mphtr(11);prtcn(12);
aieou;mbdxtrs(13);
aieu;rcht(14);
aio;sntr(15);sphyxtn(16);stfcn(17);
aiu;grclt(18);
aoue;ncmt(19);
aue;mnfctr(20);
auei;thncy(21);
aui;plsbty(22);
auio;mstrbn(23);
auioe;hlcng(24);
ea;prsvnc(25);rmbnc(26);xtrvgnc(27);
eai;vnglstc(28);
eaio;prsnt(29);rltnshp(30);
eao;mtrphs(31);
eaoi;mtphrcl(32);
ei;rmnsc(33);
eia;dlbrty(34);dstgmz(35);pntry(36);xprmntl(37);
eiao;prstn(38);rfgt(39);rgstn(40);
eio;prdlctn(41);rphns(42);
eioa;prdcly(43);
eoi;rcltn(44);strcp(45);
eoia;mtrpln(46);rcgnzbl(47);tymlgc(48);
eoui;rpdctn(49);
eu;chsbrg(50);ntrp(51);
euai;nrsthc(52);
euaio;prtbn(53);
euia;nthsc(54);xcrtng(55);
euio;rpcsn(56);rsctn(57);
iae;dscrmnt(58);dsgrmnt(59);dsvntg(60);ncsbl(61);sgnfc(62);
iao;dstln(63);nflmt(64);nfltr(65);nstl(66);
ie;ndfrc(67);ndpc(68);ntlgb(69);ntlgc(70);ntrpv(71);rvsbl(72);
iea;ntrmdy(73);nxplcb(74);
ieo;ntrms(75);ntrsc(76);ntrv(77);
ieua;ntlc(78);
ioae;dscnlt(79);ncmptbl(80);
ioe;ncmpt(81);
iou;ntrdc(82);
iua;ndvly(83);
iuae;lstrv(84);
iuao;lstrn(85);
iue;nsfct(86);
iueo;nsrct(87);
iuo;dstrbn(88);
oaue;cngrtl(89);
oea;cnglmrt(90);dchrn(91);
oeai;cmpnst(92);cndmt(93);cngrt(94);cnsrvt(95);cnsrvt(96);cnvrst(97);phtrlsm(98);
oei;mnthsc(99);
oeia;crtnl(100);prfsnl(101);
oeu;cvtsn(102);
oeua;cmnsrt(103);
oia;cmpltn(104);cnfrmt(105);cnltry(106);cnstp(107);csmpltn(108);prtnl(109);
oiae;cnsldt(110);sphtc(111);
oiea;cnfdtl(112);cnsdrbl(113);
oiu;cnst(114);cntrb(115);prstn(116);
ouai;cnslt(117);
ouea;prtbnc(118);
oueai;hswrmng(119);
uae;ncptbl(120);
uaie;qdrplgc(121);
uea;nqchbl(122);sbtrn(123);
ueai;srltc(124);
ueaio;ptrfcn(125);
ueia;srvlnc(126);
ueio;sprtn(127);
uio;jrsdctn(128);sbtn(129);spcly(130);
uo;nscrpl(131);
