aeoi;rchlgst(1);
aieo;mnfst(2);
aio;mgnfct(3);prtcn(4);snt(5);
aiou;snctm(6);
aoi;cmdtn(7);
aui;Trnsc(8);
auie;cqnt(9);
auio;hlcnt(10);
auoi;tbgrphy(11);tmcly(12);
eaio;rvbtn(13);
eaoi;xtrpln(14);
eia;Mdtrn(15);
eiao;crtfn(16);dtrmn(17);frtlzn(18);prctn(19);rctfn(20);rgmnt(21);sdmnt(22);spcftn(23);xtrmn(24);
eioa;smlgc(25);
eiou;nghbrd(26);
eoi;dcmpstn(27);mtrlgs(28);
eoia;prstnl(29);
eouia;xcmnt(30);
euoi;psdcn(31);
iae;mtrls(32);
iaeo;ncrt(33);
iaeou;nst(34);
iao;nsprtl(35);
iaoe;nprt(36);
iea;dfrnt(37);
ieao;ntrl(38);nvstg(39);
ieaou;mscln(40);
ieoa;ntrg(41);ntrpl(42);
ioa;ncrpt(43);
ioea;ncvbl(44);
iuae;ndstrlz(45);
iuao;dsfgrtn(46);
iue;ntvs(47);
oaei;cnt(48);rnmt(49);
oai;clbrtn(50);glbztn(51);hlprtn(52);
oaie;cmpsnt(53);
oeuai;cnptlz(54);
oiea;cnsdrt(55);
oieu;cnst(56);
oiua;cnfgrt(57);
oueai;dcmnt(58);
ouia;cmnt(59);prnct(60);
uaie;nstfbl(61);qdrlt(62);
uaio;vlgrstn(63);
uea;sprntd(64);
ueia;ndrstm(65);
ueio;srpt(66);
uiao;Rsfctn(67);jstfcn(68);mltn(69);
uoia;ncdtl(70);sbrdnt(71);
