a;brnch(1);brndy(2);bwdry(3);byps(4);clsy(5);crnky(6);crpy(7);drchm(8);drfty(9);flby(10);flpy(11);flty(12);lrynx(13);mrty(14);prtly(15);psby(16);pstry(17);scrwl(18);shby(19);shrnk(20);sntch(21);splh(22);strnd(23);swnky(24);sylvn(25);syntx(26);thnks(27);thrl(28);thrs(29);thwr(30);tyrn(31);
e;chry(32);clnh(33);cyphr(34);gntly(35);lngth(36);mthyl(37);myslf(38);plnty(39);prty(40);psych(41);sktch(42);sntry(43);stnch(44);str(45);sytm(46);trnch(47);trndy(48);twny(49);
i;blght(50);brght(51);chrst(52);clnh(53);dnghy(54);flght(55);flnch(56);flthy(57);frght(58);frsky(59);gltch(60);grsly(61);hgly(62);hybrd(63);knght(64);mystc(65);plght(66);prmly(67);rghts(68);scrpt(69);shrl(70);shrmp(71);shrnk(72);skny(73);slght(74);smply(75);smthy(76);sntch(77);sprng(78);sprnt(79);stcky(80);strc(81);strng(82);swtch(83);tdly(84);thrf(85);thrl(86);thrs(87);twch(88);
o;chyrn(89);clmpy(90);cmply(91);crth(92);cybrg(93);grwth(94);prmt(95);scrh(96);scrl(97);slpy(98);sprt(99);stcky(100);strl(101);strng(102);symbl(103);thrny(104);trphy(105);
u;blry(106);chnky(107);chr(108);clmpy(109);clmsy(110);clnky(111);clth(112);crnh(113);crth(114);crtly(115);crtsy(116);fly(117);frmpy(118);grmpy(119);hngry(120);phylm(121);sclpt(122);scrvy(123);scry(124);sngly(125);sply(126);stdly(127);strdy(128);thrs(129);
