a;brnch(1);bwdry(2);byps(3);clsy(4);crnky(5);crpy(6);flby(7);flpy(8);flty(9);lrynx(10);mrty(11);prtly(12);psby(13);pstry(14);scrwl(15);shby(16);shrnk(17);sntch(18);splh(19);swnky(20);syntx(21);thnks(22);thrs(23);thwr(24);tyrn(25);
e;chry(26);clnh(27);cyphr(28);gntly(29);lngth(30);myslf(31);plnty(32);prty(33);psych(34);sktch(35);sntry(36);stnch(37);str(38);sytm(39);trndy(40);twny(41);
i;brght(42);chrst(43);dnghy(44);flght(45);flnch(46);flthy(47);frght(48);frsky(49);gltch(50);grsly(51);hgly(52);hybrd(53);knght(54);mystc(55);plght(56);prmly(57);rghts(58);scrpt(59);shrl(60);shrmp(61);shrnk(62);skny(63);slght(64);smply(65);sntch(66);sprng(67);sprnt(68);stcky(69);strc(70);strng(71);swtch(72);tdly(73);thrf(74);thrl(75);thrs(76);twch(77);
o;cmply(78);crth(79);grwth(80);prmt(81);scrh(82);scrl(83);sprt(84);stcky(85);strng(86);symbl(87);
u;blry(88);chr(89);clmsy(90);clth(91);crnh(92);crth(93);crtly(94);frmpy(95);grmpy(96);hngry(97);phylm(98);sclpt(99);scrvy(100);scry(101);sply(102);strdy(103);thrs(104);
