Aeia;mrc(1);
Uaie;krn(2);
ae;vrg(3);
aeo;wsm(4);
aeoi;rbc(5);
aeou;gs(6);
aeu;mtr(7);plt(8);sxl(9);
aie;chv(10);gt(11);mbl(12);nmt(13);pr(14);rdt(15);vrc(16);
aio;vtr(17);
aiou;nxs(18);vrs(19);
aiue;flr(20);ftg(21);ntq(22);
aoe;vms(23);
aoie;gnz(24);
aou;rsl(25);
aoue;crs(26);
aue;dlt(27);htr(28);mrq(29);sg(30);sg(31);str(32);
auie;cqr(33);spc(34);
auio;ctn(35);ctn(36);
auo;fts(37);rds(38);
e;rf(39);
ea;lvt(40);mnt(41);rls(42);tng(43);
eai;rgl(44);rlz(45);vs(46);xmn(47);
eaio;ltn(48);vsn(49);
eaou;jls(50);zls(51);
eau;bcs(52);ftr(53);msr(54);rs(55);
ei;blv(56);bsg(57);dcv(58);dfc(59);rcv(60);
eia;mdt(61);
eio;dtn(62);psd(63);
eiou;nvs(64);sr(65);tds(66);
eiu;lsr(67);pcr(68);
eoi;mtn(69);rjc(70);rsn(71);
eou;sp(72);
eu;rfg(73);rvn(74);xct(75);
eua;dct(76);
eui;bgl(77);gn(78);lsv(79);rnt(80);rq(81);sqr(82);
euia;tql(83);
euio;lsn(84);rn(85);
euo;dmn(86);
ia;ntl(87);
iae;mgn(88);mt(89);vt(90);
iao;dlg(91);
iea;ds(92);tr(93);
ieou;hds(94);
ioae;slt(95);vlt(96);
ioe;nvc(97);pnr(98);
iou;vcs(99);
iua;mnt(100);
iue;nqr(101);
oae;ftg(102);
oe;frs(103);smn(104);
oea;prt(105);
oeu;nrs(106);
oi;pn(107);
oiae;bvt(108);
oie;nm(109);
oiu;bvs(110);cps(111);mns(112);nxs(113);
oiue;blq(114);
ou;tdr(115);tlk(116);
ouae;crg(117);trg(118);
oue;bqt(119);tcm(120);
ouie;cr(121);tln(122);tsd(123);
ue;sqz(124);
uea;nql(125);
uie;lmr(126);scd(127);tlz(128);
uio;crs(129);dbs(130);frs(131);tn(132);
uoia;tpn(133);
