Aeia;mrc(1);
Uaie;krn(2);
ae;Png(3);ps(4);vrg(5);
aei;nmc(6);
aeo;wsm(7);
aeoi;lv(8);rbc(9);
aeou;gs(10);
aeu;mtr(11);plt(12);sxl(13);
ai;Glc(14);
aie;chv(15);gt(16);mbl(17);mls(18);nmt(19);pr(20);rdt(21);vrc(22);
aio;rfl(23);vtr(24);
aiou;blt(25);nxs(26);vrs(27);
aiue;flr(28);ftg(29);ntq(30);
ao;vcd(31);
aoe;bln(32);vms(33);
aoie;gnz(34);
aou;rsl(35);
aoue;crs(36);
aue;ct(37);dlt(38);htr(39);mcq(40);mrq(41);sg(42);sg(43);str(44);
auie;cqr(45);qfr(46);spc(47);
auio;ctn(48);ctn(49);
auo;fts(50);rds(51);vcs(52);
e;rf(53);xgt(54);
ea;brv(55);lvt(56);mnt(57);rls(58);tng(59);
eai;rgl(60);rlz(61);vs(62);xmn(63);
eaio;ltn(64);vsn(65);
eaou;jls(66);zls(67);
eau;bcs(68);ftr(69);msr(70);rs(71);
ei;blv(72);bsg(73);dcv(74);dfc(75);rcv(76);
eia;dvt(77);mdt(78);
eio;dtn(79);lsn(80);psd(81);
eiou;nvs(82);sr(83);tds(84);
eiu;lsr(85);pcr(86);
eoi;Grd(87);bnt(88);mtn(89);rjc(90);rsn(91);
eoia;rtc(92);
eou;sp(93);
eu;rfg(94);rvn(95);xct(96);
eua;dct(97);mlt(98);
eui;bgl(99);gn(100);lsv(101);rnt(102);rq(103);sqr(104);
euia;tql(105);
euio;lsn(106);rn(107);
euo;dmn(108);
ia;ntl(109);
iae;mgn(110);mt(111);vt(112);
iao;dlg(113);lsn(114);
iea;ds(115);nrt(116);tr(117);
ieou;hds(118);
ioa;cbr(119);drm(120);
ioae;slt(121);vlt(122);
ioe;dx(123);nvc(124);pnr(125);stp(126);
iou;vcs(127);
ioua;bvc(128);
iua;mnt(129);
iue;nqr(130);
oae;ftg(131);
oai;vtn(132);
oaie;cn(133);
oe;frs(134);smn(135);
oea;prt(136);
oeu;nrs(137);
oi;pn(138);
oia;Rdn(139);rgm(140);
oiae;bvt(141);flg(142);
oie;nm(143);rfc(144);xdz(145);
oiu;bvs(146);cps(147);mns(148);nxs(149);
oiue;blq(150);
ou;lkt(151);tdr(152);tlk(153);
ouae;crg(154);trg(155);
oue;bqt(156);tcm(157);
ouie;cr(158);rtn(159);tln(160);tsd(161);
uai;rnm(162);
ue;sqz(163);
uea;nql(164);
uia;blm(165);
uiae;rnt(166);
uie;lmr(167);scd(168);tlz(169);
uio;crs(170);dbs(171);frs(172);tn(173);
uoia;tpn(174);
