a;bckwrd(1);bstrc(2);ctlys(3);frgnt(4);hystck(5);lndmrk(6);mrksn(7);phrmcy(8);prtfl(9);stndr(10);trnsc(11);
ae;Flndrs(12);clmns(13);drkns(14);flws(15);frgmnt(16);mthys(17);mtrs(18);psrby(19);scrbl(20);scrly(21);scrmbl(22);smbly(23);spltr(24);strgy(25);strng(26);strngl(27);sylb(28);tpsry(29);trnsc(30);trnsf(31);wrngl(32);
ai;Snskrt(33);chrmng(34);chsty(35);clsfy(36);dzlng(37);flgshp(38);frthng(39);lndf(40);nythg(41);rtsy(42);scrty(43);scthng(44);strfh(45);strgh(46);strvng(47);synptc(48);trnsfx(49);trnsm(50);
ao;bckdrp(51);pltfrm(52);psrt(53);pswrd(54);rhpsdy(55);scfld(56);stndf(57);thrldm(58);
au;brptly(59);hndcf(60);kshrt(61);wtchfl(62);
e;crsnt(63);dcyphr(64);lngth(65);ntrch(66);nwlyd(67);rckls(68);rcntly(69);tndcy(70);vstmn(71);
ea;fntyl(72);gplnt(73);hncm(74);hrldy(75);mrchnt(76);prgnt(77);stlhy(78);trsp(79);
ei;dyslxc(80);hystrc(81);prcnt(82);prsng(83);rstc(84);splnd(85);
eo;mltdwn(86);mtny(87);splndr(88);
eu;chstn(89);spctrm(90);
i;Cyrlc(91);chlds(92);cynsm(93);dstnc(94);dstrc(95);gmcky(96);kngshp(97);lnchp(98);mdnght(99);mnstry(100);nstc(101);skrmh(102);smplfy(103);spfng(104);strkng(105);thnkg(106);twlgh(107);
ia;brthdy(108);chvlry(109);dsptch(110);dstrc(111);flpnt(112);mstch(113);nftry(114);vbrncy(115);wthdr(116);
ie;brghtn(117);chldrn(118);cylndr(119);dstr(120);frghtn(121);ntly(122);scrbl(123);sprnkl(124);sprnt(125);stcklr(126);strdn(127);strp(128);swndlr(129);thrl(130);
io;hgbrn(131);scr(132);sng(133);
iu;blsf(134);ndstry(135);nstrc(136);sklf(137);
o;cnfrt(138);lckdwn(139);plygt(140);wrkfl(141);
oa;Sctlnd(142);blwhrd(143);cnst(144);cntr(145);cntrs(146);cntry(147);dwnr(148);glsry(149);mnrchy(150);nrmlcy(151);plygm(152);plymth(153);prbly(154);
oe;cmprs(155);cngrs(156);cntmp(157);cnts(158);crky(159);frts(160);prgs(161);prhcy(162);prhsy(163);prly(164);prsct(165);prty(166);syndrm(167);thrl(168);
oi;Sctsh(169);cnflt(170);hrnbl(171);hypns(172);hypntc(173);psbly(174);shpng(175);symblc(176);synptc(177);
ou;bstrc(178);cnjt(179);scrnfl(180);shrtc(181);
ua;Thrsdy(182);brgly(183);sbtrc(184);
ue;crny(185);flnty(186);rthls(187);sbtly(188);sclry(189);sdnly(190);spr(191);strgl(192);thrs(193);tngs(194);
ui;dmplng(195);mltpy(196);scnt(197);scrtny(198);slgh(199);stfng(200);stng(201);
uo;gltny(202);stbrn(203);
