a;bckwrd(1);bstrc(2);ctlys(3);frgnt(4);hystck(5);lndmrk(6);mrksn(7);phrmcy(8);prtfl(9);stndr(10);trnsc(11);
ae;Flndrs(12);clmns(13);drkns(14);flws(15);frgmnt(16);mtrs(17);psrby(18);scrbl(19);scrly(20);scrmbl(21);smbly(22);spltr(23);strgy(24);strng(25);strngl(26);sylb(27);trnsc(28);trnsf(29);wrngl(30);
ai;Snskrt(31);chrmng(32);chsty(33);clsfy(34);dzlng(35);flgshp(36);frthng(37);lndf(38);nythg(39);rtsy(40);scrty(41);scthng(42);strfh(43);strgh(44);strvng(45);synptc(46);trnsfx(47);trnsm(48);
ao;bckdrp(49);pltfrm(50);psrt(51);pswrd(52);rhpsdy(53);scfld(54);stndf(55);thrldm(56);
au;brptly(57);hndcf(58);kshrt(59);wtchfl(60);
e;dcyphr(61);lngth(62);ntrch(63);nwlyd(64);rckls(65);rcntly(66);tndcy(67);
ea;gplnt(68);hncm(69);hrldy(70);mrchnt(71);prgnt(72);stlhy(73);trsp(74);
ei;dyslxc(75);hystrc(76);prcnt(77);prsng(78);rstc(79);splnd(80);
eo;mltdwn(81);splndr(82);
eu;chstn(83);spctrm(84);
i;Cyrlc(85);chlds(86);cynsm(87);dstnc(88);dstrc(89);gmcky(90);kngshp(91);lnchp(92);mdnght(93);mnstry(94);nstc(95);skrmh(96);smplfy(97);spfng(98);strkng(99);thnkg(100);twlgh(101);
ia;brthdy(102);chvlry(103);dsptch(104);dstrc(105);flpnt(106);mstch(107);nftry(108);vbrncy(109);wthdr(110);
ie;brghtn(111);chldrn(112);cylndr(113);dstr(114);frghtn(115);ntly(116);scrbl(117);sprnkl(118);sprnt(119);stcklr(120);strp(121);swndlr(122);thrl(123);
io;hgbrn(124);scr(125);sng(126);
iu;blsf(127);ndstry(128);nstrc(129);sklf(130);
o;cnfrt(131);plygt(132);wrkfl(133);
oa;Sctlnd(134);blwhrd(135);cnst(136);cntr(137);cntrs(138);cntry(139);dwnr(140);glsry(141);mnrchy(142);nrmlcy(143);plymth(144);prbly(145);
oe;cmprs(146);cngrs(147);cntmp(148);cnts(149);crky(150);frts(151);prgs(152);prhcy(153);prhsy(154);prly(155);prsct(156);prty(157);syndrm(158);thrl(159);
oi;Sctsh(160);cnflt(161);hrnbl(162);hypns(163);hypntc(164);psbly(165);shpng(166);symblc(167);synptc(168);
ou;bstrc(169);cnjt(170);scrnfl(171);shrtc(172);
ua;Thrsdy(173);brgly(174);sbtrc(175);
ue;crny(176);flnty(177);rthls(178);sbtly(179);sclry(180);sdnly(181);spr(182);strgl(183);thrs(184);tngs(185);
ui;dmplng(186);mltpy(187);scnt(188);scrtny(189);slgh(190);stfng(191);stng(192);
uo;gltny(193);stbrn(194);
