a;bckwrd(1);bstrc(2);ctlys(3);frgnt(4);phrmcy(5);prtfl(6);stndr(7);trnsc(8);
ae;clmns(9);drkns(10);frgmnt(11);mtrs(12);psrby(13);scrbl(14);scrly(15);scrmbl(16);smbly(17);strgy(18);strng(19);strngl(20);sylb(21);trnsc(22);trnsf(23);wrngl(24);
ai;chrmng(25);clsfy(26);dzlng(27);flgshp(28);frthng(29);nythg(30);rtsy(31);scrty(32);strfh(33);strgh(34);strvng(35);trnsm(36);
ao;pltfrm(37);psrt(38);pswrd(39);rhpsdy(40);scfld(41);stndf(42);
au;brptly(43);hndcf(44);wtchfl(45);
e;dcyphr(46);lngth(47);ntrch(48);nwlyd(49);rckls(50);rcntly(51);tndcy(52);
ea;gplnt(53);mrchnt(54);prgnt(55);trsp(56);
ei;hystrc(57);prsng(58);rstc(59);splnd(60);
eo;splndr(61);
eu;chstn(62);spctrm(63);
i;chlds(64);cynsm(65);dstnc(66);dstrc(67);lnchp(68);mdnght(69);mnstry(70);nstc(71);skrmh(72);smplfy(73);strkng(74);thnkg(75);twlgh(76);
ia;brthdy(77);dsptch(78);dstrc(79);flpnt(80);mstch(81);nftry(82);vbrncy(83);wthdr(84);
ie;brghtn(85);chldrn(86);cylndr(87);dstr(88);frghtn(89);ntly(90);scrbl(91);stcklr(92);strp(93);swndlr(94);thrl(95);
io;hgbrn(96);scr(97);
iu;ndstry(98);nstrc(99);sklf(100);
o;cnfrt(101);wrkfl(102);
oa;Sctlnd(103);blwhrd(104);cnst(105);cntr(106);cntrs(107);cntry(108);dwnr(109);glsry(110);mnrchy(111);prbly(112);
oe;cmprs(113);cngrs(114);cnts(115);crky(116);frts(117);prgs(118);prhcy(119);prhsy(120);prly(121);prsct(122);prty(123);thrl(124);
oi;cnflt(125);hrnbl(126);hypntc(127);psbly(128);shpng(129);symblc(130);
ou;bstrc(131);cnjt(132);scrnfl(133);shrtc(134);
ua;Thrsdy(135);brgly(136);sbtrc(137);
ue;crny(138);flnty(139);rthls(140);sbtly(141);sclry(142);spr(143);strgl(144);thrs(145);
ui;dmplng(146);mltpy(147);scnt(148);scrtny(149);slgh(150);stfng(151);stng(152);
uo;gltny(153);stbrn(154);
