Ie;nvrs(1);
a;chrltn(2);prgh(3);
ae;bckpln(4);bckwtr(5);brtnd(6);chlng(7);chmpgn(8);chrt(9);clsmt(10);crpnt(11);dvrsy(12);fltnd(13);frtnl(14);ftrwd(15);hstbl(16);lndscp(17);mprsnd(18);plntry(19);prhnd(20);prtmn(21);psngr(22);rchtyp(23);scndt(24);scrmnt(25);shrpn(26);stmn(27);strgm(28);trdmk(29);trnsl(30);wrntd(31);wstlnd(32);wtrfl(33);wtrmk(34);wtrshd(35);
aei;dvrsty(36);lchmst(37);mkshft(38);mtrny(39);rstng(40);snhdr(41);
aeo;csry(42);frmwk(43);
aeu;crfly(44);wstrck(45);
ai;Cblsm(46);Cblst(47);Kblsm(48);Kblst(49);blstc(50);cls(51);cndy(52);cplry(53);cptvy(54);csdng(55);fntsc(56);mtrch(57);nclry(58);nrchsm(59);nrchst(60);plng(61);plnsm(62);plntf(63);plsmtc(64);prctl(65);prgmtc(66);prtly(67);ptrch(68);rbty(69);rthc(70);rths(71);shmn(72);srct(73);stbly(74);stc(75);stn(76);vndlsm(77);
aie;bstn(78);crtdg(79);fncs(80);frnchs(81);hrbng(82);lgnmt(83);mchnry(84);mlsy(85);rtly(86);trns(87);
aio;Cprcn(88);hndwrk(89);mtrny(90);
aiu;gymns(91);
ao;bndwg(92);cmpny(93);crdb(94);dshbr(95);lbtrs(96);nthlgy(97);pthlgy(98);scrpbk(99);strbd(100);strlgy(101);strnmy(102);
aoe;bhrnt(103);drnmt(104);lwnmr(105);ndrgy(106);
aoi;bsrng(107);lgrthm(108);trnsc(109);
au;clstrm(110);snctry(111);
aue;hmbrg(112);slghtr(113);trnsm(114);
aui;bsrdty(115);hydrlc(116);trcks(117);
auo;stry(118);
e;Sptmbr(119);dcrmnt(120);dpnt(121);dtrn(122);mrgncy(123);prcdnt(124);prfd(125);rphnd(126);rplnt(127);rpsnt(128);xclnt(129);
ea;Wdnsy(130);brkfst(131);chkmt(132);dfnt(133);gnrly(134);gntlm(135);hrtfl(136);hypnt(137);hyprl(138);lgndry(139);mbrs(140);mrcny(141);ncsry(142);pntgrm(143);prmnt(144);prvlnt(145);rctngl(146);rnstly(147);sdntry(148);sgmntl(149);smblnc(150);spctl(151);tlphy(152);trmn(153);tsmn(154);tsrc(155);xmplry(156);xpctn(157);ystrd(158);
eai;crtnly(159);crtny(160);dmng(161);dprvty(162);lthrgc(163);mchns(164);mchns(165);mntly(166);rgdn(167);schmt(168);stblh(169);trdml(170);
eao;brkdwn(171);dcthln(172);spctr(173);swthp(174);
ei;Hlnsm(175);Hlnst(176);bgn(177);clbrty(178);cntr(179);dclng(180);dtrmn(181);dxtry(182);frght(183);mblsh(184);nlght(185);prcdng(186);prhy(187);prscb(188);prscnt(189);prsdnt(190);prtn(191);prts(192);psm(193);rplnsh(194);sntm(195);thncy(196);vntrcl(197);xmplfy(198);
eia;dfntly(199);rplcnt(200);rpmnd(201);scptl(202);skptcl(203);spcly(204);sphrcl(205);
eio;try(206);
eiu;plntf(207);
eo;Pntcs(208);dstry(209);mtrlgy(210);rclt(211);rcmnd(212);tlphny(213);tymlg(214);xcrty(215);xtrv(216);
eoa;btrhl(217);dmcry(218);grphy(219);hyprbl(220);scndry(221);thcry(222);tmpry(223);
eoi;mthds(224);mthds(225);
eu;frqncy(226);rcmbnt(227);rcnt(228);rflgnt(229);rsct(230);rsntfl(231);splchr(232);
eua;mnstrl(233);rdnt(234);rlctn(235);rpgnt(236);rsltn(237);
eui;rfbsh(238);
euo;prcs(239);psdnym(240);
i;ntrsc(241);
ia;Chrstn(242);brlnt(243);dgntry(244);dphrgm(245);dsml(246);dsprty(247);mgrnt(248);ndgt(249);physcn(250);prncl(251);smlry(252);sntrl(253);whmscl(254);
iae;brlnc(255);dschrg(256);dsmntl(257);frstnm(258);hndrc(259);nghtmr(260);
iao;mgrty(261);
ie;csgndr(262);ctznry(263);dfrnt(264);dsnt(265);dsntr(266);dvrgnt(267);dvrsty(268);gbrsh(269);kldrn(270);lfsty(271);lmts(272);mplnt(273);mpndg(274);mrsng(275);ncrmt(276);ndmty(277);ntlc(278);ntrcp(279);ntrjc(280);ntrp(281);ntrsc(282);ntsfy(283);ntsy(284);prncl(285);scnt(286);scntm(287);sncrly(288);
iea;dsprl(289);dsrg(290);fshrmn(291);hrcy(292);ltry(293);ncst(294);whts(295);
ieo;drcty(296);nvtry(297);
ieu;ntrp(298);
io;dchtmy(299);mcrs(300);phlgy(301);symb(302);
ioa;bgrphy(303);blrd(304);clpbrd(305);dplmcy(306);hstgrm(307);mprtn(308);nfrmt(309);
ioe;dscptr(310);dscvry(311);dshnt(312);ncrt(313);
iu;crty(314);dfclt(315);
iua;trby(316);trmphl(317);vrtly(318);
iue;ncmbt(319);ndlgt(320);nsrgt(321);
o;csmlgy(322);phnlgy(323);shtdwn(324);
oa;brdcst(325);brdn(326);btsrp(327);cnst(328);lfctry(329);
oae;mnstry(330);shckwv(331);wrkplc(332);
oai;brmntc(333);cmplnt(334);frmlty(335);hypmnc(336);nstlgc(337);prfnty(338);wmnkd(339);
oau;nslght(340);
oe;bkshlf(341);cmpnt(342);cmptn(343);cntd(344);cntdr(345);crsv(346);gyrscp(347);hmfrnt(348);hmgrwn(349);hnycmb(350);knwldg(351);prcs(352);prfs(353);prjct(354);prl(355);prnt(356);prts(357);prty(358);spngb(359);tmbsn(360);vrthw(361);vrwhlm(362);wrkfc(363);
oea;rchst(364);vrwtch(365);
oei;crygn(366);lngvty(367);phntcs(368);pstry(369);smthng(370);vrsght(371);wnrshp(372);
oeu;cns(373);wndrfl(374);
oi;cmdty(375);drmty(376);flwng(377);ftprn(378);hstly(379);lncth(380);prmsng(381);prxmty(382);
oia;bstncy(383);cmplnt(384);cmsr(385);crsnt(386);dystpn(387);
oie;byfrnd(388);clkws(389);cmngl(390);cndmt(391);cnfdt(392);cnt(393);crsf(394);frbdn(395);frstb(396);hypntz(397);prmnt(398);
ou;cndrm(399);cndtr(400);mnstr(401);
oue;cngrt(402);crnt(403);scndrl(404);yngstr(405);
oui;bscrty(406);clts(407);cltsm(408);cmns(409);cmnst(410);cmnty(411);tskr(412);
uae;fndmt(413);frst(414);nchrtd(415);nscthd(416);qrtly(417);sbtnc(418);scrtbl(419);srchg(420);
uai;plrsm(421);thmbnl(422);vlgrty(423);
uao;prgty(424);
ue;jdgmnt(425);pbscnt(426);sclnt(427);sclptr(428);srnd(429);strc(430);trbln(431);
uea;sprmcy(432);
uei;blprnt(433);nrvg(434);wthrng(435);
ueo;gswrk(436);prmst(437);scr(438);trms(439);
ui;hbrstc(440);nwlg(441);
uia;lbrcnt(442);plry(443);
uie;frtls(444);sbcr(445);
uio;crfm(446);
uoa;cstmry(447);plmnry(448);
uoe;snflwr(449);
