a;chrltn(1);prgh(2);
ae;brtnd(3);chlng(4);chmpgn(5);chrt(6);clsmt(7);crpnt(8);dvrsy(9);fltnd(10);frtnl(11);ftrwd(12);hstbl(13);lndscp(14);mprsnd(15);prhnd(16);prtmn(17);psngr(18);rchtyp(19);scndt(20);shrpn(21);stmn(22);trdmk(23);trnsl(24);wrntd(25);wstlnd(26);wtrfl(27);wtrmk(28);
aei;rstng(29);
aeo;csry(30);frmwk(31);
aeu;crfly(32);
ai;cls(33);cndy(34);cplry(35);csdng(36);fntsc(37);mtrch(38);nclry(39);nrchst(40);plng(41);plntf(42);prctl(43);prgmtc(44);prtly(45);rbty(46);srct(47);stbly(48);stc(49);stn(50);
aie;bstn(51);fncs(52);frnchs(53);lgnmt(54);mchnry(55);rtly(56);trns(57);
aio;mtrny(58);
aiu;gymns(59);
ao;cmpny(60);dshbr(61);lbtrs(62);
aoe;drnmt(63);lwnmr(64);
aoi;bsrng(65);lgrthm(66);
au;snctry(67);
aue;hmbrg(68);slghtr(69);trnsm(70);
aui;bsrdty(71);
e;Sptmbr(72);dcrmnt(73);dpnt(74);mrgncy(75);prcdnt(76);prfd(77);rphnd(78);rplnt(79);rpsnt(80);xclnt(81);
ea;Wdnsy(82);brkfst(83);chkmt(84);dfnt(85);gnrly(86);gntlm(87);hrtfl(88);lgndry(89);mbrs(90);ncsry(91);pntgrm(92);prmnt(93);rctngl(94);rnstly(95);sdntry(96);smblnc(97);spctl(98);trmn(99);tsrc(100);xmplry(101);xpctn(102);ystrd(103);
eai;crtnly(104);crtny(105);dmng(106);mchns(107);rgdn(108);schmt(109);stblh(110);trdml(111);
eao;brkdwn(112);dcthln(113);spctr(114);
ei;bgn(115);clbrty(116);cntr(117);dclng(118);nlght(119);prcdng(120);prscb(121);prsdnt(122);prtn(123);psm(124);rplnsh(125);sntm(126);xmplfy(127);
eia;rpmnd(128);skptcl(129);spcly(130);
eio;try(131);
eiu;plntf(132);
eo;dstry(133);rclt(134);rcmnd(135);xcrty(136);xtrv(137);
eoa;btrhl(138);dmcry(139);grphy(140);scndry(141);thcry(142);tmpry(143);
eoi;mthds(144);
eu;frqncy(145);rcmbnt(146);rflgnt(147);rsct(148);rsntfl(149);
eua;rdnt(150);rlctn(151);rsltn(152);
eui;rfbsh(153);
euo;prcs(154);
i;ntrsc(155);
ia;Chrstn(156);brlnt(157);dsml(158);dsprty(159);mgrnt(160);ndgt(161);physcn(162);prncl(163);smlry(164);
iae;brlnc(165);dschrg(166);dsmntl(167);frstnm(168);hndrc(169);nghtmr(170);
ie;dfrnt(171);dsnt(172);dsntr(173);dvrsty(174);gbrsh(175);lfsty(176);lmts(177);mplnt(178);mrsng(179);ncrmt(180);ndmty(181);ntlc(182);ntrcp(183);ntrjc(184);ntrp(185);ntrsc(186);ntsy(187);prncl(188);scnt(189);sncrly(190);
iea;dsprl(191);dsrg(192);fshrmn(193);ltry(194);whts(195);
ieo;drcty(196);nvtry(197);
ieu;ntrp(198);
io;dchtmy(199);symb(200);
ioa;bgrphy(201);blrd(202);clpbrd(203);dplmcy(204);hstgrm(205);mprtn(206);
ioe;dscvry(207);dshnt(208);ncrt(209);
iu;dfclt(210);
iua;vrtly(211);
iue;ncmbt(212);ndlgt(213);nsrgt(214);
o;csmlgy(215);
oa;brdcst(216);brdn(217);btsrp(218);lfctry(219);
oae;wrkplc(220);
oai;cmplnt(221);frmlty(222);nstlgc(223);prfnty(224);
oe;bkshlf(225);cmpnt(226);cmptn(227);cntd(228);cntdr(229);hmfrnt(230);hmgrwn(231);knwldg(232);prcs(233);prfs(234);prjct(235);prts(236);prty(237);spngb(238);tmbsn(239);vrthw(240);vrwhlm(241);wrkfc(242);
oea;rchst(243);
oei;lngvty(244);phntcs(245);smthng(246);vrsght(247);wnrshp(248);
oeu;cns(249);wndrfl(250);
oi;cmdty(251);drmty(252);flwng(253);ftprn(254);hstly(255);prmsng(256);prxmty(257);
oia;bstncy(258);cmplnt(259);dystpn(260);
oie;byfrnd(261);clkws(262);cmngl(263);cnfdt(264);cnt(265);frbdn(266);hypntz(267);prmnt(268);
ou;cndrm(269);mnstr(270);
oue;crnt(271);
oui;cmns(272);cmnst(273);cmnty(274);
uae;fndmt(275);frst(276);nscthd(277);qrtly(278);sbtnc(279);scrtbl(280);srchg(281);
uai;plrsm(282);vlgrty(283);
uao;prgty(284);
ue;jdgmnt(285);pbscnt(286);sclnt(287);sclptr(288);srnd(289);strc(290);trbln(291);
uei;blprnt(292);
ueo;prmst(293);trms(294);
ui;nwlg(295);
uia;lbrcnt(296);plry(297);
uie;frtls(298);sbcr(299);
uio;crfm(300);
uoa;cstmry(301);
uoe;snflwr(302);
