Eaiu;xclbr(1);
Euai;chrst(2);
a;blcv(3);ctmrn(4);
ae;dhrnc(5);dvntg(6);grt(7);grvt(8);ltrn(9);mznt(10);pltb(11);pndg(12);prmt(13);stlm(14);vlnch(15);
aei;blrn(16);cptv(17);crst(18);djctv(19);dvrbl(20);dvrts(21);mgntz(22);nlgsc(23);plng(24);prmdc(25);pthc(26);rstz(27);srtv(28);std(29);sthc(30);tngr(31);tnv(32);
aeio;sprn(33);srtn(34);tn(35);
aeiu;bctrm(36);mgns(37);
aeo;ftrn(38);scpgt(39);
aeou;dngrs(40);mrvls(41);
aeu;dvntr(42);pnsxl(43);
aeui;mnq(44);
ai;Clbrn(45);fdvt(46);ktbc(47);mphbn(48);prsl(49);prstc(50);slnt(51);strcl(52);vtrsm(53);
aie;brcd(54);clbrt(55);clmt(56);clpht(57);cptv(58);crtlg(59);dctv(60);dmrbl(61);fbrct(62);fscnt(63);glvnz(64);mrgn(65);mtrcd(66);plnc(67);prtv(68);ptrcd(69);rbt(70);scrf(71);stfd(72);tnlz(73);vcnt(74);vndlz(75);
aieo;mnfst(76);
aio;dctn(77);gldtr(78);gzln(79);kzln(80);lgtr(81);nmsty(82);prtn(83);rdgm(84);slvtn(85);trdn(86);
aiu;cptlm(87);mbgty(88);ntqy(89);rdcl(90);
aiue;grtd(91);mgntd(92);mpltd(93);pltd(94);trb(95);
aoe;bnd(96);brmt(97);hlwn(98);lctd(99);lwnc(100);ntd(101);ptrng(102);rgnc(103);
aoi;bdmnl(104);cnl(105);crdn(106);ctn(107);lch(108);phrnc(109);pnrmc(110);prblc(111);prchl(112);txnmc(113);
aoie;lngsd(114);pntm(115);ptrnz(116);
aou;brs(117);hzrds(118);mrphs(119);nyms(120);prmnt(121);
aoue;syng(122);
au;prts(123);
aue;chfr(124);clt(125);dmbrt(126);mblnc(127);msnt(128);prcht(129);srnc(130);
auei;thnc(131);
aui;Mnc(132);plnq(133);
auie;mscln(134);plsb(135);
auo;dlth(136);grls(137);tcry(138);tgrph(139);
auoi;thry(140);
e;lswhr(141);mrgnc(142);rfnc(143);svnt(144);vhmnc(145);
ea;clbrt(146);clrn(147);dcn(148);dprct(149);dsprt(150);dvst(151);frlnc(152);lmnt(153);phmrl(154);pntr(155);rhsl(156);sgrt(157);svrnc(158);vgtbl(159);vngc(160);
eai;mnwhl(161);mphsz(162);ntr(163);prchl(164);prvs(165);rlstc(166);rmnd(167);rmng(168);tnv(169);vrstl(170);wrns(171);xpnsv(172);
eaio;dfltn(173);prdtn(174);snt(175);xpns(176);
eao;scltr(177);xcvtr(178);
eaoi;mtblc(179);pdgc(180);
eau;dprt(181);nrpt(182);prmt(183);thsr(184);
ei;Hlnz(185);dcptv(186);dfcnt(187);dfnsv(188);dlmtr(189);dtcv(190);dtrmn(191);fcnt(192);fctv(193);msrz(194);nrgtc(195);pdrms(196);prc(197);prmt(198);rcpnt(199);rflxv(200);rmnsc(201);rsdnc(202);rslnt(203);sntv(204);strlz(205);xcdng(206);xcsv(207);xpdnt(208);xpnsv(209);xstnc(210);xtnsv(211);ztgs(212);
eia;clst(213);dct(214);dngrt(215);dsgnt(216);mprcl(217);mptcl(218);msnc(219);ngmtc(220);prdct(221);sntl(222);trmn(223);
eio;dfctn(224);djctn(225);dpctn(226);dsrtn(227);dtcn(228);ltmf(229);prcsn(230);rbln(231);rcptn(232);rcsn(233);rjctn(234);rndt(235);rnfc(236);scn(237);slctn(238);smcln(239);xcptn(240);xmptn(241);xpctn(242);xtns(243);
eiou;srly(244);
eiu;rtb(245);tchnq(246);
eiua;pnsl(247);
eo;dcmps(248);dvlpr(249);htrdx(250);pdmtr(251);phrmn(252);thrf(253);tlphn(254);tlscp(255);
eoa;drnt(256);dtnr(257);mldr(258);prsng(259);
eoi;cnmst(260);gmtrc(261);mbrd(262);pdhl(263);rcgnz(264);rcnl(265);rsv(266);xplsn(267);xplsv(268);
eou;nclsr(269);nctr(270);ptrlm(271);rpdc(272);rpsfl(273);tnbrs(274);
eu;prsct(275);sqncr(276);
eua;ndrc(277);nsrc(278);prtl(279);ptlnc(280);spclt(281);xbrnt(282);xclpt(283);
euai;fdlsm(284);pnmtc(285);rhmtc(286);sxlty(287);
eui;prjdc(288);qpmnt(289);rclsv(290);rcsv(291);rplsv(292);sdctv(293);xclsv(294);
euio;cntr(295);dctn(296);rvlsn(297);scln(298);sdctn(299);xcrsn(300);
euo;cls(301);crdls(302);
ia;dgrm(303);fncl(304);lbty(305);mgnry(306);mprtl(307);nblty(308);
iae;bltr(309);cgrt(310);dspr(311);dsprg(312);dspt(313);frctv(314);mgrt(315);mplct(316);mptn(317);ncpbl(318);ncrt(319);ngrd(320);nstg(321);ntrc(322);vglnc(323);vndct(324);
iao;dctn(325);dgns(326);nflt(327);plctn(328);vbrtn(329);
iaue;sgntr(330);
ie;clnt(331);crtz(332);dgnf(333);dlgnc(334);drctv(335);lgb(336);mlpd(337);mpdnt(338);nctv(339);ndlb(340);ntrf(341);ntrv(342);ntrvw(343);nts(344);ntsv(345);nvsbl(346);prmtv(347);prvlg(348);
iea;brfcs(349);cnmt(350);dntcl(351);dsng(352);grvnc(353);hbrnt(354);knmtc(355);mln(356);msrbl(357);ntgr(358);ntrfc(359);plfrg(360);pnl(361);tnry(362);
ieo;crtn(363);dgstn(364);dmns(365);drctn(366);dvrsn(367);ncpt(368);nfct(369);nsrt(370);nt(371);ntrps(372);nvrs(373);nvt(374);vwpnt(375);
ieou;rghts(376);
ieu;ngty(377);
ieua;rgl(378);
ioa;lgc(379);nrgc(380);nsmc(381);pctrl(382);vsnry(383);
ioae;mcrwv(384);
ioe;bmtrc(385);dsrnt(386);mprvs(387);mptnc(388);
iou;frvls(389);gnrms(390);
ioua;bnclr(391);
ioue;dscr(392);ntrdc(393);
iua;sprtl(394);
iuae;crlt(395);nclt(396);nsrc(397);stml(398);
iuao;ncbtr(399);smltr(400);
iue;dstng(401);nclsv(402);nflc(403);nst(404);
iuo;ncls(405);ncrs(406);
oa;ctgnl(407);
oae;chlt(408);clt(409);cnt(410);crpt(411);prgt(412);rphng(413);thc(414);
oai;btncl(415);cltn(416);cmpn(417);frmtn(418);hypmn(419);
oaie;nrmlz(420);prctv(421);strcz(422);
oe;frcls(423);whsvr(424);
oea;crlt(425);crpl(426);hmkr(427);tlrnc(428);
oeai;prcln(429);
oei;bjctn(430);bjctv(431);bsn(432);fnsv(433);pstr(434);smt(435);thrws(436);vrwt(437);
oeia;cngl(438);ptnl(439);
oeu;Clsm(440);grtsq(441);mnts(442);pndrs(443);prcd(444);prsct(445);
oeua;mlcr(446);
oi;cgnt(447);clsn(448);cmtn(449);cndt(450);prmtn(451);prtfl(452);prvsn(453);slctr(454);sprfc(455);
oia;cnvl(456);pltc(457);
oiae;bstn(458);dmnc(459);sclt(460);
oie;cgntv(461);cmt(462);crdl(463);dsmtr(464);ntry(465);vcls(466);
oiu;cns(467);cntm(468);
oiua;cntl(469);
oiue;frtd(470);lngtd(471);
ou;cngrs(472);trs(473);
ouae;cnslt(474);frtn(475);mstch(476);pstl(477);vchsf(478);
oue;cmpsr(479);cnrs(480);prnc(481);prtn(482);trms(483);vlntr(484);
oui;pltn(485);
uae;crvt(486);flct(487);pnct(488);qdrpl(489);sbjgt(490);
uai;vlgrn(491);
uaie;lcrtv(492);sbmrn(493);
uaio;plstn(494);
uaoi;sbtmc(495);
ue;bml(496);sprd(497);
uea;ndrtk(498);ndrw(499);trnc(500);
uei;ndrl(501);ndrm(502);nrfd(503);plvrz(504);sprv(505);
ueio;cnfrm(506);
ueo;blth(507);
uia;crl(508);mblc(509);
uiae;clmnt(510);cltv(511);dplct(512);hrcn(513);lbrct(514);
uie;nlmtd(515);qntpl(516);sbdv(517);sbdz(518);
uiea;nvrsl(519);
uio;crsty(520);ntr(521);spcn(522);
uo;smpt(523);
uoae;sfct(524);
uoe;ntchd(525);sfqr(526);
uoie;cstm(527);cstmz(528);
