Aeio;scn(1);
Aioe;rstl(2);
Eaiu;xclbr(3);
Euai;chrst(4);
a;Mrnth(5);blcv(6);ctmrn(7);
ae;dhrnc(8);dvntg(9);grt(10);grvt(11);ltrn(12);mznt(13);pltb(14);pndg(15);prmt(16);stlm(17);vlnch(18);
aei;blrn(19);cptv(20);crst(21);djctv(22);dvrbl(23);dvrts(24);mgntz(25);nlgsc(26);plng(27);prmdc(28);pthc(29);rstz(30);srtv(31);std(32);sthc(33);tngr(34);tnv(35);
aeio;scn(36);sprn(37);srtn(38);tn(39);
aeiu;bctrm(40);mgns(41);
aeo;ftrn(42);scpgt(43);
aeou;dngrs(44);mrvls(45);
aeu;dvntr(46);pnsxl(47);
aeui;mnq(48);
ai;Clbrn(49);fdvt(50);ktbc(51);mphbn(52);prsl(53);prstc(54);slnt(55);strcl(56);vtrsm(57);
aie;brcd(58);clbrt(59);clmt(60);clpht(61);cptv(62);crtlg(63);dctv(64);dmrbl(65);fbrct(66);fscnt(67);glvnz(68);mrgn(69);mtrcd(70);plnc(71);prtv(72);ptrcd(73);rbt(74);scrf(75);stfd(76);tnlz(77);vcnt(78);vndlz(79);
aieo;mnfst(80);
aio;dctn(81);gldtr(82);gzln(83);kzln(84);lgtr(85);nmsty(86);prtn(87);rdgm(88);rdlgy(89);rmdl(90);slvtn(91);trdn(92);trn(93);
aiu;cptlm(94);mbgty(95);ntqy(96);rdcl(97);
aiue;dmxtr(98);grtd(99);mgntd(100);mpltd(101);pltd(102);trb(103);
aoe;bnd(104);brmt(105);hlwn(106);lctd(107);lwnc(108);nchrg(109);ntd(110);ptrng(111);rgnc(112);tnm(113);
aoi;bdmnl(114);cnl(115);crdn(116);ctn(117);drcn(118);lch(119);phrnc(120);pnrmc(121);prblc(122);prchl(123);txnmc(124);
aoie;lngsd(125);pntm(126);ptrnz(127);
aou;brs(128);hzrds(129);mrphs(130);nyms(131);prmnt(132);
aoue;syng(133);
au;prts(134);
aue;chfr(135);clt(136);dmbrt(137);mblnc(138);msnt(139);prcht(140);srnc(141);
auei;thnc(142);
aui;Mnc(143);cslty(144);plnq(145);
auie;mscln(146);plsb(147);
auo;dlth(148);grls(149);tcry(150);tgrph(151);
auoi;thry(152);
e;lswhr(153);mrgnc(154);rfnc(155);svnt(156);vhmnc(157);
ea;clbrt(158);clrn(159);dcn(160);dprct(161);dscrt(162);dsprt(163);dvst(164);frlnc(165);lmnt(166);phmrl(167);pntr(168);rhsl(169);sgrt(170);svrnc(171);vgtbl(172);vngc(173);
eai;mnwhl(174);mphsz(175);ntr(176);prchl(177);prvs(178);rlstc(179);rmnd(180);rmng(181);tnv(182);vrstl(183);wrns(184);xpnsv(185);
eaio;dfltn(186);prdtn(187);snt(188);xpns(189);
eao;mgphn(190);mthdn(191);scltr(192);xcvtr(193);
eaoi;mtblc(194);pdgc(195);
eau;Cntrs(196);dprt(197);nrpt(198);prmt(199);thsr(200);
ei;Hlnz(201);dcptv(202);dfcnt(203);dfnsv(204);dlmtr(205);dtcv(206);dtrmn(207);fcnt(208);fctv(209);msrz(210);nrgtc(211);pcntr(212);pcntr(213);pdrms(214);prc(215);prmt(216);rcpnt(217);rcsv(218);rflxv(219);rmnsc(220);rsdnc(221);rslnt(222);sntc(223);sntv(224);strlz(225);xcdng(226);xcsv(227);xpdnt(228);xpltv(229);xpnsv(230);xstnc(231);xtnsv(232);ztgs(233);
eia;clst(234);dct(235);dngrt(236);dsgnt(237);mprcl(238);mptcl(239);msnc(240);nchld(241);ngmtc(242);prdct(243);sntl(244);trmn(245);
eio;dfctn(246);djctn(247);dpctn(248);dsrtn(249);dtcn(250);ltmf(251);prcsn(252);prdtn(253);rbln(254);rcptn(255);rcsn(256);rjctn(257);rndt(258);rnfc(259);scn(260);slctn(261);smcln(262);xcptn(263);xmptn(264);xpctn(265);xtns(266);
eioa;pscl(267);
eiou;srly(268);
eiu;rtb(269);tchnq(270);
eiua;pnsl(271);
eo;dcmps(272);dvlpr(273);htrdx(274);lctrd(275);pdmtr(276);phrmn(277);thrf(278);tlgy(279);tlphn(280);tlscp(281);
eoa;drnt(282);dtnr(283);mldr(284);prsng(285);rpbt(286);
eoi;cnmst(287);gmtrc(288);mbrd(289);pdhl(290);rcgnz(291);rcnl(292);rgnmc(293);rsv(294);xplsn(295);xplsv(296);
eou;nclsr(297);nctr(298);ptrlm(299);rpdc(300);rpsfl(301);tnbrs(302);
eu;prsct(303);sqncr(304);
eua;ndrc(305);nsrc(306);prtl(307);ptlnc(308);spclt(309);xbrnt(310);xclpt(311);
euai;fdlsm(312);pnmtc(313);rhmtc(314);sxlty(315);
eui;prjdc(316);qpmnt(317);rclsv(318);rcsv(319);rplsv(320);sdctv(321);xclsv(322);
euio;cntr(323);dctn(324);rvlsn(325);scln(326);sdctn(327);xcrsn(328);
euo;cls(329);crdls(330);nrlgy(331);
ia;dgrm(332);fncl(333);lbty(334);mgnry(335);mprtl(336);nblty(337);
iae;bltr(338);cgrt(339);dlct(340);dspr(341);dsprg(342);dspt(343);frctv(344);mgrt(345);mnc(346);mplct(347);mptn(348);ncpbl(349);ncrt(350);ngrd(351);nstg(352);ntrc(353);vglnc(354);vndct(355);
iao;dctn(356);dgns(357);nflt(358);plctn(359);vbrtn(360);
iaue;sgntr(361);
ie;clnt(362);crtz(363);dgnf(364);dlgnc(365);drctv(366);lgb(367);mlpd(368);mpdnt(369);nctv(370);ndlb(371);nfrtl(372);ntrf(373);ntrv(374);ntrvw(375);nts(376);ntsv(377);nvsbl(378);prmtv(379);prvlg(380);
iea;brfcs(381);cnmt(382);dntcl(383);dsng(384);grvnc(385);hbrnt(386);knmtc(387);mln(388);msrbl(389);nfbl(390);ntgr(391);ntrfc(392);plfrg(393);pnl(394);tnry(395);trnl(396);
ieo;crtn(397);dgstn(398);dmns(399);drctn(400);dvrsn(401);lfbd(402);ncpt(403);nfct(404);nsrt(405);nt(406);ntrps(407);nvrs(408);nvt(409);vwpnt(410);
ieou;rghts(411);
ieu;ngty(412);
ieua;rgl(413);
ioa;lgc(414);nrgc(415);nsmc(416);pctrl(417);vsnry(418);
ioae;mcrwv(419);
ioe;bmtrc(420);bsphr(421);dsrnt(422);mprvs(423);mptnc(424);
iou;frvls(425);gnrms(426);
ioua;bnclr(427);
ioue;dscr(428);ntrdc(429);
iua;sprtl(430);
iuae;crlt(431);nclt(432);nsrc(433);stml(434);
iuao;ncbtr(435);smltr(436);
iue;dstng(437);nclsv(438);nflc(439);nst(440);
iuo;ncls(441);ncrs(442);ntrs(443);
o;ftsl(444);
oa;ctgnl(445);
oae;chlt(446);clt(447);cnt(448);crpt(449);mtrcd(450);prgt(451);rphng(452);thc(453);
oai;btncl(454);cltn(455);cmpn(456);frmtn(457);hypmn(458);prbtn(459);
oaie;nrmlz(460);prctv(461);strc(462);strcz(463);
oau;hlcst(464);
oe;frcls(465);whsvr(466);
oea;crlt(467);crpl(468);hmkr(469);tlrnc(470);
oeai;prcln(471);
oei;bjctn(472);bjctv(473);bsn(474);fnsv(475);pstr(476);smt(477);thrws(478);vrwt(479);
oeia;cngl(480);ptnl(481);
oeu;Clsm(482);grtsq(483);mnts(484);pndrs(485);prcd(486);prsct(487);
oeua;mlcr(488);
oi;cgnt(489);clsn(490);cmtn(491);cndt(492);prmtn(493);prtfl(494);prvsn(495);sclgy(496);slctr(497);sprfc(498);
oia;cnvl(499);pltc(500);
oiae;bstn(501);dmnc(502);rdnc(503);sclt(504);
oie;cgntv(505);cmt(506);crdl(507);crsv(508);dsmtr(509);ntry(510);vcls(511);
oiu;cns(512);cntm(513);mscv(514);pltbr(515);
oiua;cntl(516);
oiue;frtd(517);lngtd(518);
ou;cngrs(519);trs(520);
ouae;cnslt(521);frtn(522);mstch(523);pstl(524);vchsf(525);
oue;cmpsr(526);cnrs(527);prnc(528);prtn(529);trms(530);vlntr(531);
oui;clsn(532);cmn(533);cnfs(534);pltn(535);
ouie;cnb(536);prcn(537);
uae;crvt(538);flct(539);pnct(540);qdrp(541);qdrpl(542);sbjgt(543);
uai;vlgrn(544);
uaie;lcrtv(545);sbmrn(546);
uaio;plstn(547);
uaoi;sbtmc(548);
ue;bml(549);sprd(550);
uea;ndrtk(551);ndrw(552);trnc(553);
ueai;sqmh(554);
uei;ndrl(555);ndrm(556);nrfd(557);plvrz(558);sprv(559);
ueio;cnfrm(560);
ueo;blth(561);
uia;crl(562);mblc(563);
uiae;clmnt(564);cltv(565);dplct(566);hrcn(567);lbrct(568);
uie;nlmtd(569);qntpl(570);sbdv(571);sbdz(572);
uiea;nvrsl(573);
uio;crsty(574);ldcrs(575);ntr(576);spcn(577);
uo;smpt(578);
uoae;sfct(579);
uoe;ntchd(580);sfqr(581);
uoia;cstdn(582);
uoie;cstm(583);cstmz(584);
