Euiea;cldn(1);
ae;grbl(2);
aei;cftr(3);lvt(4);
aeo;rpln(5);
aeoi;Mcdn(6);
aie;flt(7);vlb(8);
aio;gtn(9);nmt(10);rdtn(11);
aioe;rtnl(12);
aiou;mbts(13);mlcs(14);slc(15);
aiu;mrjn(16);
aiue;ntq(17);
aiuo;mbgs(18);
aoeu;mnvr(19);
aoi;Ctln(20);
aoie;bmnt(21);plgz(22);sct(23);
aoiu;lbrs(24);
aou;nlgs(25);nmls(26);
aoue;ctlg(27);
auei;Lrnt(28);
aui;lmn(29);xlry(30);
auie;cqs(31);cstv(32);
auoe;msl(33);
auoi;tmc(34);tnmc(35);tpl(36);
ea;bftr(37);
eai;rdct(38);rtl(39);
eaio;lvtn(40);mnt(41);
eaiou;bhvr(42);nfrs(43);
eao;lbrt(44);vprt(45);
eaou;dmnr(46);dmts(47);ndvr(48);
eau;jclt(49);
eaui;btfl(50);
eia;lmnt(51);rt(52);
eioa;dtrl(53);spng(54);
eiou;dlcs(55);dlrs(56);rlgs(57);
eiu;tq(58);
eoa;xnrt(59);
eoi;mtr(60);
eoia;ngt(61);strc(62);
eoiu;frcs(63);
eou;rns(64);
eoua;ncrg(65);ntrg(66);
eoui;vltn(67);
eua;nmrt(68);
euai;thnz(69);
euaio;dctn(70);
euao;kryt(71);
eui;rqst(72);xctv(73);xqst(74);
euia;lcdt(75);nct(76);rpdt(77);
euio;xctn(78);
euoia;pnm(79);
iao;mtn(80);
iaou;hlrs(81);
iaue;mntr(82);
iea;mdt(83);
ieao;trn(84);
ieoa;vdtp(85);
ieou;ngs(86);
ioa;sltn(87);
iou;nsd(88);
iuae;lqdt(89);nfrt(90);vslz(91);
iuao;stn(92);
iue;ntv(93);
iuo;nt(94);
oai;cltn(95);
oaue;cglt(96);
oeai;prtn(97);prtv(98);
oeau;clg(99);
oei;bdnc(100);
oeia;Phnc(101);
oiae;rgnt(102);sclt(103);
oiu;blvs(104);bnxs(105);ntrs(106);psn(107);
oue;crts(108);hmlg(109);mnlg(110);
ouia;clq(111);
uae;grnt(112);
uaie;qlfd(113);
uaio;nms(114);
uea;nsbl(115);
uiae;hmlt(116);
uie;gdln(117);
uio;jdcs(118);lxrs(119);
uoai;qtn(120);
