ae;grbl(1);
aei;cftr(2);lvt(3);
aeo;rpln(4);
aie;flt(5);vlb(6);
aio;gtn(7);nmt(8);rdtn(9);
aiou;mbts(10);mlcs(11);slc(12);
aiu;mrjn(13);
aiue;ntq(14);
aiuo;mbgs(15);
aoie;bmnt(16);plgz(17);sct(18);
aou;nlgs(19);nmls(20);
aoue;ctlg(21);
aui;xlry(22);
auie;cqs(23);
auoi;tmc(24);
eai;rdct(25);rtl(26);
eaio;lvtn(27);
eaiou;bhvr(28);nfrs(29);
eao;lbrt(30);vprt(31);
eaou;ndvr(32);
eau;jclt(33);
eaui;btfl(34);
eia;lmnt(35);
eioa;dtrl(36);spng(37);
eiou;dlcs(38);dlrs(39);rlgs(40);
eiu;tq(41);
eoa;xnrt(42);
eoi;mtr(43);
eoia;ngt(44);strc(45);
eou;rns(46);
eoua;ncrg(47);
eoui;vltn(48);
eua;nmrt(49);
euaio;dctn(50);
eui;rqst(51);xctv(52);xqst(53);
euia;lcdt(54);nct(55);rpdt(56);
euio;xctn(57);
iao;mtn(58);
iaou;hlrs(59);
iea;mdt(60);
ieao;trn(61);
ieou;ngs(62);
ioa;sltn(63);
iuae;lqdt(64);nfrt(65);vslz(66);
iuao;stn(67);
iue;ntv(68);
iuo;nt(69);
oai;cltn(70);
oaue;cglt(71);
oeai;prtn(72);
oeau;clg(73);
oei;bdnc(74);
oiae;rgnt(75);
oiu;blvs(76);bnxs(77);ntrs(78);psn(79);
oue;crts(80);mnlg(81);
uae;grnt(82);
uaie;qlfd(83);
uea;nsbl(84);
uiae;hmlt(85);
uie;gdln(86);
uio;jdcs(87);
uoai;qtn(88);
