ae;grbl(1);
aei;cftr(2);lvt(3);
aeo;rpln(4);
aeoi;Mcdn(5);
aie;flt(6);vlb(7);
aio;gtn(8);nmt(9);rdtn(10);
aioe;rtnl(11);
aiou;mbts(12);mlcs(13);slc(14);
aiu;mrjn(15);
aiue;ntq(16);
aiuo;mbgs(17);
aoeu;mnvr(18);
aoi;Ctln(19);
aoie;bmnt(20);plgz(21);sct(22);
aoiu;lbrs(23);
aou;nlgs(24);nmls(25);
aoue;ctlg(26);
auei;Lrnt(27);
aui;lmn(28);xlry(29);
auie;cqs(30);cstv(31);
auoe;msl(32);
auoi;tmc(33);tnmc(34);
ea;bftr(35);
eai;rdct(36);rtl(37);
eaio;lvtn(38);mnt(39);
eaiou;bhvr(40);nfrs(41);
eao;lbrt(42);vprt(43);
eaou;dmnr(44);dmts(45);ndvr(46);
eau;jclt(47);
eaui;btfl(48);
eia;lmnt(49);
eioa;dtrl(50);spng(51);
eiou;dlcs(52);dlrs(53);rlgs(54);
eiu;tq(55);
eoa;xnrt(56);
eoi;mtr(57);
eoia;ngt(58);strc(59);
eoiu;frcs(60);
eou;rns(61);
eoua;ncrg(62);ntrg(63);
eoui;vltn(64);
eua;nmrt(65);
euai;thnz(66);
euaio;dctn(67);
eui;rqst(68);xctv(69);xqst(70);
euia;lcdt(71);nct(72);rpdt(73);
euio;xctn(74);
iao;mtn(75);
iaou;hlrs(76);
iaue;mntr(77);
iea;mdt(78);
ieao;trn(79);
ieou;ngs(80);
ioa;sltn(81);
iuae;lqdt(82);nfrt(83);vslz(84);
iuao;stn(85);
iue;ntv(86);
iuo;nt(87);
oai;cltn(88);
oaue;cglt(89);
oeai;prtn(90);
oeau;clg(91);
oei;bdnc(92);
oeia;Phnc(93);
oiae;rgnt(94);sclt(95);
oiu;blvs(96);bnxs(97);ntrs(98);psn(99);
oue;crts(100);hmlg(101);mnlg(102);
ouia;clq(103);
uae;grnt(104);
uaie;qlfd(105);
uaio;nms(106);
uea;nsbl(107);
uiae;hmlt(108);
uie;gdln(109);
uio;jdcs(110);lxrs(111);
uoai;qtn(112);
