V=Aoae C=pclys(1) 
V=ae C=cptbl(2) C=cptn(3) C=ntcd(4) C=prhs(5) 
V=aei C=csbl(6) C=grsv(7) C=nsthc(8) C=prmtc(9) C=prntc(10) 
V=aeio C=grsn(11) 
V=aeo C=cmrlng(12) C=mlvnt(13) C=wtrmln(14) C=wtrpf(15) 
V=ai C=cpblty(16) C=ftlsc(17) C=ntcp(18) C=rdclsm(19) C=sbtcl(20) C=slbty(21) 
V=aie C=cdntl(22) C=dmnstr(23) C=fmlyn(24) C=grndz(25) C=mbvlnt(26) C=mnstr(27) C=ntmr(28) C=plcb(29) C=prtcl(30) C=rthmc(31) C=trcv(32) C=trnsc(33) C=trnsv(34) 
V=aio C=flctn(35) C=plnt(36) C=rstc(37) C=stnry(38) C=strcn(39) C=trcn(40) C=trns(41) 
V=aioe C=stnry(42) 
V=aiu C=prtcl(43) 
V=ao C=lbrty(44) C=mbsdr(45) 
V=aoe C=crdn(46) C=pclys(47) C=stndl(48) C=tmsphr(49) C=whtsvr(50) 
V=aoei C=plct(51) 
V=aoi C=ntgs(52) C=ntgsm(53) 
V=aou C=ntyms(54) 
V=aoue C=bslty(55) 
V=aoui C=stndg(56) 
V=aue C=crtly(57) C=frdlnt(58) 
V=auio C=smptn(59) 
V=auo C=cltr(60) 
V=e C=dtrnc(61) C=prcdn(62) C=vrywh(63) C=xcln(64) 
V=ea C=clbrtd(65) C=dlctb(66) C=dprct(67) C=dtcbl(68) C=lmntry(69) C=ngmt(70) C=prcntg(71) C=prmnc(72) C=prt(73) C=rcptl(74) C=rmkbl(75) C=sprtly(76) 
V=eai C=ldrshp(77) C=mchnl(78) C=rstnd(79) C=vnglst(80) 
V=eaio C=tmpn(81) C=xtrcn(82) 
V=eaiu C=mngfl(83) 
V=eao C=cphld(84) C=mbsdr(85) 
V=eau C=pcfly(86) C=rstn(87) 
V=ei C=cntmr(88) C=dfntly(89) C=ntcm(90) C=ntrps(91) C=prcntl(92) C=rspctv(93) C=xctmn(94) C=xprmnt(95) C=xtnsbl(96) 
V=eia C=cntgrd(97) C=crdntl(98) C=dspcbl(99) C=hrdty(100) C=hrmtcl(101) C=pdstrn(102) C=rstnc(103) C=spclt(104) C=spcly(105) 
V=eio C=dprsn(106) C=hlcptr(107) C=prctn(108) C=prdctn(109) C=prfctn(110) C=prmsn(111) C=rflctn(112) C=smlgy(113) C=xprsn(114) C=xtnc(115) 
V=eiou C=mystr(116) 
V=eiu C=rlnqsh(117) C=xtngsh(118) 
V=eiua C=pnslr(119) 
V=eo C=bnvlt(120) C=phnm(121) 
V=eoa C=phnml(122) 
V=eoai C=dmcrt(123) 
V=eoi C=lctrn(124) C=mbrdy(125) C=rspnv(126) 
V=eoia C=rhtcl(127) 
V=eou C=rmsfl(128) C=trmnds(129) 
V=eu C=rcn(130) C=rfndm(131) C=rsgnc(132) 
V=eua C=rlctn(133) C=vntly(134) 
V=euai C=rglty(135) 
V=euao C=rglty(136) 
V=euia C=nthsm(137) C=rpblcn(138) 
V=euo C=sdly(139) 
V=ia C=dsblty(140) C=nhbt(141) C=nvrbly(142) C=smlrty(143) 
V=iae C=nfltr(144) C=ntgbl(145) 
V=iao C=dgnstc(146) C=dspnt(147) 
V=iaoe C=dsprv(148) 
V=iaou C=chvlrs(149) 
V=ie C=dfrnc(150) C=dscpln(151) C=dvrgnc(152) C=mltr(153) C=mltr(154) C=mpdnt(155) C=mprsv(156) C=ncrdbl(157) C=ngrdt(158) C=nstc(159) C=ntrp(160) C=nts(161) C=nvcbl(162) C=prvlgd(163) C=scntf(164) C=smthrn(165) C=vndct(166) 
V=iea C=knmtcs(167) C=mpcbl(168) C=ntsl(169) C=wdspr(170) 
V=ieo C=brdgm(171) C=dgrsn(172) C=dscrtn(173) C=mprsn(174) C=nspct(175) 
V=ieu C=mln(176) 
V=io C=dstrn(177) 
V=ioa C=dctnry(178) C=hstrcl(179) C=msnry(180) C=vsnly(181) 
V=ioe C=mcrsp(182) C=mpsbl(183) 
V=ioue C=dsclr(184) 
V=iu C=lngstc(185) C=ntrg(186) 
V=iua C=ndstrl(187) 
V=iuae C=lstr(188) 
V=iue C=crms(189) C=dsrptv(190) C=dstrb(191) C=flbstr(192) C=ncr(193) C=ndcmt(194) 
V=iuo C=dscn(195) C=dsrptn(196) 
V=oa C=prgnd(197) C=rthgnl(198) 
V=oae C=cmndr(199) C=cmprbl(200) C=rnmtl(201) C=thps(202) 
V=oai C=cmprsn(203) C=cmpsn(204) 
V=oaie C=cmptbl(205) 
V=oau C=vcblry(206) 
V=oe C=cmptn(207) C=cndl(208) C=cnfr(209) C=hdgp(210) C=mnchr(211) C=shpkr(212) C=wdpckr(213) 
V=oea C=cmnwl(214) C=cmpnst(215) C=cngrt(216) 
V=oei C=brdln(217) C=cltn(218) C=cltv(219) C=cmpltn(220) C=cmptr(221) C=cnfs(222) C=cngst(223) C=cnpt(224) C=cns(225) C=cnt(226) C=cnvrs(227) C=cnvt(228) C=cnvt(229) C=lns(230) C=prfsn(231) C=prjctn(232) C=prtcn(233) C=psn(234) 
V=oeia C=cmrl(235) 
V=oeu C=cnjtr(236) C=prs(237) C=prsct(238) 
V=oeua C=cnsl(239) C=prcdl(240) 
V=oi C=cmsn(241) C=cnvt(242) C=csmpl(243) C=mnchr(244) C=prtn(245) C=ptmsc(246) 
V=oia C=blgtry(247) C=hrzntl(248) C=sldrty(249) 
V=oiae C=cmpln(250) C=cmplt(251) C=frmdbl(252) C=prftbl(253) 
V=oie C=cmprs(254) C=cnfd(255) C=cns(256) C=prfcnt(257) C=prvdnc(258) 
V=oiea C=cdntl(259) 
V=oiu C=cnty(260) 
V=oiue C=cntrb(261) 
V=ou C=thrg(262) 
V=ouae C=cnsmt(263) C=trnm(264) 
V=ouai C=jrnlsm(265) C=jrnlst(266) 
V=oue C=cngr(267) C=crn(268) 
V=ouea C=cntr(269) 
V=oui C=cnls(270) C=cns(271) C=crptn(272) 
V=ouie C=cndtv(273) C=cnlsv(274) C=prdctv(275) 
V=uai C=mtbly(276) 
V=uao C=ltrsnd(277) 
V=ue C=nthrd(278) C=nxpctd(279) C=pbscn(280) C=sbqnt(281) C=trblnc(282) 
V=uea C=ndrth(283) C=vlnrb(284) 
V=uei C=sbjctv(285) 
V=ueio C=sbctn(286) C=scn(287) C=sgtn(288) 
V=ueo C=brdnsm(289) C=ndrsc(290) 
V=ueoi C=sprnc(291) 
V=ui C=crlm(292) 
V=uia C=sbdry(293) C=sblmn(294) 
V=uiae C=ltmy(295) C=nwbl(296) C=splct(297) 
V=uie C=mltpr(298) C=mnfct(299) C=nvrsty(300) C=sbmv(301) C=sbt(302) C=scrtn(303) C=sfcnt(304) 
V=uio C=sbmn(305) 
V=uioa C=fnctl(306) 
