V=ae C=bsktl(1) C=ftrwds(2) C=prntly(3) C=scthl(4) C=smnt(5) C=tchmn(6) C=wtrcs(7) 
V=aei C=btlshp(8) C=frtny(9) C=stgrn(10) 
V=aeo C=trjcy(11) 
V=ai C=hndcrft(12) C=nrcst(13) C=phrmcst(14) C=plstcy(15) C=stc(16) C=trcng(17) 
V=aie C=bnshmt(18) C=flbns(19) C=lvshn(20) C=sgnmt(21) C=trnsg(22) 
V=aio C=mckntsh(23) C=rchbsp(24) C=wshngt(25) 
V=ao C=chlkbrd(26) C=cnbl(27) C=pcryhl(28) C=scrnt(29) 
V=aoe C=smrtphn(30) C=srtmn(31) 
V=aoi C=cmplsh(32) 
V=aou C=bckgrnd(33) 
V=aue C=djstmn(34) 
V=aui C=mnscrpt(35) C=trnslcd(36) 
V=e C=rsntm(37) C=stlmn(38) C=vhmntly(39) 
V=ea C=dprtmn(40) C=dscnt(41) C=lngdry(42) C=smtr(43) C=stpfhr(44) C=xpctny(45) 
V=eai C=nchtg(46) C=ntrcg(47) C=sytmc(48) 
V=eao C=mlnchy(49) C=prmfst(50) 
V=eau C=mtlrgy(51) 
V=ei C=mbrshp(52) C=prmnt(53) C=prsdncy(54) C=prstn(55) C=rsgndly(56) C=skptcm(57) C=synrgtc(58) C=synthz(59) C=synthz(60) C=vrythng(61) 
V=eia C=hystrcl(62) 
V=eo C=hncfrt(63) C=mplynt(64) C=rtspc(65) C=stpmhr(66) C=tchnlgy(67) 
V=eoi C=cnsrhp(68) C=flwshp(69) C=hyprblc(70) C=ngrs(71) 
V=eu C=frqntly(72) C=rspctfl(73) 
V=i C=smplcty(74) 
V=ia C=kdnpg(75) C=wthdrl(76) 
V=iae C=hglndr(77) 
V=ie C=btrns(78) C=dstlry(79) C=frndshp(80) C=grlfnd(81) C=ncrdbly(82) C=ndctm(83) C=ntrshp(84) C=nvstm(85) C=wldrns(86) 
V=iea C=hntrld(87) 
V=io C=knghtd(88) C=phlsy(89) 
V=ioa C=dscrnt(90) 
V=ioe C=dsp(91) C=flnts(92) C=ntrspc(93) C=pckt(94) 
V=iu C=dfclty(95) C=dsgtn(96) 
V=iue C=crmvnt(97) C=nstrm(98) 
V=o C=chrnlgy(99) C=prmnty(100) 
V=oa C=cntrbd(101) C=hlgrpy(102) C=nchlt(103) C=phngr(104) 
V=oae C=prgm(105) 
V=oai C=cnstr(106) C=cntrd(107) C=stch(108) 
V=oe C=btmls(109) C=cmplnt(110) C=cmplty(111) C=cmprhnd(112) C=cnds(113) C=cntrl(114) C=cnvrsly(115) C=crspnd(116) C=gvrnmt(117) C=plychrm(118) 
V=oea C=cmntry(119) C=cnts(120) C=smktc(121) C=vlyb(122) 
V=oei C=cltng(123) C=cmplxty(124) C=hypdrmc(125) C=prsth(126) C=prsthc(127) C=prsty(128) 
V=oeu C=mlybdn(129) 
V=oi C=cnfrmty(130) C=cnvg(131) C=gyrscp(132) 
V=oia C=cnspry(133) C=prftbly(134) 
V=oie C=cmplnt(135) C=cnst(136) C=cntg(137) 
V=ou C=phsr(138) C=synm(139) C=thgfl(140) C=thrgp(141) 
V=oua C=cnslt(142) 
V=oue C=cnrt(143) 
V=uae C=frstd(144) 
V=ue C=scfl(145) C=splmnt(146) 
V=uea C=ndrst(147) 
V=uei C=blndrg(148) 
V=ui C=pbrng(149) 
V=uie C=clmsn(150) C=sbcr(151) 
V=uoe C=Scnthrp(152) 
