V=ae C=clrt(1) C=mlgt(2) C=prnc(3) 
V=aei C=brvt(4) C=drnl(5) C=lgnc(6) C=prct(7) 
V=aeio C=lgtn(8) 
V=aeiou C=bstm(9) 
V=aeoi C=pdhl(10) 
V=aie C=cpts(11) C=fclt(12) C=fltd(13) C=nhlt(14) C=ntcp(15) 
V=aio C=ctvn(16) C=dtnl(17) C=ntbc(18) C=nvgt(19) C=pgnt(20) C=prtn(21) C=sprtn(22) C=vldtn(23) 
V=aioe C=psnt(24) 
V=aiue C=mnplt(25) C=ntqd(26) C=rtcl(27) 
V=aoi C=brgtn(28) C=lctn(29) C=nt(30) 
V=aoie C=ntgz(31) 
V=aou C=glmrs(32) 
V=aue C=cmlt(33) C=dltr(34) C=msqrd(35) C=sclt(36) 
V=auio C=cstn(37) C=mnt(38) C=sltn(39) C=strn(40) 
V=auoi C=tcr(41) 
V=ea C=dclrt(42) C=xcrbt(43) C=xgrt(44) C=xsprt(45) 
V=eai C=dctv(46) C=dslnt(47) C=rpt(48) 
V=eaio C=dlgtn(49) C=fdrtn(50) C=gnrt(51) C=rctn(52) C=rvltn(53) C=sprtn(54) C=xcvtn(55) 
V=eao C=rsnbl(56) 
V=eauio C=xhstn(57) 
V=ei C=dfntv(58) C=rptv(59) C=rslnc(60) C=xprnc(61) 
V=eia C=bnfcl(62) C=dlbrt(63) C=lgtm(64) C=spclz(65) C=vrfbl(66) 
V=eiao C=hstn(67) C=mdtn(68) C=xprtn(69) 
V=eio C=dfnt(70) C=rptn(71) C=tlvsn(72) C=xhbtn(73) C=xpdtn(74) 
V=eioa C=prdcl(75) 
V=eo C=hrtf(76) 
V=eoai C=dnt(77) C=jprdz(78) 
V=eoi C=dpstn(79) 
V=eoia C=cnml(80) C=crmnl(81) C=dnmt(82) 
V=eoui C=rsltn(83) C=rvltn(84) 
V=eua C=xctbl(85) 
V=euai C=ntrlz(86) 
V=euaio C=prsn(87) C=rgltn(88) C=rptn(89) 
V=euia C=qvlnt(90) 
V=euioa C=dlsn(91) 
V=iae C=dlpt(92) C=ntmd(93) C=nvldt(94) C=nvrbl(95) 
V=iao C=ndct(96) C=nvt(97) C=rtnl(98) 
V=iaou C=dphns(99) 
V=iaue C=mclt(100) C=ncrt(101) 
V=ie C=ndft(102) 
V=iea C=mprtv(103) C=ndlct(104) C=nvtbl(105) 
V=ieo C=lkhd(106) 
V=ieua C=nqlty(107) 
V=io C=nhbt(108) 
V=ioa C=blgc(109) C=nt(110) C=nvt(111) 
V=ioae C=nvgrt(112) 
V=iouae C=dscrg(113) 
V=iua C=lmnt(114) C=ndvl(115) 
V=iuae C=lmnt(116) 
V=iuo C=rdcls(117) 
V=oai C=csnl(118) 
V=oaie C=btnl(119) 
V=oaiu C=cntgs(120) 
V=oau C=mngs(121) 
V=oeai C=mdrtn(122) 
V=oeia C=clgt(123) 
V=oeiu C=frt(124) 
V=oi C=pstn(125) 
V=oia C=blgtn(126) C=mtvn(127) C=nmt(128) 
V=oiae C=crdnt(129) 
V=oie C=mnplz(130) 
V=oiea C=bltr(131) 
V=oieu C=bstr(132) 
V=oiu C=cntgs(133) C=cnts(134) C=prdgs(135) 
V=ou C=hmlgs(136) C=mnts(137) 
V=ouai C=cptn(138) C=fndt(139) C=pltn(140) 
V=ouia C=crnp(141) 
V=ouie C=trnq(142) 
V=uaie C=nstbl(143) 
V=uaio C=pgncs(144) 
V=uea C=brct(145) C=nbrl(146) C=nbtl(147) 
V=ueia C=ndbl(148) C=nrlb(149) 
V=uiae C=nltr(150) 
V=uiao C=rmnt(151) 
V=uio C=spc(152) 
V=uioe C=gltn(153) 
V=uo C=tmls(154) 
