V=ae C=bsktl(1) C=ftrwds(2) C=prntly(3) C=scthl(4) C=smnt(5) C=tchmn(6) C=wtrcs(7) 
V=aei C=btlshp(8) C=frtny(9) 
V=aeo C=trjcy(10) 
V=ai C=hndcrft(11) C=stc(12) C=trcng(13) 
V=aie C=flbns(14) C=sgnmt(15) C=trnsg(16) 
V=aio C=mckntsh(17) C=rchbsp(18) C=wshngt(19) 
V=ao C=chlkbrd(20) C=pcryhl(21) C=scrnt(22) 
V=aoe C=smrtphn(23) 
V=aoi C=cmplsh(24) 
V=aou C=bckgrnd(25) 
V=aue C=djstmn(26) 
V=aui C=trnslcd(27) 
V=e C=rsntm(28) C=stlmn(29) 
V=ea C=dprtmn(30) C=dscnt(31) C=lngdry(32) C=smtr(33) C=stpfhr(34) C=xpctny(35) 
V=eai C=nchtg(36) C=ntrcg(37) C=sytmc(38) 
V=eao C=mlnchy(39) 
V=eau C=mtlrgy(40) 
V=ei C=mbrshp(41) C=prmnt(42) C=prsdncy(43) C=prstn(44) C=rsgndly(45) C=vrythng(46) 
V=eia C=hystrcl(47) 
V=eo C=hncfrt(48) C=mplynt(49) C=rtspc(50) C=stpmhr(51) C=tchnlgy(52) 
V=eoi C=cnsrhp(53) C=flwshp(54) C=ngrs(55) 
V=eu C=frqntly(56) C=rspctfl(57) 
V=i C=smplcty(58) 
V=ia C=kdnpg(59) C=wthdrl(60) 
V=iae C=hglndr(61) 
V=ie C=btrns(62) C=dstlry(63) C=frndshp(64) C=grlfnd(65) C=ncrdbly(66) C=ntrshp(67) C=nvstm(68) C=wldrns(69) 
V=io C=phlsy(70) 
V=ioa C=dscrnt(71) 
V=ioe C=flnts(72) C=ntrspc(73) 
V=iu C=dfclty(74) C=dsgtn(75) 
V=iue C=crmvnt(76) C=nstrm(77) 
V=oa C=cntrbd(78) C=nchlt(79) 
V=oae C=prgm(80) 
V=oai C=cnstr(81) C=cntrd(82) C=stch(83) 
V=oe C=btmls(84) C=cmplnt(85) C=cmplty(86) C=cmprhnd(87) C=cnds(88) C=cntrl(89) C=cnvrsly(90) C=crspnd(91) C=gvrnmt(92) C=plychrm(93) 
V=oea C=cmntry(94) C=cnts(95) C=vlyb(96) 
V=oei C=cltng(97) C=cmplxty(98) C=prsty(99) 
V=oi C=cnfrmty(100) C=cnvg(101) 
V=oia C=cnspry(102) C=prftbly(103) 
V=oie C=cmplnt(104) C=cnst(105) C=cntg(106) 
V=ou C=thgfl(107) C=thrgp(108) 
V=oua C=cnslt(109) 
V=oue C=cnrt(110) 
V=uae C=frstd(111) 
V=ue C=scfl(112) C=splmnt(113) 
V=uea C=ndrst(114) 
V=uei C=blndrg(115) 
V=ui C=pbrng(116) 
V=uie C=sbcr(117) 
