V=Aoae C=pclys(1) 
V=Aoe C=nglph(2) 
V=Eaei C=vnglst(3) 
V=a C=Mdgscn(4) C=Mdgscr(5) 
V=ae C=cptbl(6) C=cptn(7) C=ntcd(8) C=prhs(9) C=tbrncl(10) 
V=aei C=Glswgn(11) C=csbl(12) C=grsv(13) C=nsthc(14) C=prlgc(15) C=prmtc(16) C=prntc(17) 
V=aeio C=grsn(18) 
V=aeo C=cmrlng(19) C=mlvnt(20) C=wtrmln(21) C=wtrpf(22) 
V=ai C=cpblty(23) C=ftlsc(24) C=ntcp(25) C=rdclsm(26) C=sbtcl(27) C=slbty(28) 
V=aie C=cdntl(29) C=dmnstr(30) C=fmlyn(31) C=grndz(32) C=mbvlnt(33) C=mgstr(34) C=mnstr(35) C=nths(36) C=nths(37) C=ntmr(38) C=plcb(39) C=prtcl(40) C=rthmc(41) C=trcv(42) C=trnsc(43) C=trnsv(44) 
V=aio C=flctn(45) C=gyrtnl(46) C=plnt(47) C=rstc(48) C=stnry(49) C=strcn(50) C=trcn(51) C=trns(52) 
V=aioe C=stnry(53) 
V=aiu C=prtcl(54) 
V=ao C=lbrty(55) C=mbsdr(56) C=prnml(57) 
V=aoe C=crdn(58) C=grmphn(59) C=pclys(60) C=pthcry(61) C=stndl(62) C=tmsphr(63) C=whtsvr(64) 
V=aoei C=plct(65) 
V=aoi C=grnmst(66) C=ntgs(67) C=ntgsm(68) 
V=aou C=ntyms(69) 
V=aoue C=bslty(70) 
V=aoui C=stndg(71) 
V=aue C=crtly(72) C=frdlnt(73) C=mstrb(74) 
V=auio C=smptn(75) 
V=auo C=cltr(76) 
V=e C=dtrnc(77) C=prcdn(78) C=vrywh(79) C=xcln(80) 
V=ea C=clbrtd(81) C=dlctb(82) C=dprct(83) C=dtcbl(84) C=lmntry(85) C=ngmt(86) C=prcntg(87) C=prfbl(88) C=prmnc(89) C=prt(90) C=rcptl(91) C=rmkbl(92) C=rpntc(93) C=sprtly(94) 
V=eai C=ldrshp(95) C=mchnl(96) C=mglthc(97) C=mrcntl(98) C=rstnd(99) C=tlphc(100) C=vnglsm(101) C=vnglst(102) 
V=eaio C=rfctn(103) C=tmpn(104) C=xtrcn(105) 
V=eaiu C=mngfl(106) 
V=eao C=cphld(107) C=mbsdr(108) 
V=eau C=pcfly(109) C=rstn(110) 
V=ei C=clmnt(111) C=cntmr(112) C=dfntly(113) C=gntcs(114) C=ntcm(115) C=ntrps(116) C=prcntl(117) C=rflctv(118) C=rspctv(119) C=tnbrfc(120) C=xctmn(121) C=xpdncy(122) C=xprmnt(123) C=xtnsbl(124) 
V=eia C=cntgrd(125) C=crdntl(126) C=dspcbl(127) C=hrdty(128) C=hrmtcl(129) C=pdstrn(130) C=prhl(131) C=rstnc(132) C=spclt(133) C=spcly(134) 
V=eiao C=vntlr(135) 
V=eio C=dclns(136) C=dprsn(137) C=hlcptr(138) C=prctn(139) C=prdctn(140) C=prfctn(141) C=prmsn(142) C=prvsn(143) C=rflctn(144) C=smlgy(145) C=xprsn(146) C=xtnc(147) 
V=eiou C=mystr(148) 
V=eiu C=cntrfg(149) C=dlnqt(150) C=rlnqsh(151) C=tchnm(152) C=xtngsh(153) 
V=eiua C=pnslr(154) 
V=eo C=bnvlt(155) C=phnm(156) 
V=eoa C=bfrhnd(157) C=drgty(158) C=hmrg(159) C=phnml(160) 
V=eoai C=dmcrt(161) C=prvcl(162) 
V=eoi C=hmglbn(163) C=hmrd(164) C=lctrn(165) C=mbrdy(166) C=rspnv(167) 
V=eoia C=mthdcl(168) C=rhtcl(169) C=xrbtn(170) 
V=eou C=rmsfl(171) C=rndzvs(172) C=trmnds(173) 
V=eu C=rcn(174) C=rfndm(175) C=rsgnc(176) 
V=eua C=mnstr(177) C=rlctn(178) C=vntly(179) 
V=euai C=Sptgn(180) C=rglty(181) 
V=euao C=rglty(182) 
V=euia C=nthsm(183) C=rpblcn(184) 
V=euo C=sdly(185) 
V=i C=nhlstc(186) 
V=ia C=dsblty(187) C=nhbt(188) C=nvrbly(189) C=rtng(190) C=smlrty(191) C=trvly(192) 
V=iae C=chmpnz(193) C=mpsbl(194) C=nfltr(195) C=ntgbl(196) C=stgmz(197) 
V=iao C=dgnstc(198) C=dspnt(199) C=nfrct(200) 
V=iaoe C=dsprv(201) 
V=iaou C=chvlrs(202) 
V=ie C=dfrnc(203) C=dscpln(204) C=dvrgnc(205) C=mltr(206) C=mltr(207) C=mpdnt(208) C=mprsv(209) C=ncrdbl(210) C=ngrdt(211) C=nstc(212) C=ntrp(213) C=nts(214) C=nvcbl(215) C=prvlgd(216) C=rdscnt(217) C=rvnt(218) C=scntf(219) C=smthrn(220) C=vndct(221) 
V=iea C=knmtcs(222) C=mpcbl(223) C=ntsl(224) C=rngld(225) C=wdspr(226) 
V=ieo C=brdgm(227) C=dgrsn(228) C=dscrtn(229) C=dsprn(230) C=mprsn(231) C=nspct(232) 
V=ieu C=mln(233) 
V=io C=dstrn(234) 
V=ioa C=dctnry(235) C=hstrcl(236) C=msnry(237) C=vsnly(238) 
V=ioe C=bmtrcs(239) C=mcrphn(240) C=mcrsp(241) C=mpsbl(242) 
V=ioua C=bnclrs(243) 
V=ioue C=dsclr(244) 
V=iu C=lngstc(245) C=ntrg(246) 
V=iua C=ndstrl(247) 
V=iuae C=lstr(248) 
V=iue C=crms(249) C=dsrptv(250) C=dstrb(251) C=flbstr(252) C=ncr(253) C=ndcmt(254) 
V=iuo C=dscn(255) C=dsrptn(256) 
V=oa C=prgnd(257) C=rthgnl(258) 
V=oae C=clrbn(259) C=cltr(260) C=cmndr(261) C=cmprbl(262) C=cntrv(263) C=cthdrn(264) C=rnmtl(265) C=thps(266) 
V=oai C=bldstn(267) C=cmprsn(268) C=cmpsn(269) C=mycrdl(270) 
V=oaie C=cmptbl(271) 
V=oau C=vcblry(272) 
V=oe C=chrms(273) C=cmptn(274) C=cndl(275) C=cnfr(276) C=hdgp(277) C=mnchr(278) C=mthrd(279) C=shpkr(280) C=wdpckr(281) 
V=oea C=cmnwl(282) C=cmpnst(283) C=cngrt(284) 
V=oei C=brdln(285) C=cltn(286) C=cltv(287) C=cmpltn(288) C=cmptr(289) C=cnfs(290) C=cngst(291) C=cnpt(292) C=cns(293) C=cnt(294) C=cnvrs(295) C=cnvt(296) C=cnvt(297) C=lns(298) C=mnths(299) C=mnths(300) C=prfsn(301) C=prjctl(302) C=prjctn(303) C=prtcn(304) C=psn(305) 
V=oeia C=cmrl(306) 
V=oeiu C=prmth(307) 
V=oeu C=Prmths(308) C=cnjtr(309) C=hrnds(310) C=prs(311) C=prsct(312) 
V=oeua C=cnptl(313) C=cnsl(314) C=prcdl(315) 
V=oi C=cmsn(316) C=cnt(317) C=cnvt(318) C=csmpl(319) C=mnchr(320) C=prtn(321) C=ptmsc(322) 
V=oia C=blgtry(323) C=hrzntl(324) C=prvncl(325) C=sldrty(326) 
V=oiae C=cmpln(327) C=cmplt(328) C=cnfst(329) C=frmdbl(330) C=prftbl(331) 
V=oie C=cmprs(332) C=cnfd(333) C=cns(334) C=mnfct(335) C=mnsct(336) C=prfcnt(337) C=prt(338) C=prvdnc(339) 
V=oiea C=cdntl(340) 
V=oiu C=cnty(341) 
V=oiue C=cmntd(342) C=cntrb(343) 
V=ou C=thrg(344) 
V=ouae C=cnsmt(345) C=trnm(346) 
V=ouai C=jrnlsm(347) C=jrnlst(348) C=tlndsh(349) 
V=oue C=cngr(350) C=crn(351) C=tprfm(352) 
V=ouea C=cntr(353) 
V=ouei C=vlmtrc(354) 
V=oui C=cnls(355) C=cns(356) C=cnvls(357) C=crptn(358) C=prlsn(359) C=prtsn(360) 
V=ouie C=cndtv(361) C=cnlsv(362) C=prdctv(363) 
V=uae C=crstn(364) 
V=uai C=mtbly(365) 
V=uao C=ltrsnd(366) 
V=uaoe C=qdcptr(367) 
V=ue C=ndtr(368) C=nthrd(369) C=nxpctd(370) C=pbscn(371) C=sbqnt(372) C=trblnc(373) 
V=uea C=ndrth(374) C=vlnrb(375) 
V=ueai C=srlm(376) C=srlt(377) 
V=uei C=sbjctv(378) C=sbvr(379) 
V=ueio C=sbctn(380) C=scn(381) C=sgtn(382) 
V=ueo C=brdnsm(383) C=ndrsc(384) 
V=ueoi C=sprnc(385) 
V=ui C=crlm(386) C=ftrsc(387) 
V=uia C=sbdry(388) C=sblmn(389) 
V=uiae C=ltmy(390) C=nwbl(391) C=splct(392) 
V=uie C=mltpr(393) C=mnfct(394) C=nvrsty(395) C=nyldg(396) C=qntpl(397) C=sbmv(398) C=sbt(399) C=scrtn(400) C=sfcnt(401) 
V=uio C=sbmn(402) 
V=uioa C=fnctl(403) 
V=uo C=nrthdx(404) 
