V=Aoae C=pclys(1) 
V=Aoe C=nglph(2) 
V=Eaei C=vnglst(3) 
V=a C=Jgnth(4) C=Mdgscn(5) C=Mdgscr(6) 
V=ae C=cptbl(7) C=cptn(8) C=ntcd(9) C=prhs(10) C=tbrncl(11) 
V=aei C=Glswgn(12) C=csbl(13) C=grsv(14) C=nsthc(15) C=prlgc(16) C=prmtc(17) C=prntc(18) 
V=aeio C=grsn(19) 
V=aeo C=cmrlng(20) C=mlvnt(21) C=wtrmln(22) C=wtrpf(23) 
V=ai C=Cblstc(24) C=Qblstc(25) C=cpblty(26) C=ftlsc(27) C=ntcp(28) C=rdclsm(29) C=sbtcl(30) C=slbty(31) 
V=aie C=cdntl(32) C=dmnstr(33) C=fmlyn(34) C=grndz(35) C=mbvlnt(36) C=mgstr(37) C=mnstr(38) C=nths(39) C=nths(40) C=ntmr(41) C=ntspc(42) C=plcb(43) C=prtcl(44) C=rthmc(45) C=trcv(46) C=trnsc(47) C=trnsv(48) 
V=aio C=cstrn(49) C=flctn(50) C=gyrtnl(51) C=plnt(52) C=rstc(53) C=stnry(54) C=strcn(55) C=trcn(56) C=trns(57) 
V=aioe C=rdmty(58) C=stnry(59) 
V=aiu C=prtcl(60) 
V=ao C=lbrty(61) C=mbsdr(62) C=prnml(63) 
V=aoe C=crdn(64) C=grmphn(65) C=pclys(66) C=pthcry(67) C=stndl(68) C=tmsphr(69) C=whtsvr(70) 
V=aoei C=plct(71) 
V=aoi C=grnmst(72) C=ntgs(73) C=ntgsm(74) 
V=aou C=ntyms(75) 
V=aoue C=bslty(76) 
V=aoui C=stndg(77) 
V=au C=grnt(78) 
V=aue C=crtly(79) C=frdlnt(80) C=mstrb(81) 
V=aui C=fctly(82) C=ltrsc(83) C=ntrlsm(84) 
V=auio C=smptn(85) 
V=auo C=cltr(86) 
V=e C=dtrnc(87) C=prcdn(88) C=vrywh(89) C=xcln(90) 
V=ea C=clbrtd(91) C=dlctb(92) C=dprct(93) C=dtcbl(94) C=lmntry(95) C=ngmt(96) C=prcntg(97) C=prfbl(98) C=prmnc(99) C=prt(100) C=prvlnc(101) C=rcptl(102) C=rmkbl(103) C=rpntc(104) C=sprtly(105) C=xtndbl(106) C=ystr(107) 
V=eai C=ldrshp(108) C=mchnl(109) C=mglthc(110) C=mrcntl(111) C=rltvsm(112) C=rstnd(113) C=tlphc(114) C=vnglsm(115) C=vnglst(116) 
V=eaio C=rfctn(117) C=tmpn(118) C=xtrcn(119) 
V=eaiu C=mngfl(120) 
V=eao C=cphld(121) C=mbsdr(122) 
V=eau C=dbchry(123) C=pcfly(124) C=rstn(125) C=vrncl(126) 
V=ei C=clmnt(127) C=cntmr(128) C=dfntly(129) C=gntcs(130) C=hmspr(131) C=mprcst(132) C=ntcm(133) C=ntrps(134) C=prcntl(135) C=prmtv(136) C=pstlnc(137) C=rflctv(138) C=rfnmt(139) C=rspctv(140) C=tnbrfc(141) C=xctmn(142) C=xpdncy(143) C=xprmnt(144) C=xtnsbl(145) 
V=eia C=cntgrd(146) C=crdntl(147) C=dspcbl(148) C=hrdty(149) C=hrmtcl(150) C=lgtmcy(151) C=pdstrn(152) C=prhl(153) C=rstnc(154) C=spclt(155) C=spcly(156) C=tchn(157) 
V=eiao C=vntlr(158) 
V=eio C=dclns(159) C=dprsn(160) C=hlcptr(161) C=prctn(162) C=prdctn(163) C=prfctn(164) C=prmsn(165) C=prvsn(166) C=rdmptn(167) C=rflctn(168) C=smlgy(169) C=xprsn(170) C=xtnc(171) 
V=eiou C=mystr(172) 
V=eiu C=cntrfg(173) C=dlnqt(174) C=rlnqsh(175) C=tchnm(176) C=xtngsh(177) 
V=eiua C=pnslr(178) 
V=eo C=bnvlt(179) C=ntmlgy(180) C=phnm(181) C=thrsc(182) 
V=eoa C=bfrhnd(183) C=drgty(184) C=hmrg(185) C=phnml(186) 
V=eoai C=dmcrt(187) C=prvcl(188) C=thcr(189) 
V=eoau C=mrnd(190) 
V=eoi C=gnrsty(191) C=hmglbn(192) C=hmrd(193) C=lctrn(194) C=mbdnt(195) C=mbrdy(196) C=rgnmcs(197) C=rspnv(198) 
V=eoia C=mthdcl(199) C=rhtcl(200) C=xrbtn(201) 
V=eou C=rmsfl(202) C=rndzvs(203) C=trmnds(204) 
V=eu C=rcn(205) C=rfndm(206) C=rsgnc(207) 
V=eua C=mnstr(208) C=rlctn(209) C=vntly(210) 
V=euai C=Sptgn(211) C=rglty(212) 
V=euao C=rglty(213) 
V=euia C=nthsm(214) C=rpblcn(215) 
V=euo C=sdly(216) 
V=i C=nhlstc(217) 
V=ia C=dsblty(218) C=mltrs(219) C=nhbt(220) C=nvrbly(221) C=rtng(222) C=smlrty(223) C=trvly(224) 
V=iae C=chmpnz(225) C=mpsbl(226) C=nfltr(227) C=ntgbl(228) C=stgmz(229) 
V=iao C=dgnstc(230) C=dspnt(231) C=fltrn(232) C=nfrct(233) C=nstgr(234) 
V=iaoe C=dsprv(235) 
V=iaou C=chvlrs(236) 
V=ie C=dfrnc(237) C=dscpln(238) C=dvrgnc(239) C=mltr(240) C=mltr(241) C=mpdnt(242) C=mprsv(243) C=ncrdbl(244) C=ngrdt(245) C=nstc(246) C=ntrp(247) C=nts(248) C=nvcbl(249) C=prvlgd(250) C=rdscnt(251) C=rvnt(252) C=scntf(253) C=smthrn(254) C=vndct(255) 
V=iea C=drvtn(256) C=knmtcs(257) C=mpcbl(258) C=ntsl(259) C=rngld(260) C=wdspr(261) 
V=ieo C=brdgm(262) C=dgrsn(263) C=dscrtn(264) C=dsprn(265) C=mprsn(266) C=nflct(267) C=nspct(268) 
V=ieu C=mln(269) 
V=io C=dstrn(270) 
V=ioa C=dctnry(271) C=hstrcl(272) C=msnry(273) C=vsnly(274) 
V=ioe C=bmtrcs(275) C=mcrphn(276) C=mcrsp(277) C=mpsbl(278) 
V=ioua C=bnclrs(279) 
V=ioue C=dsclr(280) 
V=iu C=lngstc(281) C=ntrg(282) 
V=iua C=ndstrl(283) 
V=iuae C=lstr(284) 
V=iue C=crms(285) C=dsrptv(286) C=dstrb(287) C=flbstr(288) C=ncr(289) C=ndcmt(290) C=ndlgc(291) 
V=iuo C=dscn(292) C=dsrptn(293) 
V=oa C=prgnd(294) C=rthgnl(295) 
V=oae C=clrbn(296) C=cltr(297) C=cmndr(298) C=cmprbl(299) C=cntrv(300) C=cthdrn(301) C=rnmtl(302) C=thps(303) 
V=oai C=bldstn(304) C=cmprsn(305) C=cmpsn(306) C=mycrdl(307) 
V=oaie C=cmptbl(308) 
V=oau C=vcblry(309) C=wrknd(310) 
V=oe C=chrms(311) C=cmptn(312) C=cndl(313) C=cnfr(314) C=hdgp(315) C=mnchr(316) C=mthrd(317) C=shpkr(318) C=wdpckr(319) 
V=oea C=cmnwl(320) C=cmpnst(321) C=cngrt(322) 
V=oeai C=pwrtn(323) 
V=oei C=brdln(324) C=cltn(325) C=cltv(326) C=cmpltn(327) C=cmptr(328) C=cnfs(329) C=cngst(330) C=cnpt(331) C=cns(332) C=cnt(333) C=cnvrs(334) C=cnvt(335) C=cnvt(336) C=lns(337) C=mnths(338) C=mnths(339) C=prfsn(340) C=prjctl(341) C=prjctn(342) C=prsv(343) C=prtcn(344) C=psn(345) 
V=oeia C=cmrl(346) C=prvbl(347) 
V=oeiu C=prmth(348) 
V=oeu C=Prmths(349) C=cnjtr(350) C=hrnds(351) C=prs(352) C=prsct(353) 
V=oeua C=cnptl(354) C=cnsl(355) C=prcdl(356) 
V=oi C=cmsn(357) C=cnt(358) C=cnvt(359) C=csmpl(360) C=mnchr(361) C=prtn(362) C=ptmsc(363) 
V=oia C=blgtry(364) C=hrzntl(365) C=prvncl(366) C=sldrty(367) 
V=oiae C=cmpln(368) C=cmplt(369) C=cnfst(370) C=frmdbl(371) C=prftbl(372) 
V=oie C=cmprs(373) C=cnfd(374) C=cns(375) C=crsp(376) C=mnfct(377) C=mnsct(378) C=prfcnt(379) C=prt(380) C=prvdnc(381) 
V=oiea C=cdntl(382) 
V=oiu C=cnty(383) 
V=oiue C=cmntd(384) C=cntrb(385) 
V=ou C=thrg(386) 
V=ouae C=cnsmt(387) C=trnm(388) 
V=ouai C=jrnlsm(389) C=jrnlst(390) C=tlndsh(391) 
V=oue C=cngr(392) C=crn(393) C=tprfm(394) 
V=ouea C=cntr(395) 
V=ouei C=vlmtrc(396) 
V=oui C=cnls(397) C=cns(398) C=cnvls(399) C=crptn(400) C=prlsn(401) C=prtsn(402) 
V=ouie C=cndtv(403) C=cnlsv(404) C=prdctv(405) 
V=uae C=crstn(406) C=qdrngl(407) 
V=uai C=mtbly(408) 
V=uao C=ltrsnd(409) 
V=uaoe C=qdcptr(410) 
V=ue C=ndtr(411) C=nftrd(412) C=nthrd(413) C=nxpctd(414) C=pbscn(415) C=sbqnt(416) C=trblnc(417) 
V=uea C=Jgrnt(418) C=jgrnt(419) C=ndrth(420) C=vlnrb(421) 
V=ueai C=srlm(422) C=srlt(423) 
V=uei C=sbjctv(424) C=sbvr(425) 
V=ueio C=sbctn(426) C=scn(427) C=sgtn(428) 
V=ueo C=brdnsm(429) C=ndrsc(430) C=stpnd(431) 
V=ueoi C=sprnc(432) 
V=ui C=crlm(433) C=ftrsc(434) 
V=uia C=sbdry(435) C=sblmn(436) 
V=uiae C=ltmy(437) C=nwbl(438) C=splct(439) 
V=uie C=mltpr(440) C=mnfct(441) C=nvrsty(442) C=nyldg(443) C=qntpl(444) C=sbmv(445) C=sbt(446) C=scrtn(447) C=sfcnt(448) 
V=uio C=sbmn(449) 
V=uioa C=fnctl(450) 
V=uo C=nrthdx(451) C=scrpl(452) 
V=uoai C=nrmtc(453) 
