V=ae C=bsktl(1) C=ftrwds(2) C=mnsrvt(3) C=prntly(4) C=scthl(5) C=smnt(6) C=tchmn(7) C=wtrcs(8) 
V=aei C=btlshp(9) C=frtny(10) C=stgrn(11) 
V=aeo C=trjcy(12) 
V=ai C=hndcrft(13) C=nrcsm(14) C=nrcst(15) C=phrmcst(16) C=plstcy(17) C=stc(18) C=trcng(19) 
V=aie C=bnshmt(20) C=flbns(21) C=lvshn(22) C=sgnmt(23) C=trnsg(24) 
V=aio C=mckntsh(25) C=rchbsp(26) C=wshngt(27) 
V=ao C=chlkbrd(28) C=cnbl(29) C=pcryhl(30) C=scrnt(31) 
V=aoe C=smrtphn(32) C=srtmn(33) 
V=aoi C=cmplsh(34) 
V=aou C=bckgrnd(35) 
V=aue C=djstmn(36) 
V=aui C=mnscrpt(37) C=trnslcd(38) 
V=e C=rsntm(39) C=stlmn(40) C=vhmntly(41) 
V=ea C=dprtmn(42) C=dscnt(43) C=lngdry(44) C=smtr(45) C=stpfhr(46) C=trgph(47) C=xpctny(48) 
V=eai C=nchtg(49) C=ntrcg(50) C=sytmc(51) 
V=eao C=mlnchy(52) C=prmfst(53) 
V=eau C=mgchr(54) C=mtlrgy(55) 
V=ei C=mbrshp(56) C=prmnt(57) C=prsdncy(58) C=prstn(59) C=rsgndly(60) C=skptcm(61) C=synrgtc(62) C=synthz(63) C=synthz(64) C=vrythng(65) 
V=eia C=hystrcl(66) 
V=eo C=hncfrt(67) C=mplynt(68) C=rtspc(69) C=stpmhr(70) C=tchnlgy(71) 
V=eoa C=tchnr(72) 
V=eoi C=cnsrhp(73) C=flwshp(74) C=hyprblc(75) C=ngrs(76) 
V=eu C=frqntly(77) C=rspctfl(78) 
V=i C=smplcty(79) 
V=ia C=kdnpg(80) C=wthdrl(81) 
V=iae C=hglndr(82) 
V=ie C=btrns(83) C=dstlry(84) C=frndshp(85) C=grlfnd(86) C=ncrdbly(87) C=ndctm(88) C=ntrshp(89) C=nvstm(90) C=wldrns(91) 
V=iea C=hntrld(92) 
V=io C=knghtd(93) C=phlsy(94) 
V=ioa C=dscrnt(95) C=pctgrh(96) 
V=ioe C=dscnt(97) C=dsp(98) C=flnts(99) C=ntrspc(100) C=pckt(101) 
V=iu C=dfclty(102) C=dsgtn(103) 
V=iue C=crmvnt(104) C=nsrgcy(105) C=nstrm(106) 
V=o C=chrnlgy(107) C=prmnty(108) 
V=oa C=cntrbd(109) C=hlgrpy(110) C=nchlt(111) C=phngr(112) 
V=oae C=prgm(113) 
V=oai C=cnstr(114) C=cntrd(115) C=stch(116) 
V=oe C=btmls(117) C=cmplnt(118) C=cmplty(119) C=cmprhnd(120) C=cnds(121) C=cntrl(122) C=cnvrsly(123) C=crspnd(124) C=gvrnmt(125) C=phtmry(126) C=plychrm(127) 
V=oea C=cmntry(128) C=cnts(129) C=smktc(130) C=vlyb(131) 
V=oei C=cltng(132) C=cmplxty(133) C=hypdrmc(134) C=prsth(135) C=prsthc(136) C=prsty(137) 
V=oeu C=mlybdn(138) 
V=oi C=Gnstcm(139) C=cmplty(140) C=cnfrmty(141) C=cnvg(142) C=gyrscp(143) 
V=oia C=cnspry(144) C=prftbly(145) 
V=oie C=cmplnt(146) C=cnst(147) C=cntg(148) 
V=ou C=phsr(149) C=synm(150) C=thgfl(151) C=thrgp(152) 
V=oua C=cnslt(153) 
V=oue C=cnrt(154) 
V=uae C=frstd(155) 
V=ue C=scfl(156) C=splmnt(157) 
V=uea C=ndrst(158) 
V=uei C=blndrg(159) 
V=ui C=pbrng(160) 
V=uie C=clmsn(161) C=sbcr(162) 
V=uoe C=Scnthrp(163) 
