V=ae C=mrktplc(1) C=prnths(2) C=rngmt(3) 
V=aei C=clndst(4) C=mthcs(5) 
V=aeou C=dngrsly(6) 
V=ai C=chrsmt(7) C=fscntg(8) C=prtcn(9) 
V=aie C=hndcp(10) C=mgnfct(11) C=stndrz(12) 
V=aio C=bstrcn(13) C=trnsc(14) C=trnsl(15) 
V=aoe C=cknwldg(16) 
V=aoi C=pclyt(17) 
V=aoie C=pntm(18) 
V=aui C=grnlty(19) 
V=auie C=hgtns(20) 
V=auo C=mnfctry(21) 
V=ea C=rmbnc(22) C=rplcmnt(23) C=rsmblnc(24) C=tmprn(25) C=xtrvgn(26) 
V=eai C=mngls(27) C=mrchnds(28) C=vrlstng(29) 
V=eao C=Frmsny(30) 
V=eau C=spctlr(31) 
V=ei C=crdblty(32) C=flxbty(33) C=lctry(34) C=prsctv(35) C=prstnc(36) C=psmtc(37) C=rmnsct(38) C=snblty(39) C=sntvy(40) C=xcdngly(41) 
V=eia C=Nthrlnd(42) C=dtrmnl(43) C=prdctbl(44) C=sdmntry(45) C=sntml(46) 
V=eio C=dscrptn(47) C=nvrmt(48) C=prhstc(49) C=rstcn(50) C=tchnlr(51) C=trmnlgy(52) 
V=eo C=dvlpmnt(53) C=grntly(54) C=ndrsmt(55) C=tchnpb(56) C=thrm(57) 
V=eoa C=dmnstr(58) C=prfmnc(59) 
V=eoai C=prsnlty(60) 
V=eoi C=rspnbl(61) 
V=eoia C=prdmnt(62) 
V=eui C=dstrcv(63) 
V=euio C=dstrcn(64) 
V=ia C=mpsvty(65) C=sgnfct(66) 
V=iae C=ntrcbl(67) 
V=iao C=dsprvl(68) C=dstrcn(69) 
V=ie C=dstncv(70) C=mprtn(71) C=ndpt(72) C=nstcv(73) C=ntlg(74) C=ntrp(75) C=ntrsg(76) C=ntsvly(77) C=sghtn(78) 
V=iea C=mprnt(79) C=ncrmtl(80) 
V=io C=dstnc(81) C=nscrpt(82) 
V=ioe C=mprvnt(83) 
V=iu C=dstngh(84) C=lngstc(85) 
V=iuae C=nscrtbl(86) 
V=iue C=nstrcv(87) 
V=iuo C=nstrc(88) 
V=oae C=cmfrtbl(89) C=cmndt(90) C=nchl(91) C=stmch(92) 
V=oaei C=spnty(93) 
V=oai C=cntr(94) C=prtgns(95) 
V=oe C=blgsphr(96) C=cnvrg(97) 
V=oea C=cntmpl(98) C=cntr(99) 
V=oeai C=vrlpng(100) 
V=oei C=cmprsn(101) C=hyptsz(102) C=pltrgs(103) C=prgsn(104) C=prgsv(105) C=prsctv(106) 
V=oeia C=nscl(107) 
V=oeu C=frthg(108) 
V=oi C=psblty(109) 
V=oia C=hsptly(110) 
V=oiae C=cmpltd(111) 
V=oie C=cnfmt(112) C=flshn(113) C=prfcny(114) 
V=oiea C=cntl(115) C=prty(116) 
V=oiu C=cntrb(117) 
V=oiue C=cnst(118) 
V=ouae C=frtnly(119) 
V=ouai C=tsndg(120) 
V=oue C=prcmnt(121) 
V=ouea C=cntrmd(122) C=cntrp(123) C=dcmntry(124) 
V=oui C=bstrcn(125) C=cnjt(126) C=prtny(127) 
V=uae C=fndmtl(128) 
V=uai C=sbtncl(129) C=sbtnl(130) 
V=uaio C=frstn(131) C=sbtrcn(132) 
V=uaoi C=ltrphnc(133) 
V=uea C=ncsry(134) 
V=ueio C=sprn(135) 
V=ueo C=frthm(136) C=ndrg(137) 
V=uiea C=nvrsly(138) C=rdmnty(139) 
V=uioa C=nmprt(140) 
V=uoe C=ndbtly(141) 
