V=aei C=ltrnv(1) C=mstrpc(2) C=prcbl(3) 
V=aeio C=fctn(4) C=grtn(5) C=ltrcn(6) 
V=aeo C=rchlgy(7) 
V=aie C=frmtv(8) C=mntc(9) C=ntcpd(10) C=prtc(11) C=snt(12) 
V=aieo C=rchplg(13) 
V=aio C=fbrctn(14) C=frmtn(15) C=nlyzt(16) C=ntly(17) C=plctn(18) C=trdnl(19) 
V=aiou C=crnvs(20) 
V=aiue C=grclt(21) 
V=aiuo C=trbn(22) 
V=aoe C=cmdt(23) 
V=aoi C=brgdc(24) C=prbtn(25) 
V=aoie C=prt(26) C=prxmt(27) C=slvt(28) 
V=aue C=lcqrw(29) C=mnfctr(30) 
V=auio C=cltn(31) 
V=eai C=Rnsc(32) C=fsblty(33) C=rclbt(34) C=rnsc(35) C=vnglc(36) 
V=eaio C=clbrtn(37) C=dclrtn(38) C=mbrktn(39) C=pntr(40) C=prtn(41) C=rsvtn(42) C=sntl(43) C=xclmtn(44) C=xpctn(45) C=xplnt(46) C=xtrdn(47) 
V=eao C=sprmtz(48) 
V=eaoi C=pdgcl(49) 
V=eaou C=trchs(50) C=whrbts(51) 
V=eau C=hdqrt(52) C=msrnt(53) C=tmpr(54) C=trsbl(55) 
V=eia C=crtf(56) C=dlvrnc(57) C=prct(58) C=xtrmn(59) 
V=eiao C=dsgnt(60) C=dstn(61) C=rsptn(62) C=trmn(63) 
V=eio C=bndct(64) 
V=eioa C=xcptnl(65) 
V=eiou C=prtns(66) 
V=eiu C=xpndtr(67) 
V=eiuo C=rtbn(68) 
V=eoa C=rcvbl(69) C=xpctr(70) 
V=eoai C=dfrmtn(71) C=prgtv(72) C=rstn(73) 
V=eoi C=prstn(74) C=rcgnt(75) 
V=eoia C=thrcl(76) 
V=eou C=rscfl(77) 
V=euai C=spcltv(78) 
V=euaio C=prmtn(79) C=spcltn(80) 
V=eui C=rqmnt(81) 
V=euia C=rgt(82) 
V=euo C=vntrsm(83) 
V=iae C=dlpt(84) C=ncrt(85) C=nst(86) 
V=iao C=dsptn(87) C=mgrtn(88) C=mplctn(89) C=nclt(90) C=ncrt(91) C=ndgt(92) C=nsprt(93) 
V=ie C=nsctd(94) 
V=iea C=mdtly(95) C=mprbl(96) C=mprls(97) C=ntrcv(98) C=nvstg(99) C=tmchn(100) 
V=ieao C=ntgr(101) C=ntrc(102) 
V=ieo C=nfrty(103) 
V=ieoa C=mprsnt(104) C=ntl(105) C=ntrg(106) 
V=ieou C=ntrcs(107) 
V=ieuo C=ncrdls(108) 
V=ioa C=nfrmt(109) 
V=ioae C=ncrpt(110) C=ntxcd(111) 
V=iou C=ncgrs(112) 
V=iua C=lmnts(113) 
V=iuao C=stmln(114) 
V=iuea C=nmrbl(115) 
V=iuo C=nst(116) 
V=oae C=clbrt(117) C=cnt(118) C=crbt(119) 
V=oaeu C=spnt(120) 
V=oai C=cltn(121) C=cnslt(122) C=cnt(123) C=cnvt(124) C=crptn(125) 
V=oaie C=cntm(126) C=prvct(127) 
V=oea C=cmrt(128) C=cnfdrt(129) 
V=oeai C=bsrvtn(130) C=crltn(131) 
V=oei C=cmptn(132) C=cmptv(133) 
V=oeia C=cnvbl(134) 
V=oeu C=cnsq(135) 
V=oeui C=cnstv(136) C=prsctn(137) 
V=oi C=cmpstn(138) C=prhbtn(139) 
V=oia C=cmbnt(140) C=cndtl(141) C=prvsnl(142) C=scltn(143) 
V=oiae C=cnsldt(144) 
V=oie C=cnd(145) 
V=oiea C=cnsdrt(146) 
V=oiu C=cndm(147) C=cnsp(148) C=ntrsly(149) C=prmsc(150) 
V=oiuae C=cnt(151) 
V=oue C=trblsm(152) 
V=ouea C=cnt(153) 
V=ouei C=cntrf(154) 
V=ouiae C=cmnt(155) 
V=uaie C=stnbl(156) 
V=uaio C=pnct(157) 
V=uea C=brcy(158) 
V=ueia C=sprfcl(159) 
V=ueio C=sprvn(160) 
V=uiao C=cltvn(161) C=hmltry(162) 
V=uio C=dplcts(163) C=sbdvn(164) 
V=uioa C=mltn(165) 
V=uoae C=nfrt(166) 
V=uoiae C=sbrdnt(167) 
