V=ae C=mrktplc(1) C=prnths(2) C=rngmt(3) 
V=aei C=clndst(4) C=mthcs(5) 
V=aeiu C=trnsmd(6) 
V=aeo C=ptrns(7) 
V=aeou C=dngrsly(8) 
V=ai C=Cblstc(9) C=Kblstc(10) C=chrsmt(11) C=cnblsm(12) C=fscntg(13) C=grmtcl(14) C=nrchst(15) C=prtcn(16) 
V=aie C=hndcp(17) C=mgnfct(18) C=rgnmt(19) C=stndrz(20) 
V=aio C=bstrcn(21) C=clrvynt(22) C=trnsc(23) C=trnsl(24) 
V=aoe C=cknwldg(25) 
V=aoi C=Cthlcsm(26) C=nchrsm(27) C=pclyt(28) C=pthlgs(29) C=ptrnzg(30) 
V=aoie C=pntm(31) 
V=aou C=srcphg(32) 
V=aui C=grnlty(33) 
V=auie C=hgtns(34) 
V=auio C=trnsf(35) 
V=auo C=mnfctry(36) 
V=ea C=Nndrthl(37) C=rmbnc(38) C=rplcmnt(39) C=rsmblnc(40) C=tmprn(41) C=xtrvgn(42) 
V=eai C=hyprctv(43) C=mngls(44) C=mrchnds(45) C=vrlstng(46) C=vrstly(47) 
V=eao C=Frmsny(48) C=prt(49) C=schtlgy(50) C=trhdn(51) 
V=eau C=spctlr(52) 
V=ei C=Hlnstc(53) C=crdblty(54) C=dtrmns(55) C=flxbty(56) C=lctry(57) C=prsctv(58) C=prstnc(59) C=psmtc(60) C=rmnsct(61) C=slctvy(62) C=snblty(63) C=sntvy(64) C=xcdngly(65) 
V=eia C=Nthrlnd(66) C=dtrmnl(67) C=prctn(68) C=prdctbl(69) C=prlmny(70) C=sdmntry(71) C=sntml(72) 
V=eiao C=rspty(73) 
V=eio C=dscrptn(74) C=nvrmt(75) C=prhstc(76) C=rstcn(77) C=tchnlr(78) C=trmnlgy(79) 
V=eioa C=mrtcy(80) 
V=eiua C=cntrfgl(81) 
V=eo C=dvlpmnt(82) C=grntly(83) C=mthdlgy(84) C=ndrsmt(85) C=prdcs(86) C=rmsl(87) C=tchnpb(88) C=thrm(89) 
V=eoa C=dmnstr(90) C=prfmnc(91) 
V=eoai C=dmgrphc(92) C=prsnlty(93) 
V=eoi C=rspnbl(94) 
V=eoia C=prdmnt(95) 
V=eui C=dstrcv(96) 
V=euio C=dstrcn(97) C=prsmtn(98) 
V=ia C=crmnlty(99) C=mpsvty(100) C=sgnfct(101) 
V=iae C=ndvrt(102) C=ntrcbl(103) 
V=iao C=dfrctn(104) C=dsprvl(105) C=dstrcn(106) 
V=ie C=dscrnbl(107) C=dstncv(108) C=mprtn(109) C=ndfrt(110) C=ndpt(111) C=nfrtly(112) C=nstcv(113) C=ntlg(114) C=ntrp(115) C=ntrsg(116) C=ntrvg(117) C=ntsvly(118) C=sghtn(119) 
V=iea C=mprnt(120) C=ncrmtl(121) 
V=io C=dstnc(122) C=mcrsp(123) C=nscrpt(124) 
V=ioe C=mprvnt(125) 
V=ioue C=mscntr(126) 
V=iu C=dstngh(127) C=lngstc(128) 
V=iuae C=dstrbnc(129) C=nscrtbl(130) 
V=iue C=nstrcv(131) 
V=iuo C=nstrc(132) 
V=oae C=cmfrtbl(133) C=cmndt(134) C=nchl(135) C=stmch(136) 
V=oaei C=spnty(137) 
V=oai C=cntr(138) C=cntrp(139) C=hlgrpc(140) C=prtgns(141) C=rgncly(142) C=tpgrhc(143) 
V=oau C=cntrl(144) 
V=oe C=blgsphr(145) C=chlrpn(146) C=chlstr(147) C=cnvrg(148) 
V=oea C=cmntr(149) C=cntmpl(150) C=cntr(151) 
V=oeai C=vrlpng(152) 
V=oei C=bjctvy(153) C=cmprsn(154) C=hyptsz(155) C=pltrgs(156) C=prgsn(157) C=prgsv(158) C=prsctv(159) 
V=oeia C=nscl(160) 
V=oeu C=frthg(161) 
V=oi C=psblty(162) 
V=oia C=hsptly(163) 
V=oiae C=cmpltd(164) 
V=oie C=cnfmt(165) C=flshn(166) C=prfcny(167) 
V=oiea C=cntl(168) C=prty(169) 
V=oiu C=cntrb(170) 
V=oiue C=cnst(171) 
V=ouae C=frtnly(172) 
V=ouai C=tsndg(173) 
V=oue C=prcmnt(174) 
V=ouea C=cntrmd(175) C=cntrp(176) C=dcmntry(177) 
V=oui C=bstrcn(178) C=cmnst(179) C=cnfdg(180) C=cnjt(181) C=prtny(182) 
V=ouie C=cmbstl(183) 
V=uae C=fndmtl(184) C=nchrtd(185) 
V=uai C=plrstc(186) C=sbtncl(187) C=sbtnl(188) 
V=uaie C=sbtnv(189) 
V=uaio C=frstn(190) C=sbtrcn(191) 
V=uaoi C=ltrphnc(192) 
V=ue C=spnfl(193) 
V=uea C=ncsry(194) 
V=uei C=nrltg(195) C=sbrvnt(196) 
V=ueio C=sprn(197) 
V=ueo C=frthm(198) C=ndrg(199) 
V=uie C=lmnsct(200) C=sbjnctv(201) 
V=uiea C=nvrsly(202) C=rdmnty(203) 
V=uioa C=nmprt(204) 
V=uoe C=flrscnt(205) C=ndbtly(206) 
