V=aei C=dvrst(1) C=ltrnv(2) C=mphtn(3) C=mstrpc(4) C=nsthc(5) C=prcbl(6) 
V=aeio C=fctn(7) C=grtn(8) C=ltrcn(9) 
V=aeiu C=plntrm(10) 
V=aeo C=hmrg(11) C=rchlgy(12) 
V=aeoi C=ctgrl(13) C=hmglbn(14) 
V=ai C=prstcl(15) 
V=aie C=frmtv(16) C=mntc(17) C=ntcpd(18) C=prtc(19) C=snt(20) 
V=aieo C=rchplg(21) 
V=aio C=clbrtn(22) C=fbrctn(23) C=frmtn(24) C=nlyzt(25) C=ntly(26) C=plctn(27) C=trdnl(28) 
V=aiou C=crnvs(29) 
V=aiu C=rdclts(30) 
V=aiue C=grclt(31) 
V=aiuo C=trbn(32) 
V=aoe C=cmdt(33) 
V=aoi C=brgdc(34) C=prbtn(35) C=prdxcl(36) 
V=aoie C=prt(37) C=prxmt(38) C=slvt(39) 
V=aue C=lcqrw(40) C=mnfctr(41) 
V=auio C=cltn(42) 
V=eai C=Rnsc(43) C=fsblty(44) C=rclbt(45) C=rnsc(46) C=vnglc(47) 
V=eaio C=clbrtn(48) C=dclrtn(49) C=mbrktn(50) C=pntr(51) C=prtn(52) C=rsvtn(53) C=sntl(54) C=xclmtn(55) C=xpctn(56) C=xplnt(57) C=xtrdn(58) 
V=eao C=sprmtz(59) 
V=eaoi C=pdgcl(60) 
V=eaou C=trchs(61) C=whrbts(62) 
V=eau C=hdqrt(63) C=msrnt(64) C=thsr(65) C=tmpr(66) C=trsbl(67) 
V=eaui C=thrpc(68) 
V=eia C=crtf(69) C=dlvrnc(70) C=prct(71) C=xtrmn(72) 
V=eiao C=dsgnt(73) C=dstn(74) C=rsptn(75) C=trmn(76) 
V=eio C=bndct(77) C=rvsnm(78) 
V=eioa C=tsmnl(79) C=xcptnl(80) 
V=eiou C=prstg(81) C=prtns(82) 
V=eiu C=xpndtr(83) 
V=eiuo C=rtbn(84) 
V=eo C=strcp(85) 
V=eoa C=rcvbl(86) C=xpctr(87) 
V=eoai C=dfrmtn(88) C=prgtv(89) C=rstn(90) C=rtcv(91) 
V=eoi C=prmnt(92) C=prstn(93) C=rcgnt(94) 
V=eoia C=thlgc(95) C=thrcl(96) C=xrbtnc(97) 
V=eou C=rscfl(98) 
V=euai C=spcltv(99) 
V=euaio C=prmtn(100) C=spcltn(101) 
V=eui C=rqmnt(102) 
V=euia C=pclrty(103) C=pnltm(104) C=rgt(105) 
V=euo C=vntrsm(106) 
V=iae C=dlpt(107) C=ncrt(108) C=nst(109) 
V=iao C=dsptn(110) C=mgrtn(111) C=mplctn(112) C=nclt(113) C=ncrt(114) C=nct(115) C=ndgt(116) C=nsprt(117) C=nstg(118) C=vbrtnl(119) 
V=ie C=ndvsbl(120) C=nsctd(121) 
V=iea C=mdtly(122) C=mprbl(123) C=mprls(124) C=ntrcv(125) C=nvstg(126) C=tmchn(127) 
V=ieao C=ntgr(128) C=ntrc(129) 
V=ieo C=nfrty(130) 
V=ieoa C=mprsnt(131) C=ntl(132) C=ntrg(133) 
V=ieou C=mschv(134) C=ntrcs(135) 
V=ieuo C=ncrdls(136) 
V=io C=dsptn(137) 
V=ioa C=nfrmt(138) 
V=ioae C=cshdrn(139) C=ncrpt(140) C=ntxcd(141) 
V=ioea C=bmtrcl(142) 
V=iou C=ncgrs(143) 
V=iua C=lmnts(144) 
V=iuao C=stmln(145) 
V=iuea C=nmrbl(146) 
V=iuo C=nst(147) 
V=oae C=clbrt(148) C=cnt(149) C=crbt(150) 
V=oaeu C=spnt(151) 
V=oai C=cltn(152) C=cnslt(153) C=cnt(154) C=cnvt(155) C=crptn(156) 
V=oaie C=cntm(157) C=prvct(158) 
V=oea C=cmrt(159) C=cnfdrt(160) C=pmgrnt(161) 
V=oeai C=bsrvtn(162) C=crltn(163) 
V=oei C=cmptn(164) C=cmptv(165) 
V=oeia C=cnvbl(166) 
V=oeiu C=cnts(167) 
V=oeu C=cnsq(168) 
V=oeui C=cnstv(169) C=prsctn(170) 
V=oi C=cmpstn(171) C=prhbtn(172) 
V=oia C=cmbnt(173) C=cndtl(174) C=prvsnl(175) C=scltn(176) 
V=oiae C=cnsldt(177) C=pntfc(178) 
V=oie C=cnd(179) 
V=oiea C=cnsdrt(180) C=prlft(181) 
V=oiu C=cndm(182) C=cnsp(183) C=ntrsly(184) C=prmsc(185) 
V=oiuae C=cnt(186) 
V=ouai C=cnjgt(187) C=cnjrt(188) C=pstln(189) 
V=oue C=trblsm(190) 
V=ouea C=cnt(191) 
V=ouei C=cntrf(192) 
V=ouiae C=cmnt(193) 
V=uaie C=stnbl(194) 
V=uaio C=flctn(195) C=pnct(196) 
V=uaioe C=ltrv(197) 
V=uea C=brcy(198) 
V=ueia C=sprfcl(199) 
V=ueio C=sprty(200) C=sprvn(201) 
V=uiao C=cltvn(202) C=hmltry(203) 
V=uio C=dplcts(204) C=sbdvn(205) 
V=uioa C=mltn(206) 
V=uoae C=nfrt(207) 
V=uoiae C=sbrdnt(208) 
