V=aei C=dvrst(1) C=ltrnv(2) C=mphtn(3) C=mstrpc(4) C=mtrls(5) C=nsthc(6) C=prcbl(7) 
V=aeio C=fctn(8) C=grtn(9) C=ltrcn(10) 
V=aeiu C=plntrm(11) 
V=aeo C=hmrg(12) C=rchlgy(13) 
V=aeoi C=ctgrl(14) C=hmglbn(15) 
V=ai C=prstcl(16) 
V=aie C=cnblz(17) C=frmtv(18) C=mntc(19) C=ntcpd(20) C=prtc(21) C=snt(22) 
V=aieo C=rchplg(23) 
V=aio C=clbrtn(24) C=fbrctn(25) C=frmtn(26) C=nlyzt(27) C=ntly(28) C=plctn(29) C=trdnl(30) 
V=aiou C=crnvs(31) 
V=aiu C=rdclts(32) 
V=aiue C=grclt(33) 
V=aiuo C=trbn(34) 
V=aoe C=cmdt(35) 
V=aoei C=plgtcs(36) 
V=aoi C=brgdc(37) C=prbtn(38) C=prdxcl(39) 
V=aoie C=prt(40) C=prxmt(41) C=slvt(42) 
V=aue C=lcqrw(43) C=mnfctr(44) 
V=auio C=cltn(45) 
V=eai C=Rnsc(46) C=fsblty(47) C=mtsz(48) C=rclbt(49) C=rnsc(50) C=vnglc(51) 
V=eaio C=clbrtn(52) C=dclrtn(53) C=mbrktn(54) C=pntr(55) C=prtn(56) C=rctny(57) C=rsvtn(58) C=sntl(59) C=xclmtn(60) C=xpctn(61) C=xplnt(62) C=xtrdn(63) 
V=eao C=sprmtz(64) C=xtrpl(65) 
V=eaoi C=grmphb(66) C=pdgcl(67) 
V=eaou C=trchs(68) C=whrbts(69) 
V=eau C=hdqrt(70) C=msrnt(71) C=thsr(72) C=tmpr(73) C=trsbl(74) 
V=eaui C=thrpc(75) 
V=eia C=crtf(76) C=dlvrnc(77) C=ncst(78) C=prct(79) C=xstnl(80) C=xtrmn(81) 
V=eiao C=dsgnt(82) C=dstn(83) C=rsptn(84) C=trmn(85) 
V=eio C=bndct(86) C=rvsnm(87) 
V=eioa C=tsmnl(88) C=xcptnl(89) 
V=eiou C=prcts(90) C=prstg(91) C=prtns(92) 
V=eiu C=xpndtr(93) 
V=eiuo C=rtbn(94) 
V=eo C=bnvlc(95) C=strcp(96) 
V=eoa C=rcvbl(97) C=xpctr(98) 
V=eoai C=dfrmtn(99) C=prgtv(100) C=rstn(101) C=rtcv(102) 
V=eoi C=prmnt(103) C=prstn(104) C=rcgnt(105) 
V=eoia C=grmphb(106) C=thlgc(107) C=thrcl(108) C=xrbtnc(109) 
V=eou C=rscfl(110) 
V=euai C=spcltv(111) 
V=euaio C=prmtn(112) C=spcltn(113) 
V=eui C=rqmnt(114) 
V=euia C=pclrty(115) C=pnltm(116) C=rgt(117) 
V=euo C=vntrsm(118) 
V=iae C=dlpt(119) C=mntz(120) C=ncrt(121) C=nftcd(122) C=nst(123) 
V=iao C=dsptn(124) C=mgrtn(125) C=mplctn(126) C=nclt(127) C=ncrt(128) C=nct(129) C=ndgt(130) C=nsprt(131) C=nstg(132) C=vbrtnl(133) 
V=ie C=ndvsbl(134) C=nsctd(135) 
V=iea C=lbrtn(136) C=mdtly(137) C=mlnr(138) C=mprbl(139) C=mprls(140) C=ntrcv(141) C=nvstg(142) C=tmchn(143) 
V=ieao C=nfst(144) C=ntgr(145) C=ntrc(146) 
V=ieo C=nfrty(147) 
V=ieoa C=mprsnt(148) C=ntl(149) C=ntrg(150) 
V=ieou C=mschv(151) C=ntrcs(152) 
V=ieuo C=ncrdls(153) 
V=io C=dsptn(154) 
V=ioa C=nfrmt(155) 
V=ioae C=cshdrn(156) C=ncrpt(157) C=ntxcd(158) 
V=ioea C=bmtrcl(159) 
V=iou C=ncgrs(160) 
V=iua C=lmnts(161) 
V=iuao C=stmln(162) C=stpln(163) C=trbln(164) 
V=iuea C=nmrbl(165) 
V=iuo C=nst(166) 
V=oae C=clbrt(167) C=cnt(168) C=crbt(169) 
V=oaeu C=spnt(170) 
V=oai C=cltn(171) C=cnslt(172) C=cnt(173) C=cnvt(174) C=crptn(175) 
V=oaie C=cntm(176) C=prvct(177) 
V=oaue C=cnfblt(178) 
V=oea C=cmrt(179) C=cnfdrt(180) C=pmgrnt(181) 
V=oeai C=bsrvtn(182) C=crltn(183) C=mlstn(184) C=prctn(185) 
V=oei C=cmptn(186) C=cmptv(187) 
V=oeia C=cnvbl(188) 
V=oeiu C=cnts(189) 
V=oeu C=cnsq(190) 
V=oeui C=cnstv(191) C=prsctn(192) 
V=oi C=cmpstn(193) C=prhbtn(194) 
V=oia C=cmbnt(195) C=cndtl(196) C=frnct(197) C=ntlgc(198) C=prvsnl(199) C=scltn(200) 
V=oiae C=cnsldt(201) C=pntfc(202) 
V=oie C=cnd(203) 
V=oiea C=cnsdrt(204) C=prlft(205) 
V=oiu C=cndm(206) C=cnsp(207) C=ntrsly(208) C=prmsc(209) 
V=oiuae C=cnt(210) 
V=ouai C=cnjgt(211) C=cnjrt(212) C=pstln(213) 
V=oue C=trblsm(214) 
V=ouea C=cnt(215) 
V=ouei C=cntrf(216) 
V=ouiae C=cmnt(217) 
V=uaie C=stnbl(218) 
V=uaio C=flctn(219) C=pnct(220) 
V=uaioe C=ltrv(221) 
V=uea C=brcy(222) 
V=ueia C=sprfcl(223) 
V=ueio C=sprty(224) C=sprvn(225) 
V=uiao C=cltvn(226) C=hmltry(227) 
V=uio C=dplcts(228) C=sbdvn(229) 
V=uioa C=mltn(230) 
V=uoae C=nfrt(231) 
V=uoiae C=sbrdnt(232) 
