V=ae C=crlsn(1) 
V=aei C=trnsv(2) 
V=aeo C=pndctmy(3) 
V=ai C=nrcst(4) C=prtcny(5) 
V=aiu C=prtcly(6) 
V=ao C=nthrplgy(7) 
V=aoi C=ctsrph(8) 
V=aou C=synchr(9) 
V=aue C=trnslc(10) 
V=e C=nvrthls(11) 
V=ea C=ntglm(12) C=ntrp(13) C=sldghmr(14) C=strngm(15) 
V=eai C=Pnsylv(16) C=hyprlsm(17) C=hyprlt(18) C=mbrsng(19) C=mchnly(20) C=mtphyscl(21) C=rsgnmt(22) 
V=ei C=prsntm(23) C=wldsgn(24) 
V=eia C=Gmnschft(25) C=Prsbytn(26) 
V=eoa C=grntcy(27) C=ncrhmt(28) 
V=eoai C=dmgrphcs(29) 
V=eoi C=tchnlgs(30) 
V=iae C=ncdst(31) C=ntrsg(32) 
V=iao C=nflmtry(33) 
V=ie C=ndbts(34) C=nfrgmt(35) C=ntrm(36) 
V=iea C=dsmblnc(37) C=kndrgt(38) C=ntrsl(39) 
V=ieo C=hrglypc(40) 
V=io C=msgyntc(41) 
V=ioe C=ncst(42) 
V=iuae C=crmstn(43) 
V=iue C=crmnt(44) C=crmsb(45) 
V=oai C=rthgpc(46) C=sprdcly(47) 
V=oe C=tghrns(48) 
V=oea C=cmnwlth(49) C=cnsrvty(50) C=cntmpry(51) 
V=oei C=bldtng(52) C=cntmpbl(53) C=cnvtly(54) C=vrwhlmng(55) 
V=oeia C=hypglcm(56) C=hyptcl(57) 
V=oeu C=cnsqtly(58) 
V=oi C=cnsrpt(59) C=psblty(60) 
V=ou C=hypclrs(61) C=psthmly(62) 
V=oui C=cnstr(63) 
V=uai C=qscrytl(64) 
V=ue C=sbqntly(65) 
V=ueo C=ndrpfm(66) C=nmplyt(67) 
V=uio C=sbcrptn(68) 
V=uoi C=srndg(69) 
V=uoie C=sbcnt(70) 
