V=ae C=crlsn(1) 
V=aei C=trnsv(2) 
V=aeo C=pndctmy(3) 
V=ai C=nrcst(4) C=prtcny(5) 
V=aiu C=prtcly(6) 
V=ao C=nthrplgy(7) 
V=aoi C=ctsrph(8) 
V=aou C=synchr(9) 
V=aue C=trnslc(10) 
V=e C=nvrthls(11) 
V=ea C=ntglm(12) C=ntrp(13) C=sldghmr(14) C=strngm(15) 
V=eai C=Pnsylv(16) C=hyprlsm(17) C=hyprlt(18) C=mbrsng(19) C=mchnly(20) C=mtphyscl(21) C=rsgnmt(22) 
V=ei C=prsntm(23) C=wldsgn(24) 
V=eia C=Gmnschft(25) 
V=eoa C=grntcy(26) C=ncrhmt(27) 
V=eoai C=dmgrphcs(28) 
V=eoi C=tchnlgs(29) 
V=iae C=ncdst(30) C=ntrsg(31) 
V=iao C=nflmtry(32) 
V=ie C=ndbts(33) C=nfrgmt(34) 
V=iea C=dsmblnc(35) C=kndrgt(36) C=ntrsl(37) 
V=ieo C=hrglypc(38) 
V=ioe C=ncst(39) 
V=iuae C=crmstn(40) 
V=iue C=crmnt(41) C=crmsb(42) 
V=oai C=rthgpc(43) C=sprdcly(44) 
V=oe C=tghrns(45) 
V=oea C=cmnwlth(46) C=cnsrvty(47) C=cntmpry(48) 
V=oei C=bldtng(49) C=cntmpbl(50) C=cnvtly(51) C=vrwhlmng(52) 
V=oeia C=hypglcm(53) C=hyptcl(54) 
V=oeu C=cnsqtly(55) 
V=oi C=cnsrpt(56) C=psblty(57) 
V=ou C=hypclrs(58) C=psthmly(59) 
V=oui C=cnstr(60) 
V=uai C=qscrytl(61) 
V=ueo C=nmplyt(62) 
V=uio C=sbcrptn(63) 
V=uoi C=srndg(64) 
