V=aei C=cdmly(1) C=lphbtc(2) 
V=aeio C=cnlt(3) C=prhns(4) 
V=aie C=dmnstr(5) C=mgnfc(6) C=prtcn(7) 
V=aieu C=rcht(8) 
V=aio C=sntr(9) C=stfcn(10) 
V=aiu C=grclt(11) 
V=aoue C=ncmt(12) 
V=aue C=mnfctr(13) 
V=ea C=prsvnc(14) C=rmbnc(15) C=xtrvgnc(16) 
V=eaio C=prsnt(17) C=rltnshp(18) 
V=ei C=rmnsc(19) 
V=eia C=dlbrty(20) C=xprmntl(21) 
V=eiao C=prstn(22) C=rfgt(23) C=rgstn(24) 
V=eio C=prdlctn(25) C=rphns(26) 
V=eioa C=prdcly(27) 
V=eoia C=mtrpln(28) C=rcgnzbl(29) 
V=eoui C=rpdctn(30) 
V=eu C=ntrp(31) 
V=euaio C=prtbn(32) 
V=euia C=nthsc(33) 
V=euio C=rsctn(34) 
V=iae C=dscrmnt(35) C=dsgrmnt(36) C=dsvntg(37) C=ncsbl(38) C=sgnfc(39) 
V=iao C=dstln(40) C=nfltr(41) C=nstl(42) 
V=ie C=ndfrc(43) C=ndpc(44) C=ntlgc(45) C=rvsbl(46) 
V=iea C=ntrmdy(47) 
V=ieo C=ntrms(48) C=ntrsc(49) C=ntrv(50) 
V=ieua C=ntlc(51) 
V=ioae C=dscnlt(52) C=ncmptbl(53) 
V=ioe C=ncmpt(54) 
V=iou C=ntrdc(55) 
V=iua C=ndvly(56) 
V=iuae C=lstrv(57) 
V=iuao C=lstrn(58) 
V=iue C=nsfct(59) 
V=iuo C=dstrbn(60) 
V=oaue C=cngrtl(61) 
V=oea C=cnglmrt(62) 
V=oeai C=cndmt(63) C=cnsrvt(64) C=cnsrvt(65) C=cnvrst(66) 
V=oeia C=prfsnl(67) 
V=oeu C=cvtsn(68) 
V=oia C=cmpltn(69) C=cnfrmt(70) C=cnltry(71) C=cnstp(72) C=csmpltn(73) C=prtnl(74) 
V=oiae C=cnsldt(75) C=sphtc(76) 
V=oiea C=cnfdtl(77) C=cnsdrbl(78) 
V=oiu C=cnst(79) C=cntrb(80) C=prstn(81) 
V=oueai C=hswrmng(82) 
V=uae C=ncptbl(83) 
V=uea C=nqchbl(84) 
V=ueia C=srvlnc(85) 
V=ueio C=sprtn(86) 
V=uio C=jrsdctn(87) C=sbtn(88) C=spcly(89) 
V=uo C=nscrpl(90) 
