V=aeio C=brvtn(1) C=clrtn(2) C=prctn(3) 
V=aeiou C=dvnts(4) 
V=aeiu C=ntdlv(5) 
V=aeou C=dvntgs(6) 
V=aio C=mlgtn(7) C=nhlt(8) C=ntcp(9) C=rdlgc(10) C=rmfctn(11) 
V=aiuo C=mnplt(12) 
V=aoi C=bltnsm(13) 
V=aoie C=cnlz(14) 
V=auei C=thnc(15) 
V=auie C=cqnt(16) C=cqsn(17) 
V=auio C=cmltn(18) C=scltn(19) 
V=eai C=dgnrtv(20) 
V=eaio C=dgnrt(21) C=lgztn(22) C=mncpt(23) C=rctnl(24) C=xgrtn(25) C=xsprtn(26) 
V=eia C=pxgtcl(27) 
V=eiao C=dlbrtn(28) C=vrfctn(29) 
V=eoia C=dnmt(30) C=dtxcn(31) C=gmtrcn(32) C=gpltc(33) C=xpltn(34) 
V=eoua C=htrsxl(35) 
V=eoui C=vltns(36) 
V=eui C=prqst(37) 
V=euoia C=nrlgc(38) 
V=iao C=cvlztn(39) C=ntmd(40) 
V=iea C=ntrmd(41) 
V=ieuo C=dsng(42) 
V=iuaeo C=smltn(43) 
V=iuao C=lmnt(44) 
V=iuoa C=msqtn(45) 
V=oai C=chbtn(46) C=rgnst(47) C=rgnzt(48) C=tlrn(49) 
V=oeaiu C=stn(50) 
V=oeia C=vrstm(51) 
V=oia C=cdftn(52) C=clnzt(53) C=mdfctn(54) C=ntfc(55) 
V=ouai C=cntms(56) C=cptnl(57) 
V=uai C=hmntr(58) 
V=uaio C=rbnzt(59) 
V=uaoie C=nthrzd(60) 
V=ueai C=brct(61) 
V=ueia C=nblv(62) 
V=ueioa C=qstnbl(63) 
V=uiao C=prfctn(64) 
V=uie C=ndtf(65) 
