V=aeoi C=rchlgst(1) 
V=aieo C=mnfst(2) 
V=aio C=mgnfct(3) C=prtcn(4) C=snt(5) 
V=aiou C=snctm(6) 
V=aoi C=cmdtn(7) 
V=aui C=Trnsc(8) 
V=auie C=cqnt(9) 
V=auio C=hlcnt(10) 
V=auoi C=tbgrphy(11) C=tmcly(12) 
V=eaio C=rvbtn(13) 
V=eia C=Mdtrn(14) 
V=eiao C=crtfn(15) C=dtrmn(16) C=prctn(17) C=rgmnt(18) C=sdmnt(19) C=spcftn(20) C=xtrmn(21) 
V=eioa C=smlgc(22) 
V=eiou C=nghbrd(23) 
V=eoi C=dcmpstn(24) C=mtrlgs(25) 
V=eoia C=prstnl(26) 
V=iaeo C=ncrt(27) 
V=iaeou C=nst(28) 
V=iao C=nsprtl(29) 
V=iaoe C=nprt(30) 
V=ieao C=ntrl(31) C=nvstg(32) 
V=ieaou C=mscln(33) 
V=ieoa C=ntrg(34) C=ntrpl(35) 
V=ioa C=ncrpt(36) 
V=ioea C=ncvbl(37) 
V=iuae C=ndstrlz(38) 
V=iuao C=dsfgrtn(39) 
V=iue C=ntvs(40) 
V=oaei C=cnt(41) C=rnmt(42) 
V=oai C=clbrtn(43) C=glbztn(44) C=hlprtn(45) 
V=oaie C=cmpsnt(46) 
V=oiea C=cnsdrt(47) 
V=oieu C=cnst(48) 
V=oiua C=cnfgrt(49) 
V=oueai C=dcmnt(50) 
V=ouia C=cmnt(51) C=prnct(52) 
V=uaie C=nstfbl(53) 
V=uaio C=vlgrstn(54) 
V=uea C=sprntd(55) 
V=ueia C=ndrstm(56) 
V=ueio C=srpt(57) 
V=uiao C=jstfcn(58) 
V=uoia C=ncdtl(59) C=sbrdnt(60) 
