V=aei C=srtvn(1) 
V=aeo C=prlgm(2) 
V=aie C=mphtrc(3) C=trnsl(4) 
V=aio C=dmnstr(5) C=trnscl(6) C=trnsl(7) 
V=aoi C=sdmch(8) 
V=aoie C=prtly(9) C=prxmtly(10) 
V=ea C=tmprnl(11) 
V=eai C=ntrm(12) 
V=eaoi C=xtrdny(13) 
V=ei C=dtrmnsc(14) 
V=eio C=prfctns(15) C=prfctnsm(16) C=rnfcmt(17) 
V=eioa C=nvrmtl(18) 
V=eiou C=smcndtr(19) 
V=eiua C=prndcl(20) 
V=eo C=phnmlgy(21) 
V=eoai C=dmnstr(22) C=dmnstrv(23) 
V=eoi C=rtspcv(24) 
V=eoia C=ptrchml(25) C=strypcl(26) 
V=ia C=ncrmtg(27) 
V=ie C=mprctbl(28) C=nstvy(29) C=nvts(30) 
V=iea C=ndspbl(31) C=ntrglc(32) 
V=ieoa C=dscrtny(33) 
V=ieou C=rghtsn(34) 
V=ioa C=physlgc(35) 
V=ioe C=ntrspc(36) 
V=iuae C=crmbnt(37) C=crmvlt(38) 
V=iue C=crmfn(39) C=dstngh(40) 
V=iueo C=msndrt(41) 
V=oaei C=cntrp(42) C=hypglcm(43) 
V=oai C=cmpnsh(44) C=cmprblty(45) C=cnflgrt(46) C=cnfrt(47) C=cntrd(48) C=mnchrt(49) C=tpgrhcl(50) 
V=oaie C=prcstn(51) 
V=oeai C=cnstl(52) C=cntr(53) 
V=oei C=cmprhns(54) C=cmprhnsv(55) C=mrphgntc(56) 
V=oeia C=cngrsl(57) C=cntrvsl(58) 
V=oia C=prvnclsm(59) 
V=oiae C=sphtcd(60) 
V=oiue C=cns(61) 
V=ouea C=cntrk(62) 
V=ouei C=cntrwgh(63) 
V=uia C=mltcr(64) 
V=uie C=bsnlk(65) C=jrspdnc(66) 
V=uoae C=ncmfrtbl(67) C=nfrtly(68) 
