V=aeoi C=rchlgst(1) 
V=aieo C=mnfst(2) 
V=aio C=mgnfct(3) C=prtcn(4) C=snt(5) 
V=aiou C=snctm(6) 
V=aoi C=cmdtn(7) 
V=aui C=Trnsc(8) 
V=auie C=cqnt(9) 
V=auio C=hlcnt(10) 
V=auoi C=tbgrphy(11) C=tmcly(12) 
V=eaio C=rvbtn(13) 
V=eaoi C=xtrpln(14) 
V=eia C=Mdtrn(15) 
V=eiao C=crtfn(16) C=dtrmn(17) C=frtlzn(18) C=prctn(19) C=rctfn(20) C=rgmnt(21) C=sdmnt(22) C=spcftn(23) C=xtrmn(24) 
V=eioa C=smlgc(25) 
V=eiou C=nghbrd(26) 
V=eoi C=dcmpstn(27) C=mtrlgs(28) 
V=eoia C=prstnl(29) 
V=eouia C=xcmnt(30) 
V=euoi C=psdcn(31) 
V=iae C=mtrls(32) 
V=iaeo C=ncrt(33) 
V=iaeou C=nst(34) 
V=iao C=nsprtl(35) 
V=iaoe C=nprt(36) 
V=iea C=dfrnt(37) 
V=ieao C=ntrl(38) C=nvstg(39) 
V=ieaou C=mscln(40) 
V=ieoa C=ntrg(41) C=ntrpl(42) 
V=ioa C=ncrpt(43) 
V=ioea C=ncvbl(44) 
V=iuae C=ndstrlz(45) 
V=iuao C=dsfgrtn(46) 
V=iue C=ntvs(47) 
V=oaei C=cnt(48) C=rnmt(49) 
V=oai C=clbrtn(50) C=glbztn(51) C=hlprtn(52) 
V=oaie C=cmpsnt(53) 
V=oeuai C=cnptlz(54) 
V=oiea C=cnsdrt(55) 
V=oieu C=cnst(56) 
V=oiua C=cnfgrt(57) 
V=oueai C=dcmnt(58) 
V=ouia C=cmnt(59) C=prnct(60) 
V=uaie C=nstfbl(61) C=qdrlt(62) 
V=uaio C=vlgrstn(63) 
V=uea C=sprntd(64) 
V=ueia C=ndrstm(65) 
V=ueio C=srpt(66) 
V=uiao C=Rsfctn(67) C=jstfcn(68) C=mltn(69) 
V=uoia C=ncdtl(70) C=sbrdnt(71) 
