V=a C=brnch(1) C=bwdry(2) C=byps(3) C=clsy(4) C=crnky(5) C=crpy(6) C=flby(7) C=flpy(8) C=flty(9) C=lrynx(10) C=mrty(11) C=prtly(12) C=psby(13) C=pstry(14) C=scrwl(15) C=shby(16) C=shrnk(17) C=sntch(18) C=splh(19) C=swnky(20) C=syntx(21) C=thnks(22) C=thrs(23) C=thwr(24) C=tyrn(25) 
V=e C=chry(26) C=clnh(27) C=cyphr(28) C=gntly(29) C=lngth(30) C=myslf(31) C=plnty(32) C=prty(33) C=psych(34) C=sktch(35) C=sntry(36) C=stnch(37) C=str(38) C=sytm(39) C=trndy(40) C=twny(41) 
V=i C=brght(42) C=chrst(43) C=dnghy(44) C=flght(45) C=flnch(46) C=flthy(47) C=frght(48) C=frsky(49) C=gltch(50) C=grsly(51) C=hgly(52) C=hybrd(53) C=knght(54) C=mystc(55) C=plght(56) C=prmly(57) C=rghts(58) C=scrpt(59) C=shrl(60) C=shrmp(61) C=shrnk(62) C=skny(63) C=slght(64) C=smply(65) C=sntch(66) C=sprng(67) C=sprnt(68) C=stcky(69) C=strc(70) C=strng(71) C=swtch(72) C=tdly(73) C=thrf(74) C=thrl(75) C=thrs(76) C=twch(77) 
V=o C=cmply(78) C=crth(79) C=grwth(80) C=prmt(81) C=scrh(82) C=scrl(83) C=sprt(84) C=stcky(85) C=strng(86) C=symbl(87) 
V=u C=blry(88) C=chr(89) C=clmsy(90) C=clth(91) C=crnh(92) C=crth(93) C=crtly(94) C=frmpy(95) C=grmpy(96) C=hngry(97) C=phylm(98) C=sclpt(99) C=scrvy(100) C=scry(101) C=sply(102) C=strdy(103) C=thrs(104) 
