V=Au C=gst(1) 
V=Iae C=srl(2) 
V=Uau C=rns(3) 
V=a C=Cnd(4) C=bn(5) C=bzr(6) C=rcn(7) C=rmd(8) C=vtr(9) 
V=ae C=cd(10) C=cmr(11) C=cr(12) C=cvt(13) C=dhr(14) C=dmg(15) C=fcd(16) C=gnd(17) C=gr(18) C=lg(19) C=mng(20) C=mpr(21) C=nl(22) C=pch(23) C=pl(24) C=plc(25) C=plt(26) C=pr(27) C=prd(28) C=r(29) C=rcn(30) C=rvg(31) C=shm(32) C=svg(33) C=vct(34) 
V=aei C=lbt(35) C=nmc(36) 
V=aeo C=dmn(37) 
V=ai C=Dcn(38) C=cpt(39) C=cvr(40) C=fcl(41) C=fr(42) C=frd(43) C=lk(44) C=nml(45) C=rdl(46) C=rsn(47) C=sfr(48) C=sl(49) C=slv(50) C=tn(51) C=vgn(52) 
V=aie C=ctv(53) C=dmr(54) C=dtv(55) C=dvc(56) C=dvs(57) C=fld(58) C=ls(59) C=mdn(60) C=mlc(61) C=mrn(62) C=ntv(63) C=prs(64) C=rv(65) C=rvn(66) C=sln(67) C=str(68) C=sz(69) C=wtr(70) 
V=aio C=ctn(71) C=lbn(72) C=nt(73) C=rtn(74) C=tlr(75) 
V=aiu C=nms(76) C=rds(77) C=trm(78) 
V=ao C=bn(79) C=brd(80) C=brd(81) C=gnl(82) C=nlg(83) C=t(84) C=vwl(85) 
V=aoe C=lcv(86) C=ny(87) C=prl(88) C=ps(89) 
V=aoi C=Npl(90) C=nt(91) C=tmc(92) 
V=aou C=fms(93) C=lyt(94) C=mnt(95) C=rm(96) C=rnd(97) C=vlr(98) 
V=au C=csl(99) C=csl(100) C=ctl(101) C=mnl(102) C=nl(103) C=tmn(104) C=trm(105) C=vcm(106) 
V=aue C=bjr(107) C=cls(108) C=cr(109) C=cs(110) C=fct(111) C=gch(112) C=ld(113) C=lr(114) C=mlt(115) C=mnr(116) C=mtr(117) C=ntr(118) C=plg(119) C=scr(120) C=sm(121) C=sr(122) C=st(123) C=st(124) C=tn(125) 
V=aui C=cqt(126) C=tsm(127) 
V=auo C=thr(128) 
V=e C=Grc(129) C=brz(130) C=chs(131) C=dcr(132) C=dgr(133) C=dlt(134) C=dpn(135) C=fbl(136) C=flc(137) C=frz(138) C=kpr(139) C=lvn(140) C=mrg(141) C=ndl(142) C=rcd(143) C=rdm(144) C=rv(145) C=scd(146) C=slv(147) C=snz(148) C=srn(149) C=sth(150) C=stm(151) C=svr(152) C=vnr(153) C=xcd(154) 
V=ea C=bhv(155) C=brt(156) C=btn(157) C=bwr(158) C=crl(159) C=crt(160) C=dbs(161) C=dbt(162) C=dc(163) C=dft(164) C=dlr(165) C=fc(166) C=grs(167) C=hvn(168) C=ldr(169) C=lps(170) C=ltd(171) C=lwy(172) C=mnc(173) C=ncs(174) C=ng(175) C=ngt(176) C=nrg(177) C=pls(178) C=rbt(179) C=rlt(180) C=rnm(181) C=rpl(182) C=rpt(183) C=rs(184) C=rvl(185) C=scp(186) C=sdt(187) C=snt(188) C=st(189) C=sw(190) C=wkn(191) C=xhl(192) 
V=eai C=drl(193) C=dtl(194) C=dtn(195) C=ntl(196) C=rmn(197) C=rp(198) C=rtl(199) C=rtn(200) C=sly(201) 
V=eao C=bcn(202) C=lgt(203) C=mdw(204) C=rsn(205) C=sn(206) C=tp(207) C=wpn(208) C=zlt(209) 
V=eau C=bty(210) C=pnt(211) 
V=ei C=blf(212) C=dc(213) C=dct(214) C=dfl(215) C=dfn(216) C=dms(217) C=dr(218) C=drv(219) C=dsr(220) C=dvc(221) C=lct(222) C=lxr(223) C=mpr(224) C=ndv(225) C=ng(226) C=ntc(227) C=ntr(228) C=rcp(229) C=rct(230) C=rfn(231) C=rgm(232) C=rlf(233) C=rsd(234) C=rt(235) C=rvl(236) C=rvs(237) C=rvw(238) C=spc(239) C=sr(240) C=xct(241) C=xpr(242) 
V=eia C=mdn(243) C=nd(244) C=ngm(245) C=rtn(246) 
V=eio C=dtr(247) C=lgn(248) C=lsn(249) C=prd(250) C=rgn(251) C=snr(252) 
V=eiu C=gns(253) C=hlm(254) C=md(255) C=rbm(256) 
V=eo C=bcm(257) C=bfr(258) C=dc(259) C=dnt(260) C=dvt(261) C=gnm(262) C=ktn(263) C=mtr(264) C=ncr(265) C=pl(266) C=rmv(267) C=rps(268) C=rvk(269) C=str(270) C=vl(271) C=xps(272) 
V=eoa C=rld(273) C=ymn(274) 
V=eoi C=gsm(275) C=hrc(276) C=mr(277) C=rcl(278) C=rtc(279) C=xtc(280) 
V=eou C=dtr(281) C=dvt(282) C=ngh(283) 
V=eu C=chq(284) C=dc(285) C=dlg(286) C=dmr(287) C=dpt(288) C=fs(289) C=ndr(290) C=nsr(291) C=ntr(292) C=rbk(293) C=rdc(294) C=rfg(295) C=rfs(296) C=rft(297) C=rpt(298) C=rsc(299) C=rsm(300) C=scr(301) C=sdc(302) C=sql(303) C=tnr(304) C=xcs(305) C=xhm(306) 
V=eua C=fdl(307) C=nrl(308) C=sxl(309) 
V=eui C=qty(310) 
V=euo C=lgy(311) C=nr(312) C=psd(313) 
V=ia C=mpr(314) C=pz(315) C=trv(316) 
V=iae C=dlt(317) C=dpr(318) C=fxt(319) C=lb(320) C=mpl(321) C=mrg(322) C=nhl(323) C=nmt(324) C=ns(325) C=nvd(326) C=prt(327) C=slg(328) C=trg(329) C=vbl(330) 
V=iao C=dlg(331) 
V=ie C=bg(332) C=dsl(333) C=dv(334) C=dvn(335) C=fnt(336) C=frc(337) C=gnt(338) C=grv(339) C=mpd(340) C=nd(341) C=nsd(342) C=nvt(343) C=prc(344) 
V=iea C=cnm(345) C=lnr(346) 
V=ieo C=pgn(347) 
V=ieu C=lnp(348) 
V=io C=mn(349) C=vln(350) C=vsn(351) 
V=ioe C=gnr(352) C=mps(353) C=ncm(354) C=nvk(355) C=vlt(356) 
V=iou C=rg(357) 
V=iu C=lqd(358) C=nt(359) 
V=iua C=nsl(360) C=vsl(361) 
V=iue C=clq(362) C=dlt(363) C=ds(364) C=fgr(365) C=mn(366) C=mnt(367) C=ndc(368) C=njr(369) C=nsr(370) C=rsq(371) C=ts(372) C=vrt(373) 
V=iuo C=lqr(374) 
V=o C=Ksv(375) C=cn(376) 
V=oa C=pt(377) C=tm(378) 
V=oae C=brg(379) C=crs(380) C=dnt(381) C=dtg(382) C=lct(383) C=lth(384) C=mrl(385) C=rcl(386) C=rng(387) C=rnt(388) C=rt(389) C=vyg(390) 
V=oai C=btn(391) C=dmn(392) C=rdn(393) 
V=oe C=cf(394) C=ckr(395) C=cr(396) C=dl(397) C=mrs(398) C=ps(399) C=snr(400) C=snz(401) C=svr(402) C=vrd(403) 
V=oea C=ftl(404) C=rdl(405) 
V=oei C=ptc(406) 
V=oeu C=fts(407) C=wfl(408) 
V=oi C=ltn(409) C=mtn(410) C=nt(411) C=psn(412) C=ptn(413) C=ptn(414) C=rgn(415) 
V=oia C=jvl(416) C=myp(417) C=phb(418) C=scl(419) 
V=oie C=blg(420) C=blr(421) C=bvn(422) C=ch(423) C=dmn(424) C=fc(425) C=ltr(426) C=mtv(427) C=nl(428) C=ntc(429) C=nvc(430) C=plc(431) C=rnt(432) C=srt(433) C=svt(434) C=tl(435) C=zmb(436) 
V=ou C=clr(437) C=cpn(438) C=hnr(439) C=lgt(440) C=mdl(441) 
V=oua C=clr(442) C=tlw(443) 
V=oue C=Scs(444) C=bnc(445) C=bts(446) C=crs(447) C=dbl(448) C=dch(449) C=lng(450) C=mdl(451) C=mrg(452) C=msq(453) C=sc(454) C=slt(455) C=sp(456) C=src(457) C=str(458) C=tl(459) C=tng(460) C=ts(461) C=vlm(462) 
V=oui C=csn(463) 
V=ua C=mtl(464) C=qdr(465) 
V=uae C=crt(466) C=hmn(467) C=mt(468) C=nc(469) C=pdt(470) C=qvr(471) C=rbn(472) C=sqr(473) 
V=uai C=nfr(474) C=qnt(475) 
V=ue C=ftr(476) C=ms(477) C=ns(478) C=prs(479) C=pt(480) C=sbd(481) C=sfl(482) C=str(483) 
V=uea C=nrl(484) C=sqk(485) C=sql(486) 
V=uei C=nvl(487) 
V=uia C=brl(488) C=gtr(489) 
V=uie C=bdg(490) C=brs(491) C=crs(492) C=ftl(493) C=nsx(494) C=ntd(495) C=qvr(496) C=rsn(497) C=slc(498) C=spn(499) C=sqr(500) 
V=uio C=jnr(501) C=ns(502) C=std(503) 
V=uo C=byt(504) C=hmr(505) C=mcs(506) C=nhk(507) C=qrm(508) 
V=uoa C=mcs(509) C=nld(510) 
V=uoe C=nd(511) 
V=uoi C=cbd(512) 
