V=Au C=gst(1) 
V=Iae C=srl(2) 
V=a C=Cnd(3) C=bn(4) C=bzr(5) C=rcn(6) C=vtr(7) 
V=ae C=cd(8) C=cmr(9) C=cr(10) C=cvt(11) C=dhr(12) C=dmg(13) C=fcd(14) C=gnd(15) C=gr(16) C=lg(17) C=mng(18) C=mpr(19) C=pch(20) C=pl(21) C=plc(22) C=plt(23) C=pr(24) C=prd(25) C=r(26) C=rcn(27) C=rvg(28) C=shm(29) C=svg(30) 
V=aei C=lbt(31) C=nmc(32) 
V=aeo C=dmn(33) 
V=ai C=cpt(34) C=fcl(35) C=fr(36) C=frd(37) C=nml(38) C=rdl(39) C=rsn(40) C=sfr(41) C=sl(42) C=slv(43) C=tn(44) C=vgn(45) 
V=aie C=ctv(46) C=dmr(47) C=dvc(48) C=dvs(49) C=fld(50) C=mdn(51) C=mlc(52) C=mrn(53) C=prs(54) C=sln(55) C=str(56) C=wtr(57) 
V=aio C=ctn(58) C=lbn(59) C=nt(60) C=rtn(61) C=tlr(62) 
V=aiu C=nms(63) C=rds(64) C=trm(65) 
V=ao C=bn(66) C=brd(67) C=nlg(68) C=t(69) C=vwl(70) 
V=aoe C=ny(71) C=prl(72) C=ps(73) 
V=aoi C=tmc(74) 
V=aou C=fms(75) C=lyt(76) C=mnt(77) C=rm(78) C=rnd(79) C=vlr(80) 
V=au C=csl(81) C=ctl(82) C=mnl(83) C=nl(84) C=tmn(85) C=vcm(86) 
V=aue C=bjr(87) C=cls(88) C=cr(89) C=cs(90) C=fct(91) C=gch(92) C=ld(93) C=lr(94) C=mnr(95) C=mtr(96) C=ntr(97) C=plg(98) C=scr(99) C=sm(100) C=sr(101) C=st(102) C=st(103) C=tn(104) 
V=auo C=thr(105) 
V=e C=Grc(106) C=brz(107) C=chs(108) C=dcr(109) C=dgr(110) C=dlt(111) C=dpn(112) C=fbl(113) C=flc(114) C=frz(115) C=kpr(116) C=lvn(117) C=mrg(118) C=ndl(119) C=rcd(120) C=rdm(121) C=rv(122) C=scd(123) C=slv(124) C=snz(125) C=srn(126) C=stm(127) C=svr(128) C=vnr(129) C=xcd(130) 
V=ea C=bhv(131) C=brt(132) C=bwr(133) C=crl(134) C=crt(135) C=dbs(136) C=dbt(137) C=dc(138) C=dft(139) C=dlr(140) C=fc(141) C=grs(142) C=hvn(143) C=ldr(144) C=lps(145) C=ltd(146) C=lwy(147) C=mnc(148) C=ng(149) C=nrg(150) C=pls(151) C=rbt(152) C=rlt(153) C=rnm(154) C=rpl(155) C=rpt(156) C=rs(157) C=rvl(158) C=scp(159) C=sdt(160) C=snt(161) C=st(162) C=sw(163) C=wkn(164) C=xhl(165) 
V=eai C=dtl(166) C=ntl(167) C=rmn(168) C=rp(169) C=rtl(170) C=rtn(171) C=sly(172) 
V=eao C=bcn(173) C=mdw(174) C=rsn(175) C=sn(176) C=tp(177) C=wpn(178) 
V=eau C=bty(179) C=pnt(180) 
V=ei C=blf(181) C=dc(182) C=dct(183) C=dfl(184) C=dfn(185) C=dr(186) C=drv(187) C=dsr(188) C=dvc(189) C=lct(190) C=mpr(191) C=ng(192) C=ntc(193) C=ntr(194) C=rcp(195) C=rct(196) C=rfn(197) C=rgm(198) C=rlf(199) C=rsd(200) C=rt(201) C=rvl(202) C=rvs(203) C=rvw(204) C=spc(205) C=sr(206) C=xct(207) C=xpr(208) 
V=eia C=mdn(209) C=nd(210) C=ngm(211) C=rtn(212) 
V=eio C=dtr(213) C=lgn(214) C=lsn(215) C=prd(216) C=rgn(217) C=snr(218) 
V=eiu C=gns(219) C=hlm(220) C=md(221) 
V=eo C=bcm(222) C=bfr(223) C=dc(224) C=dnt(225) C=dvt(226) C=gnm(227) C=ktn(228) C=mtr(229) C=ncr(230) C=pl(231) C=rmv(232) C=rps(233) C=rvk(234) C=str(235) C=vl(236) C=xps(237) 
V=eoa C=rld(238) 
V=eoi C=gsm(239) C=mr(240) C=rcl(241) C=rtc(242) C=xtc(243) 
V=eou C=dvt(244) C=ngh(245) 
V=eu C=chq(246) C=dc(247) C=dlg(248) C=dpt(249) C=fs(250) C=ndr(251) C=nsr(252) C=ntr(253) C=rdc(254) C=rfg(255) C=rfs(256) C=rpt(257) C=rsc(258) C=rsm(259) C=scr(260) C=sdc(261) C=sql(262) C=tnr(263) C=xcs(264) C=xhm(265) 
V=eua C=fdl(266) C=nrl(267) C=sxl(268) 
V=eui C=qty(269) 
V=euo C=lgy(270) C=psd(271) 
V=ia C=mpr(272) C=pz(273) C=trv(274) 
V=iae C=dlt(275) C=dpr(276) C=fxt(277) C=lb(278) C=nhl(279) C=ns(280) C=nvd(281) C=prt(282) C=trg(283) C=vbl(284) 
V=iao C=dlg(285) 
V=ie C=dsl(286) C=dv(287) C=dvn(288) C=fnt(289) C=frc(290) C=gnt(291) C=grv(292) C=mpd(293) C=nd(294) C=nsd(295) C=nvt(296) C=prc(297) 
V=iea C=cnm(298) C=lnr(299) 
V=ieo C=pgn(300) 
V=io C=mn(301) C=vln(302) C=vsn(303) 
V=ioe C=gnr(304) C=mps(305) C=ncm(306) C=nvk(307) C=vlt(308) 
V=iu C=lqd(309) C=nt(310) 
V=iua C=vsl(311) 
V=iue C=clq(312) C=dlt(313) C=ds(314) C=fgr(315) C=mn(316) C=mnt(317) C=ndc(318) C=njr(319) C=nsr(320) C=ts(321) C=vrt(322) 
V=iuo C=lqr(323) 
V=o C=cn(324) 
V=oa C=pt(325) C=tm(326) 
V=oae C=brg(327) C=crs(328) C=dnt(329) C=dtg(330) C=lct(331) C=lth(332) C=mrl(333) C=rcl(334) C=rng(335) C=rnt(336) C=rt(337) C=vyg(338) 
V=oai C=btn(339) C=dmn(340) C=rdn(341) 
V=oe C=cf(342) C=ckr(343) C=cr(344) C=dl(345) C=mrs(346) C=ps(347) C=snr(348) C=snz(349) C=svr(350) C=vrd(351) 
V=oea C=ftl(352) 
V=oei C=ptc(353) 
V=oi C=ltn(354) C=mtn(355) C=nt(356) C=psn(357) C=ptn(358) C=ptn(359) C=rgn(360) 
V=oia C=jvl(361) C=scl(362) 
V=oie C=blg(363) C=ch(364) C=dmn(365) C=fc(366) C=mtv(367) C=nl(368) C=ntc(369) C=nvc(370) C=plc(371) C=rnt(372) C=svt(373) C=tl(374) C=zmb(375) 
V=ou C=clr(376) C=cpn(377) C=hnr(378) C=lgt(379) C=mdl(380) 
V=oua C=clr(381) 
V=oue C=bnc(382) C=bts(383) C=crs(384) C=dbl(385) C=dch(386) C=lng(387) C=mdl(388) C=msq(389) C=slt(390) C=sp(391) C=src(392) C=str(393) C=tng(394) C=ts(395) C=vlm(396) 
V=oui C=csn(397) 
V=ua C=mtl(398) C=qdr(399) 
V=uae C=crt(400) C=hmn(401) C=mt(402) C=nc(403) C=pdt(404) C=qvr(405) C=rbn(406) C=sqr(407) 
V=uai C=nfr(408) 
V=ue C=ftr(409) C=ms(410) C=prs(411) C=sbd(412) C=sfl(413) 
V=uea C=nrl(414) C=sqk(415) C=sql(416) 
V=uei C=nvl(417) 
V=uia C=brl(418) C=gtr(419) 
V=uie C=bdg(420) C=brs(421) C=ftl(422) C=ntd(423) C=qvr(424) C=sqr(425) 
V=uio C=jnr(426) C=ns(427) C=std(428) 
V=uo C=hmr(429) C=qrm(430) 
V=uoa C=nld(431) 
V=uoe C=nd(432) 
V=uoi C=cbd(433) 
