V=Ea C=ngld(1) 
V=Ei C=nglsh(2) 
V=a C=brck(3) C=bstrd(4) C=crs(5) C=fntsy(6) C=glnt(7) C=grm(8) C=hstg(9) C=lmbst(10) C=npht(11) C=nrchy(12) C=plcrd(13) C=pybck(14) C=scndl(15) C=sphlt(16) C=srcm(17) C=trc(18) C=vcny(19) C=vgrnt(20) C=wkrd(21) C=wrnt(22) 
V=ae C=blnkt(23) C=brckt(24) C=brvy(25) C=btry(26) C=chmbr(27) C=chptr(28) C=chrt(29) C=clmbr(30) C=cltr(31) C=crmpd(32) C=crp(33) C=ctrs(34) C=drs(35) C=fltn(36) C=fltr(37) C=glry(38) C=gmblr(39) C=grmnt(40) C=hrns(41) C=hrvst(42) C=lchmy(43) C=lntr(44) C=mnsty(45) C=pnthr(46) C=prnts(47) C=prsly(48) C=prtn(49) C=ptrn(50) C=pymnt(51) C=sclp(52) C=scrlt(53) C=sctr(54) C=shmbl(55) C=slntd(56) C=slvry(57) C=smtr(58) C=sprkl(59) C=spwnr(60) C=stchl(61) C=stgr(62) C=strl(63) C=strng(64) C=tmp(65) C=trgdy(66) C=trmpl(67) 
V=ai C=chrty(68) C=clrfy(69) C=clrty(70) C=cls(71) C=drlng(72) C=drstc(73) C=dynmc(74) C=flct(75) C=frlty(76) C=fsct(77) C=grphc(78) C=grvty(79) C=gstrc(80) C=hply(81) C=lrght(82) C=mgnfy(83) C=mnkd(84) C=mplfy(85) C=prkng(86) C=ptrck(87) C=pyrmd(88) C=rfsh(89) C=rpdly(90) C=stfy(91) C=svng(92) C=trfc(93) C=trnsh(94) C=vrsty(95) C=wrng(96) 
V=ao C=blcny(97) C=crnym(98) C=fctry(99) C=hndf(100) C=hrmny(101) C=mngst(102) C=ntym(103) C=phntm(104) C=shlw(105) C=sprw(106) C=swl(107) C=syng(108) C=trc(109) C=trphy(110) C=wrlck(111) 
V=au C=cthp(112) C=djnct(113) C=fclty(114) C=hrmfl(115) C=lndry(116) C=nghty(117) C=pyrs(118) C=tcfl(119) C=tnrm(120) 
V=e C=blnd(121) C=clmnt(122) C=dcny(123) C=dprs(124) C=dscn(125) C=dscnt(126) C=dsrt(127) C=frvnt(128) C=jwlry(129) C=nglct(130) C=prcnt(131) C=prfct(132) C=prmt(133) C=prsnt(134) C=prtnd(135) C=prvnt(136) C=prvt(137) C=rcyl(138) C=rds(139) C=rflct(140) C=rfsh(141) C=rps(142) C=rspct(143) C=scptr(144) C=scrh(145) C=scry(146) C=sgmnt(147) C=shltr(148) C=slndr(149) C=spctr(150) C=thrby(151) C=trmbl(152) C=whtr(153) C=wrstl(154) C=xcrpt(155) C=xprs(156) 
V=ea C=brdth(157) C=cntrl(158) C=csty(159) C=hlty(160) C=mbsy(161) C=pndt(162) C=prhs(163) C=rmnt(164) C=rtc(165) C=srvnt(166) C=stlr(167) C=stwrd(168) C=thrml(169) C=thrpy(170) C=trny(171) C=xctly(172) C=xtrc(173) 
V=ei C=blmsh(174) C=brvty(175) C=chrs(176) C=crtfy(177) C=dlght(178) C=dnsty(179) C=dnts(180) C=dstny(181) C=frght(182) C=pndg(183) C=prdct(184) C=prst(185) C=rbth(186) C=rctfy(187) C=shrf(188) C=skptc(189) C=slfh(190) C=stncl(191) C=trfy(192) C=tsfy(193) C=vrdct(194) C=wdng(195) C=xtnc(196) 
V=eo C=NwYrk(197) C=dsktp(198) C=dstry(199) C=ntwrk(200) C=prfm(201) C=rspnd(202) C=tnfld(203) 
V=eu C=hlpf(204) C=ktchp(205) C=mrcy(206) C=prjy(207) C=prtb(208) C=rstfl(209) 
V=i C=dgnty(210) C=dsm(211) C=dylc(212) C=flng(213) C=kdng(214) C=knshp(215) C=nflct(216) C=nsght(217) C=ntpck(218) C=sblng(219) C=trny(220) C=wlng(221) 
V=ia C=dsbn(222) C=dscr(223) C=dsply(224) C=dstn(225) C=fnly(226) C=lbry(227) C=mgrnt(228) C=nst(229) C=nstl(230) C=nwrds(231) C=prmy(232) C=prvcy(233) C=rvly(234) C=typcl(235) C=vbrnt(236) 
V=ie C=bcyl(237) C=blstr(238) C=brtl(239) C=chkn(240) C=chmny(241) C=crpl(242) C=dgrs(243) C=dscrn(244) C=dsnt(245) C=dwnl(246) C=flckr(247) C=frly(248) C=glmps(249) C=glstn(250) C=gltr(251) C=jtry(252) C=ktchn(253) C=lbrty(254) C=lghtn(255) C=lghtr(256) C=mprs(257) C=ngrs(258) C=nspct(259) C=ptchr(260) C=rckty(261) C=shmr(262) C=shrvl(263) C=skyln(264) C=smplx(265) C=sptl(266) C=stckl(267) C=stpnd(268) C=thr(269) C=trckl(270) C=trg(271) C=twnkl(272) C=twr(273) C=whmpr(274) C=whstl(275) C=wrng(276) C=wrnkl(277) C=wtns(278) 
V=io C=crmsn(279) C=dscr(280) C=dstr(281) C=hstry(282) C=kngdm(283) C=scr(284) C=vctry(285) 
V=iu C=dsc(286) C=dsgt(287) C=dsrpt(288) C=dstrb(289) C=mndfl(290) C=trmph(291) 
V=o C=blsm(292) C=cmpst(293) C=cnfrm(294) C=cnrd(295) C=cnt(296) C=cntr(297) C=cntrl(298) C=frln(299) C=hmny(300) C=lwbrn(301) C=pcrn(302) C=plygn(303) C=spnr(304) 
V=oa C=cmnd(305) C=cmpny(306) C=cmps(307) C=cmpt(308) C=cnt(309) C=drmnt(310) C=frwd(311) C=lyt(312) C=pdcst(313) C=prgm(314) C=rchd(315) C=rylt(316) C=schlr(317) C=stmch(318) 
V=oe C=blstr(319) C=brth(320) C=brthl(321) C=chwdr(322) C=clbr(323) C=clt(324) C=cmnd(325) C=cmnt(326) C=cmplx(327) C=cndm(328) C=cnfs(329) C=cnpt(330) C=cnr(331) C=cnrt(332) C=cnst(333) C=cnt(334) C=cnt(335) C=cntd(336) C=cnts(337) C=cntx(338) C=cnvrt(339) C=cnvt(340) C=crt(341) C=cyln(342) C=dys(343) C=gds(344) C=grcy(345) C=hnsty(346) C=lbstr(347) C=ltry(348) C=mckry(349) C=mdsty(350) C=mnstr(351) C=nvlty(352) C=plymr(353) C=prblm(354) C=prcs(355) C=prf(356) C=prfs(357) C=prht(358) C=prjct(359) C=prs(360) C=prtc(361) C=prts(362) C=prvb(363) C=ps(364) C=ptry(365) C=pvrty(366) C=rby(367) C=slvnt(368) C=smldr(369) C=smthr(370) C=tdlr(371) C=trn(372) C=wrngd(373) 
V=oi C=chrn(374) C=cnfrm(375) C=cnst(376) C=cnvt(377) C=dlphn(378) C=frty(379) C=glwn(380) C=jntly(381) C=mlfy(382) C=mrng(383) C=nstrl(384) C=nthg(385) C=prdgy(386) C=pstfx(387) C=sdh(388) C=tngh(389) C=wrshp(390) 
V=ou C=brght(391) C=cndt(392) C=cnslt(393) C=cntry(394) C=crpt(395) C=pltry(396) C=prdct(397) C=rhmbs(398) C=thg(399) C=thrg(400) C=yghrt(401) 
V=u C=nlcky(402) C=scmb(403) C=srpl(404) 
V=ua C=brgl(405) C=bstrd(406) C=hsbnd(407) C=mstrd(408) C=smry(409) C=srp(410) 
V=ue C=blndr(411) C=btchr(412) C=chkl(413) C=clstr(414) C=cltr(415) C=crlty(416) C=crly(417) C=crmpl(418) C=crnt(419) C=ctlry(420) C=frth(421) C=hndr(422) C=kncl(423) C=lcny(424) C=plmbr(425) C=plndr(426) C=pngt(427) C=prdnt(428) C=rgncy(429) C=sbjct(430) C=sc(431) C=sgt(432) C=shdr(433) C=shfl(434) C=shtl(435) C=shtr(436) C=slmbr(437) C=smgl(438) C=sngl(439) C=spct(440) C=spnd(441) C=stdn(442) C=stmbl(443) C=thndr(444) C=trmp(445) 
V=ui C=brtsh(446) C=crfy(447) C=dstbn(448) C=fckng(449) C=fl(450) C=frbsh(451) C=jstfy(452) C=prght(453) C=rbsh(454) C=sbdy(455) 
V=uo C=btck(456) C=cstdy(457) C=nkw(458) C=pfrnt(459) C=prt(460) C=sprt(461) 
