V=Ea C=ngld(1) 
V=Ei C=nglsh(2) 
V=a C=bltn(3) C=brck(4) C=bstrd(5) C=cnvs(6) C=crs(7) C=drchm(8) C=fntsy(9) C=glnt(10) C=grm(11) C=hstg(12) C=lmbst(13) C=npht(14) C=nrchy(15) C=plcrd(16) C=pybck(17) C=sbth(18) C=scndl(19) C=shbt(20) C=sphlt(21) C=srcm(22) C=trc(23) C=vcny(24) C=vgrnt(25) C=wkrd(26) C=wrnt(27) 
V=ae C=bldr(28) C=blnkt(29) C=brckt(30) C=brvy(31) C=btry(32) C=chmbr(33) C=chptr(34) C=chrt(35) C=clmbr(36) C=cltr(37) C=crmpd(38) C=crp(39) C=ctrs(40) C=drpy(41) C=drs(42) C=fltn(43) C=fltr(44) C=frth(45) C=glry(46) C=gmblr(47) C=grmnt(48) C=hmstr(49) C=hrns(50) C=hrvst(51) C=lchmy(52) C=lntr(53) C=ltncy(54) C=mdns(55) C=mnsty(56) C=pnthr(57) C=prnts(58) C=prsly(59) C=prtn(60) C=ptrn(61) C=pymnt(62) C=sclp(63) C=scrlt(64) C=sctr(65) C=shmbl(66) C=shrpn(67) C=shtr(68) C=slndr(69) C=slntd(70) C=slvry(71) C=smtr(72) C=sprkl(73) C=spwnr(74) C=stchl(75) C=stfr(76) C=stgr(77) C=stlkr(78) C=strl(79) C=strng(80) C=synp(81) C=tmp(82) C=trck(83) C=trgdy(84) C=trmpl(85) C=trnch(86) C=vlncy(87) 
V=ai C=chrty(88) C=chs(89) C=clrfy(90) C=clrty(91) C=cls(92) C=drlng(93) C=drstc(94) C=dynmc(95) C=flct(96) C=frlty(97) C=frntc(98) C=fsct(99) C=grphc(100) C=grvty(101) C=gstrc(102) C=hply(103) C=hstly(104) C=lrght(105) C=mgnfy(106) C=mnkd(107) C=mplfy(108) C=mwksh(109) C=plstc(110) C=prkng(111) C=ptrck(112) C=pyrmd(113) C=rfsh(114) C=rpdly(115) C=slvh(116) C=stfy(117) C=svng(118) C=trfc(119) C=trnsh(120) C=vrsty(121) C=wrng(122) C=wrshp(123) C=wybl(124) 
V=ao C=blcny(125) C=bscnd(126) C=crnym(127) C=fctry(128) C=hndf(129) C=hrmny(130) C=mngst(131) C=ntym(132) C=phntm(133) C=shlw(134) C=sprw(135) C=swl(136) C=syng(137) C=trc(138) C=trphy(139) C=wrlck(140) 
V=au C=bth(141) C=cthp(142) C=djnct(143) C=fclty(144) C=hrmfl(145) C=kshrt(146) C=lndry(147) C=nghty(148) C=pyrs(149) C=tcfl(150) C=tnrm(151) 
V=e C=blnd(152) C=clmnt(153) C=dcny(154) C=dflct(155) C=dprs(156) C=dscn(157) C=dscnt(158) C=dsrt(159) C=frvnt(160) C=jwlry(161) C=nglct(162) C=prcnt(163) C=prct(164) C=prfct(165) C=prfct(166) C=prlx(167) C=prmt(168) C=prsnt(169) C=prtnd(170) C=prtx(171) C=prvnt(172) C=prvt(173) C=rcyl(174) C=rds(175) C=rflct(176) C=rfsh(177) C=rnty(178) C=rps(179) C=rspct(180) C=scptr(181) C=scrh(182) C=scry(183) C=sgmnt(184) C=shltr(185) C=slndr(186) C=spctr(187) C=thrby(188) C=trk(189) C=trmbl(190) C=whtr(191) C=wrstl(192) C=xcrpt(193) C=xprs(194) 
V=ea C=brdth(195) C=cntrl(196) C=csty(197) C=dxtrl(198) C=hlty(199) C=mbsy(200) C=pndt(201) C=prchy(202) C=prhs(203) C=rmnt(204) C=rtc(205) C=srvnt(206) C=stlh(207) C=stlr(208) C=stwrd(209) C=thrml(210) C=thrpy(211) C=trny(212) C=xctly(213) C=xtrc(214) 
V=ei C=Flmsh(215) C=blmsh(216) C=brvty(217) C=bwtch(218) C=chmst(219) C=chrs(220) C=crtfy(221) C=dlght(222) C=dnsty(223) C=dnts(224) C=dstny(225) C=fncg(226) C=frght(227) C=pndg(228) C=prdct(229) C=prst(230) C=ptrfy(231) C=rbth(232) C=rctfy(233) C=shrf(234) C=skptc(235) C=slfh(236) C=stncl(237) C=trfy(238) C=tsfy(239) C=vrdct(240) C=wdng(241) C=xtnc(242) 
V=eo C=NwYrk(243) C=dsktp(244) C=dstry(245) C=hyprn(246) C=lprsy(247) C=ntrpy(248) C=ntwrk(249) C=prfm(250) C=rspnd(251) C=srfdm(252) C=tnfld(253) 
V=eu C=hlpf(254) C=ktchp(255) C=mrcy(256) C=prjy(257) C=prtb(258) C=rstfl(259) 
V=i C=Brtsh(260) C=dgnfy(261) C=dgnty(262) C=dsm(263) C=dylc(264) C=flng(265) C=gmck(266) C=kdng(267) C=knshp(268) C=lyrc(269) C=mprnt(270) C=nflct(271) C=nsght(272) C=nstl(273) C=ntpck(274) C=sblng(275) C=trny(276) C=wlng(277) 
V=ia C=dgrph(278) C=dsbn(279) C=dscr(280) C=dsply(281) C=dstn(282) C=fnly(283) C=lbry(284) C=mgrnt(285) C=mplnt(286) C=nst(287) C=nstl(288) C=nwrds(289) C=prmy(290) C=prvcy(291) C=rvly(292) C=typcl(293) C=vbrnt(294) 
V=ie C=bcyl(295) C=blstr(296) C=brtl(297) C=chkn(298) C=chmny(299) C=crpl(300) C=dgrs(301) C=dscrn(302) C=dsct(303) C=dsnt(304) C=dwnl(305) C=fgmnt(306) C=flckr(307) C=frly(308) C=glmps(309) C=glstn(310) C=gltr(311) C=jtry(312) C=ktchn(313) C=lbrty(314) C=lghtn(315) C=lghtr(316) C=mprs(317) C=ngrs(318) C=nspct(319) C=ptchr(320) C=rckty(321) C=shmr(322) C=shrvl(323) C=skyln(324) C=smplx(325) C=snpt(326) C=sptl(327) C=stckl(328) C=stpnd(329) C=thr(330) C=trckl(331) C=trg(332) C=twnkl(333) C=twr(334) C=whmpr(335) C=whstl(336) C=wrng(337) C=wrnkl(338) C=wtns(339) 
V=io C=crmsn(340) C=dscr(341) C=dstr(342) C=hstry(343) C=kngdm(344) C=scr(345) C=trlgy(346) C=vctry(347) 
V=iu C=dsc(348) C=dsgt(349) C=dsrpt(350) C=dstrb(351) C=mndfl(352) C=trmph(353) 
V=o C=blsm(354) C=cmpst(355) C=cnfrm(356) C=cnrd(357) C=cnsrt(358) C=cnt(359) C=cntr(360) C=cntrl(361) C=frln(362) C=hmny(363) C=lwbrn(364) C=pcrn(365) C=plygn(366) C=prlng(367) C=spnr(368) 
V=oa C=bmrd(369) C=cmnd(370) C=cmpny(371) C=cmps(372) C=cmpt(373) C=cnt(374) C=drmnt(375) C=frwd(376) C=glt(377) C=lyt(378) C=mrdnt(379) C=pdcst(380) C=prgm(381) C=prty(382) C=rchd(383) C=rylt(384) C=schlr(385) C=stmch(386) C=wlfrm(387) 
V=oe C=blstr(388) C=brth(389) C=brthl(390) C=chwdr(391) C=ckny(392) C=clbr(393) C=clt(394) C=cmnd(395) C=cmnt(396) C=cmplx(397) C=cndm(398) C=cnfs(399) C=cnpt(400) C=cnr(401) C=cnrt(402) C=cnst(403) C=cnt(404) C=cnt(405) C=cntd(406) C=cnts(407) C=cntx(408) C=cnvrt(409) C=cnvt(410) C=crt(411) C=cyln(412) C=dys(413) C=frgy(414) C=gds(415) C=gls(416) C=grcy(417) C=hnsty(418) C=lbstr(419) C=ltry(420) C=mckry(421) C=mdsty(422) C=mnstr(423) C=nvlty(424) C=plymr(425) C=prblm(426) C=prcs(427) C=prf(428) C=prfs(429) C=prht(430) C=prjct(431) C=prs(432) C=prtc(433) C=prtn(434) C=prts(435) C=prvb(436) C=ps(437) C=ptry(438) C=pvrty(439) C=rby(440) C=slvnt(441) C=smldr(442) C=smthr(443) C=srcy(444) C=strph(445) C=tdlr(446) C=trly(447) C=trn(448) C=whpr(449) C=wrngd(450) 
V=oi C=chrn(451) C=ckpt(452) C=cnfrm(453) C=cnst(454) C=cnvt(455) C=dlphn(456) C=frty(457) C=glts(458) C=glwn(459) C=jntly(460) C=mlfy(461) C=mrng(462) C=nstrl(463) C=nthg(464) C=prdgy(465) C=pstfx(466) C=sdh(467) C=thyrd(468) C=tngh(469) C=trpcs(470) C=wrshp(471) 
V=ou C=brght(472) C=cndt(473) C=cnslt(474) C=cntry(475) C=crpt(476) C=pltry(477) C=prdct(478) C=rhmbs(479) C=thg(480) C=thrg(481) C=yghrt(482) 
V=u C=flcrm(483) C=nlcky(484) C=scmb(485) C=slphr(486) C=srpl(487) 
V=ua C=brgl(488) C=bstrd(489) C=hsbnd(490) C=mstrd(491) C=ncy(492) C=scmbg(493) C=smry(494) C=srp(495) 
V=ue C=blndr(496) C=btchr(497) C=chkl(498) C=clstr(499) C=cltr(500) C=crlty(501) C=crly(502) C=crmpl(503) C=crnt(504) C=ctlry(505) C=frth(506) C=hndr(507) C=kncl(508) C=lcny(509) C=pbrty(510) C=plmbr(511) C=plmt(512) C=plndr(513) C=pngt(514) C=prdnt(515) C=rgncy(516) C=sbjct(517) C=sbvrt(518) C=sc(519) C=sgt(520) C=shdr(521) C=shfl(522) C=shtl(523) C=shtr(524) C=slmbr(525) C=smgl(526) C=sngl(527) C=spct(528) C=spnd(529) C=stdn(530) C=stmbl(531) C=thndr(532) C=trmp(533) 
V=ui C=brtsh(534) C=clprt(535) C=crfy(536) C=dstbn(537) C=fckng(538) C=fl(539) C=frbsh(540) C=frnsh(541) C=jstfy(542) C=mfy(543) C=prght(544) C=qckly(545) C=rbsh(546) C=sbdy(547) 
V=uo C=btck(548) C=cstdy(549) C=mgwrt(550) C=nkw(551) C=pfrnt(552) C=prt(553) C=sprt(554) 
