V=Iia C=lyr(1) 
V=Ooe C=ctbr(2) 
V=a C=Cbl(3) C=Ctln(4) C=Kbl(5) C=Qblh(6) C=bklv(7) C=crl(8) C=crvn(9) C=dmnt(10) C=frwy(11) 
V=ae C=bg(12) C=blnc(13) C=brg(14) C=brst(15) C=bsnc(16) C=cbg(17) C=cdmy(18) C=cdvr(19) C=cpbl(20) C=cpl(21) C=crml(22) C=crng(23) C=crs(24) C=crt(25) C=csd(26) C=dts(27) C=dvnc(28) C=dvrs(29) C=fbl(30) C=fnr(31) C=grb(32) C=gzl(33) C=lgbr(34) C=lrdy(35) C=ltr(36) C=mcht(37) C=mgnt(38) C=mgnt(39) C=mlwr(40) C=mndt(41) C=mngr(42) C=msg(43) C=nlys(44) C=nlyz(45) C=nt(46) C=pckg(47) C=pgnt(48) C=plct(49) C=plt(50) C=pnck(51) C=prbl(52) C=prl(53) C=prtk(54) C=psg(55) C=pybl(56) C=rmpg(57) C=rng(58) C=rsnl(59) C=shmd(60) C=slvg(61) C=thl(62) C=vlnc(63) 
V=aei C=crb(64) C=jvln(65) C=mnty(66) C=nglc(67) C=sct(68) C=sptc(69) C=thsm(70) 
V=aeo C=plcb(71) 
V=aeu C=crfl(72) 
V=ai C=Cspn(73) C=Vtcn(74) C=bdng(75) C=blty(76) C=brgn(77) C=bstn(78) C=clm(79) C=cptl(80) C=cptn(81) C=fntc(82) C=glty(83) C=gnst(84) C=grcs(85) C=mgcl(86) C=mrtl(87) C=mzng(88) C=pcf(89) C=pldn(90) C=prtl(91) C=rch(92) C=rdcl(93) C=rdnt(94) C=rlwy(95) C=rshp(96) C=rtsn(97) C=sptl(98) C=stmn(99) C=vdty(100) C=vgnl(101) C=vlnt(102) C=vtcn(103) 
V=aie C=bpts(104) C=bptz(105) C=br(106) C=cbnt(107) C=chl(108) C=cpsz(109) C=cr(110) C=crbn(111) C=crmn(112) C=cshr(113) C=cynd(114) C=fr(115) C=frgl(116) C=grnt(117) C=hyln(118) C=jsmn(119) C=lmnt(120) C=ltc(121) C=mbnt(122) C=mchn(123) C=mls(124) C=nct(125) C=nxty(126) C=prs(127) C=pstm(128) C=psv(129) C=ptn(130) C=rchv(131) C=rmnt(132) C=rtcl(133) C=scrb(134) C=slnt(135) C=spnt(136) C=tcl(137) C=trl(138) C=vcn(139) C=vmpr(140) C=vrty(141) 
V=aio C=bstn(142) C=chrt(143) C=cptn(144) C=fctn(145) C=fshn(146) C=mns(147) C=prct(148) C=psn(149) C=ptr(150) C=rnbw(151) C=rpt(152) C=stn(153) C=tr(154) C=wr(155) 
V=aiu C=clm(156) C=crnm(157) C=glds(158) C=mx(159) C=stdm(160) 
V=ao C=bln(161) C=bnd(162) C=brvd(163) C=crbt(164) C=crtn(165) C=drgn(166) C=hrpn(167) C=lch(168) C=mtdr(169) C=nlgy(170) C=nmly(171) C=ntmy(172) C=phr(173) C=plgy(174) C=pltn(175) C=prdx(176) C=prgn(177) C=prs(178) 
V=aoe C=blny(179) C=bslv(180) C=bynt(181) C=lbr(182) C=ltd(183) C=mnhl(184) C=nthr(185) C=prv(186) C=tdpl(187) 
V=aoi C=blsh(188) C=cht(189) C=ndr(190) C=pnt(191) 
V=aou C=cnt(192) C=djrn(193) C=flt(194) C=glmr(195) C=hrb(196) C=prc(197) C=prk(198) C=prl(199) 
V=au C=Jnry(200) C=fctl(201) C=nglr(202) C=ntrl(203) C=pld(204) C=slt(205) C=sptl(206) 
V=aue C=cpsl(207) C=cptr(208) C=gmnt(209) C=hbrk(210) C=lcqr(211) C=lndr(212) C=rpt(213) C=sndr(214) 
V=aui C=cst(215) 
V=auo C=tpsy(216) 
V=e C=btwn(217) C=dfnc(218) C=dfns(219) C=dplt(220) C=dsrv(221) C=gntl(222) C=lchr(223) C=lmnt(224) C=prcd(225) C=rsv(226) C=rvng(227) C=rvs(228) C=stpl(229) C=xpns(230) C=xtrm(231) 
V=ea C=bnth(232) C=brth(233) C=clns(234) C=dbcl(235) C=dclr(236) C=dflt(237) C=drng(238) C=fthr(239) C=gnrl(240) C=grmn(241) C=grt(242) C=hctr(243) C=hrkn(244) C=hrsy(245) C=htr(246) C=lft(247) C=lgnt(248) C=mbrc(249) C=mndr(250) C=mplc(251) C=mrld(252) C=msg(253) C=mthn(254) C=nclv(255) C=ngrv(256) C=nhc(257) C=nsr(258) C=pnc(259) C=pr(260) C=prfc(261) C=prvd(262) C=psnt(263) C=rflp(264) C=rnst(265) C=rnwl(266) C=rplc(267) C=rshp(268) C=rthn(269) C=slnt(270) C=str(271) C=svrl(272) C=swtr(273) C=tchr(274) C=thr(275) C=thr(276) C=tnbl(277) C=trc(278) C=trnl(279) C=vngl(280) C=vntg(281) C=vtrn(282) C=wbpg(283) C=whrs(284) C=wlfr(285) C=wthr(286) C=xltd(287) C=xmpl(288) C=xpns(289) 
V=eai C=brng(290) C=crm(291) C=crtn(292) C=dclm(293) C=dlng(294) C=dspr(295) C=gltn(296) C=htng(297) C=hvly(298) C=lstc(299) C=mln(300) C=mng(301) C=mrd(302) C=prtn(303) C=prvl(304) C=rclm(305) C=rfn(306) C=rlty(307) C=rtc(308) C=trn(309) C=xclm(310) C=xpln(311) 
V=eao C=hxgn(312) C=pck(313) C=rlt(314) C=trsn(315) 
V=eau C=Cntr(316) C=cntr(317) C=dflt(318) C=pgs(319) C=sgl(320) C=tns(321) C=xhst(322) 
V=ei C=bnft(323) C=bsd(324) C=clng(325) C=crv(326) C=dbrf(327) C=dcbl(328) C=dcln(329) C=dfct(330) C=dlvr(331) C=dprv(332) C=dsp(333) C=dspt(334) C=dstn(335) C=fgnd(336) C=flng(337) C=frtl(338) C=gnrc(339) C=gntc(340) C=gntl(341) C=hrs(342) C=lnt(343) C=ltsm(344) C=mnt(345) C=nthr(346) C=ntl(347) C=ntw(348) C=pnsv(349) C=prcs(350) C=prm(351) C=prms(352) C=prsd(353) C=prvw(354) C=rcln(355) C=rcpt(356) C=rspt(357) C=rtd(358) C=smc(359) C=spc(360) C=srvc(361) C=srvl(362) C=strl(363) C=trm(364) C=txl(365) C=vdnt(366) C=vhcl(367) C=vstg(368) C=xhbt(369) 
V=eia C=Grcn(370) C=dcml(371) C=dfnt(372) C=dvnt(373) C=gntl(374) C=lxc(375) C=pgrm(376) C=prdl(377) C=pth(378) C=rplc(379) C=sml(380) C=smnr(381) C=spcl(382) 
V=eio C=dmg(383) C=mnt(384) C=nvr(385) C=sctn(386) C=sn(387) C=tns(388) C=vns(389) C=vrsn(390) C=vrtg(391) 
V=eiu C=Blgm(392) C=cls(393) C=prm(394) 
V=eo C=Tchw(395) C=bdrm(396) C=blvd(397) C=chln(398) C=cnmy(399) C=dplr(400) C=dvlp(401) C=frdm(402) C=gly(403) C=hgmn(404) C=mpr(405) C=mpwr(406) C=ndrs(407) C=nfrc(408) C=nvlp(409) C=rcv(410) C=rms(411) C=rslv(412) C=rst(413) C=rvl(414) C=vrbs(415) C=wlcm(416) C=xpld(417) C=xplr(418) 
V=eoa C=fmrl(419) C=jprd(420) C=lprd(421) C=pchl(422) C=prsn(423) 
V=eoi C=dpst(424) C=dspl(425) C=xplt(426) 
V=eou C=dcrm(427) C=frv(428) C=nrvs(429) C=rbnd(430) 
V=eu C=cnsr(431) C=flxr(432) C=gstr(433) C=lctr(434) C=ltc(435) C=prfm(436) C=prld(437) C=prsm(438) C=rcls(439) C=rqst(440) C=scld(441) C=sqnt(442) C=txr(443) C=vntr(444) C=xcld(445) 
V=eua C=ntrl(446) C=plr(447) C=rgl(448) C=sclr(449) C=snl(450) 
V=eui C=rbld(451) C=rct(452) 
V=euo C=ntr(453) 
V=i C=Sntc(454) C=lct(455) C=nhbt(456) 
V=ia C=Brtn(457) C=dgrm(458) C=dgtl(459) C=dsn(460) C=nhbt(461) C=nvld(462) C=sct(463) C=smlr(464) C=trvl(465) C=vln(466) C=vrgn(467) 
V=iae C=bzr(468) C=clmt(469) C=dct(470) C=dlct(471) C=dsbl(472) C=fnc(473) C=frbl(474) C=frgt(475) C=fxtd(476) C=grf(477) C=grmc(478) C=lnkg(479) C=mgrt(480) C=mnrt(481) C=mrcl(482) C=mstk(483) C=plg(484) C=prmt(485) C=prvt(486) C=rbcg(487) C=sgn(488) C=str(489) C=szbl(490) C=vbrt(491) C=vlg(492) C=vntg(493) 
V=iao C=dmn(494) C=dsvw(495) 
V=ie C=Chns(496) C=cbrg(497) C=chns(498) C=dslk(499) C=dvrg(500) C=dvrs(501) C=ftn(502) C=hygn(503) C=lcns(504) C=mdwf(505) C=mrs(506) C=msl(507) C=ncl(508) C=nhrt(509) C=nsdr(510) C=nspr(511) C=ntgr(512) C=ntrm(513) C=nts(514) C=nvrs(515) C=scn(516) C=slnc(517) C=sncr(518) C=sxtn(519) C=vsbl(520) 
V=iea C=frm(521) C=lbr(522) C=lg(523) C=ltr(524) C=mnrl(525) C=mpch(526) C=nstd(527) C=vngr(528) C=wrtp(529) 
V=ieo C=nfr(530) 
V=ieu C=mpts(531) 
V=io C=blgy(532) C=bln(533) C=dctn(534) C=dvsr(535) C=fctn(536) C=mln(537) C=msn(538) C=ncsr(539) C=slcn(540) C=tnfl(541) C=vstr(542) 
V=ioa C=bplr(543) C=dplm(544) C=mrl(545) C=pvtl(546) 
V=ioe C=dsby(547) C=dsp(548) C=lsm(549) C=mcrb(550) C=mplr(551) C=mprv(552) C=nvl(553) C=rpst(554) C=sgnr(555) C=vlnt(556) C=wdr(557) 
V=iou C=wth(558) 
V=iu C=bsct(559) C=crt(560) C=mn(561) C=nqry(562) 
V=iua C=nslr(563) C=pqnt(564) C=vrtl(565) 
V=iue C=dspt(566) C=dvlg(567) C=lqfy(568) C=mpls(569) C=ncld(570) C=ndlg(571) C=nqst(572) C=ntrd(573) C=pctr(574) C=rvlt(575) C=trb(576) C=trbn(577) 
V=o C=pnt(578) 
V=oa C=Ksvn(579) C=crp(580) C=ctgn(581) C=drmt(582) C=tbc(583) C=trnd(584) C=vlcn(585) 
V=oae C=Rmnc(586) C=cgnt(587) C=ckd(588) C=clg(589) C=clt(590) C=cmpr(591) C=cnv(592) C=ctg(593) C=frsk(594) C=hstg(595) C=mntg(596) C=ntbl(597) C=pchr(598) C=prfn(599) C=pstg(600) C=rmnc(601) C=strg(602) C=tng(603) C=vltg(604) 
V=oai C=cnt(605) C=pcty(606) C=prsc(607) C=rgnc(608) C=rmng(609) C=smtc(610) C=vcl(611) 
V=oe C=bklt(612) C=brdm(613) C=bscn(614) C=bsrv(615) C=clg(616) C=cln(617) C=cmps(618) C=cmpt(619) C=cnd(620) C=cnsl(621) C=cnt(622) C=cnv(623) C=crd(624) C=crkd(625) C=fnc(626) C=fns(627) C=frv(628) C=gdby(629) C=hwvr(630) C=mnt(631) C=phnm(632) C=prcd(633) C=prmt(634) C=prs(635) C=prvk(636) C=pthl(637) C=sctr(638) C=smhw(639) C=trp(640) C=trpd(641) C=whvr(642) C=wln(643) 
V=oea C=cnl(644) C=nvl(645) C=prnd(646) C=sybn(647) C=vrl(648) C=vrlp(649) 
V=oei C=blsk(650) C=cnt(651) C=frgn(652) C=frt(653) C=phnx(654) C=prtn(655) 
V=oeu C=hpfl(656) C=str(657) 
V=oi C=cnj(658) C=flsh(659) C=hmn(660) C=hmnd(661) C=hrzn(662) C=mntr(663) C=mrnc(664) C=ng(665) C=prtn(666) C=slct(667) C=smtc(668) 
V=oia C=cml(669) C=cnl(670) C=crdl(671) C=hldy(672) C=lgc(673) C=nml(674) C=ptcl(675) C=ptml(676) C=rdnl(677) C=stcl(678) 
V=oie C=blnd(679) C=bnfr(680) C=brmn(681) C=cld(682) C=cmbn(683) C=cmpl(684) C=cnf(685) C=cnfr(686) C=cns(687) C=fcr(688) C=frgv(689) C=fsd(690) C=gdlk(691) C=hstl(692) C=mnkr(693) C=plsv(694) C=pntr(695) C=prfl(696) C=prms(697) C=prvd(698) C=scty(699) C=sldr(700) 
V=ou C=bnjr(701) C=brgh(702) C=cntr(703) C=ctps(704) C=grpn(705) C=lckt(706) C=mdls(707) C=pms(708) C=prn(709) C=psm(710) C=sjrn(711) C=tps(712) 
V=oua C=frml(713) C=jrnl(714) C=mdlr(715) C=plr(716) C=spl(717) C=sry(718) C=tcs(719) C=tlnd(720) C=trnk(721) 
V=oue C=Scsr(722) C=bldr(723) C=bscr(724) C=clsr(725) C=cmn(726) C=cmpt(727) C=cmt(728) C=cnfs(729) C=cnjr(730) C=cnqr(731) C=cnsl(732) C=cnsm(733) C=cntr(734) C=cplr(735) C=cstm(736) C=fndr(737) C=frtn(738) C=jrny(739) C=plt(740) C=prc(741) C=prdc(742) C=prfs(743) C=pstr(744) C=scrg(745) C=sfl(746) C=tr(747) C=trbl(748) C=vchr(749) 
V=oui C=nrsh(750) C=trsm(751) 
V=ua C=qntm(752) 
V=uae C=Vlgt(753) C=drbl(754) C=frnc(755) C=mnd(756) C=nrvl(757) C=plst(758) C=qrt(759) C=rmg(760) C=srfc(761) C=srnm(762) C=vlgt(763) 
V=uai C=crtl(764) C=crtn(765) C=fnr(766) C=lntc(767) C=qlfy(768) C=qlty(769) C=sqld(770) C=stn(771) 
V=uao C=bfl(772) C=mlt(773) 
V=ue C=cltr(774) C=ncls(775) C=rpt(776) C=scd(777) C=sl(778) C=sprm(779) C=vltr(780) 
V=uea C=Tsdy(781) C=fnrl(782) C=nclr(783) C=nlsh(784) C=srl(785) 
V=uei C=dlst(786) C=nmrc(787) C=tnsl(788) 
V=ueo C=dkm(789) C=dng(790) C=ncl(791) C=ndrg(792) C=srgn(793) 
V=ui C=prst(794) C=thlm(795) C=tly(796) 
V=uia C=crl(797) C=mscl(798) C=qntl(799) 
V=uie C=Brm(800) C=Jptr(801) C=Ldt(802) C=cbl(803) C=dbty(804) C=frtv(805) C=nhg(806) C=prvw(807) C=qbl(808) C=qckn(809) C=sbd(810) C=sfc(811) C=slfd(812) C=srm(813) C=srv(814) C=trbn(815) 
V=uio C=brt(816) C=cshn(817) C=ncr(818) C=nfrm(819) C=sctn(820) 
V=uo C=bfn(821) C=brnt(822) C=rlgy(823) 
V=uoe C=glcs(824) C=prs(825) C=scr(826) C=sp(827) 
V=uoi C=bnc(828) C=prln(829) C=trml(830) 
