V=Iia C=lyr(1) 
V=Ooe C=ctbr(2) 
V=a C=Ctln(3) C=bklv(4) C=crl(5) C=crvn(6) C=dmnt(7) C=frwy(8) 
V=ae C=bg(9) C=blnc(10) C=brg(11) C=brst(12) C=bsnc(13) C=cbg(14) C=cdmy(15) C=cpbl(16) C=cpl(17) C=crml(18) C=crng(19) C=crt(20) C=csd(21) C=dts(22) C=dvnc(23) C=fbl(24) C=grb(25) C=gzl(26) C=lgbr(27) C=lrdy(28) C=ltr(29) C=mgnt(30) C=mgnt(31) C=mlwr(32) C=mndt(33) C=mngr(34) C=msg(35) C=nlys(36) C=nlyz(37) C=nt(38) C=pckg(39) C=pgnt(40) C=plct(41) C=plt(42) C=pnck(43) C=prbl(44) C=prl(45) C=prtk(46) C=psg(47) C=pybl(48) C=rmpg(49) C=rng(50) C=rsnl(51) C=shmd(52) C=slvg(53) C=thl(54) C=vlnc(55) 
V=aei C=crb(56) C=jvln(57) C=mnty(58) C=nglc(59) C=sct(60) C=sptc(61) C=thsm(62) 
V=aeo C=plcb(63) 
V=aeu C=crfl(64) 
V=ai C=Cspn(65) C=Vtcn(66) C=bdng(67) C=blty(68) C=brgn(69) C=bstn(70) C=clm(71) C=cptl(72) C=cptn(73) C=fntc(74) C=glty(75) C=gnst(76) C=grcs(77) C=mgcl(78) C=mrtl(79) C=mzng(80) C=pcf(81) C=pldn(82) C=prtl(83) C=rch(84) C=rdcl(85) C=rdnt(86) C=rlwy(87) C=rshp(88) C=rtsn(89) C=sptl(90) C=stmn(91) C=vdty(92) C=vgnl(93) C=vlnt(94) C=vtcn(95) 
V=aie C=bpts(96) C=bptz(97) C=br(98) C=cbnt(99) C=chl(100) C=cpsz(101) C=cr(102) C=crbn(103) C=crmn(104) C=cshr(105) C=cynd(106) C=fr(107) C=frgl(108) C=grnt(109) C=hyln(110) C=jsmn(111) C=lmnt(112) C=ltc(113) C=mbnt(114) C=mchn(115) C=mls(116) C=nct(117) C=nxty(118) C=prs(119) C=pstm(120) C=psv(121) C=ptn(122) C=rchv(123) C=rmnt(124) C=rtcl(125) C=scrb(126) C=spnt(127) C=tcl(128) C=trl(129) C=vcn(130) C=vmpr(131) C=vrty(132) 
V=aio C=chrt(133) C=cptn(134) C=fctn(135) C=fshn(136) C=mns(137) C=prct(138) C=psn(139) C=ptr(140) C=rnbw(141) C=rpt(142) C=stn(143) C=tr(144) C=wr(145) 
V=aiu C=clm(146) C=crnm(147) C=glds(148) C=mx(149) C=stdm(150) 
V=ao C=bln(151) C=bnd(152) C=brvd(153) C=crbt(154) C=crtn(155) C=drgn(156) C=lch(157) C=mtdr(158) C=nlgy(159) C=nmly(160) C=ntmy(161) C=phr(162) C=plgy(163) C=pltn(164) C=prdx(165) C=prgn(166) C=prs(167) 
V=aoe C=blny(168) C=bslv(169) C=lbr(170) C=ltd(171) C=mnhl(172) C=nthr(173) C=prv(174) C=tdpl(175) 
V=aoi C=blsh(176) C=cht(177) C=ndr(178) C=pnt(179) 
V=aou C=cnt(180) C=djrn(181) C=glmr(182) C=hrb(183) C=prl(184) 
V=au C=Jnry(185) C=fctl(186) C=nglr(187) C=ntrl(188) C=pld(189) C=slt(190) C=sptl(191) 
V=aue C=cpsl(192) C=cptr(193) C=gmnt(194) C=hbrk(195) C=lcqr(196) C=lndr(197) C=rpt(198) 
V=aui C=cst(199) 
V=auo C=tpsy(200) 
V=e C=btwn(201) C=dfnc(202) C=dfns(203) C=dplt(204) C=dsrv(205) C=gntl(206) C=lchr(207) C=lmnt(208) C=prcd(209) C=rsv(210) C=rvng(211) C=rvs(212) C=xpns(213) C=xtrm(214) 
V=ea C=bnth(215) C=brth(216) C=clns(217) C=dbcl(218) C=dclr(219) C=dflt(220) C=drng(221) C=fthr(222) C=gnrl(223) C=grmn(224) C=grt(225) C=hctr(226) C=hrkn(227) C=hrsy(228) C=htr(229) C=lft(230) C=lgnt(231) C=mbrc(232) C=mndr(233) C=mplc(234) C=mrld(235) C=msg(236) C=nclv(237) C=ngrv(238) C=nhc(239) C=pnc(240) C=pr(241) C=prfc(242) C=prvd(243) C=psnt(244) C=rflp(245) C=rnst(246) C=rnwl(247) C=rplc(248) C=rshp(249) C=rthn(250) C=str(251) C=svrl(252) C=swtr(253) C=tchr(254) C=thr(255) C=thr(256) C=trc(257) C=trnl(258) C=vngl(259) C=vntg(260) C=vtrn(261) C=wbpg(262) C=whrs(263) C=wlfr(264) C=wthr(265) C=xltd(266) C=xmpl(267) C=xpns(268) 
V=eai C=brng(269) C=crm(270) C=crtn(271) C=dclm(272) C=dlng(273) C=dspr(274) C=gltn(275) C=htng(276) C=hvly(277) C=lstc(278) C=mng(279) C=mrd(280) C=prtn(281) C=prvl(282) C=rclm(283) C=rfn(284) C=rlty(285) C=rtc(286) C=trn(287) C=xclm(288) C=xpln(289) 
V=eao C=hxgn(290) C=pck(291) C=trsn(292) 
V=eau C=dflt(293) C=pgs(294) C=sgl(295) C=tns(296) C=xhst(297) 
V=ei C=bnft(298) C=bsd(299) C=clng(300) C=crv(301) C=dcln(302) C=dfct(303) C=dlvr(304) C=dprv(305) C=dsp(306) C=dspt(307) C=dstn(308) C=fgnd(309) C=flng(310) C=frtl(311) C=gnrc(312) C=gntc(313) C=gntl(314) C=hrs(315) C=mnt(316) C=nthr(317) C=ntl(318) C=ntw(319) C=pnsv(320) C=prcs(321) C=prm(322) C=prms(323) C=prsd(324) C=prvw(325) C=rcln(326) C=rcpt(327) C=rspt(328) C=rtd(329) C=smc(330) C=spc(331) C=srvc(332) C=strl(333) C=trm(334) C=txl(335) C=vdnt(336) C=vhcl(337) C=vstg(338) C=xhbt(339) 
V=eia C=dcml(340) C=dfnt(341) C=gntl(342) C=lxc(343) C=pgrm(344) C=prdl(345) C=pth(346) C=rplc(347) C=sml(348) C=smnr(349) C=spcl(350) 
V=eio C=dmg(351) C=mnt(352) C=nvr(353) C=sctn(354) C=sn(355) C=tns(356) C=vrsn(357) C=vrtg(358) 
V=eiu C=Blgm(359) C=cls(360) C=prm(361) 
V=eo C=Tchw(362) C=bdrm(363) C=blvd(364) C=chln(365) C=cnmy(366) C=dplr(367) C=dvlp(368) C=frdm(369) C=gly(370) C=mpr(371) C=mpwr(372) C=ndrs(373) C=nfrc(374) C=nvlp(375) C=rcv(376) C=rms(377) C=rslv(378) C=rst(379) C=rvl(380) C=vrbs(381) C=wlcm(382) C=xpld(383) C=xplr(384) 
V=eoa C=fmrl(385) C=jprd(386) C=lprd(387) C=prsn(388) 
V=eoi C=dpst(389) C=dspl(390) C=xplt(391) 
V=eou C=frv(392) C=nrvs(393) C=rbnd(394) 
V=eu C=flxr(395) C=gstr(396) C=lctr(397) C=ltc(398) C=prfm(399) C=prld(400) C=prsm(401) C=rcls(402) C=rqst(403) C=scld(404) C=sqnt(405) C=txr(406) C=vntr(407) C=xcld(408) 
V=eua C=ntrl(409) C=plr(410) C=rgl(411) C=sclr(412) C=snl(413) 
V=eui C=rbld(414) C=rct(415) 
V=euo C=ntr(416) 
V=i C=Sntc(417) C=lct(418) C=nhbt(419) 
V=ia C=Brtn(420) C=dgrm(421) C=dgtl(422) C=dsn(423) C=nhbt(424) C=nvld(425) C=sct(426) C=smlr(427) C=trvl(428) C=vln(429) C=vrgn(430) 
V=iae C=bzr(431) C=clmt(432) C=dct(433) C=dlct(434) C=dsbl(435) C=fnc(436) C=frbl(437) C=frgt(438) C=grf(439) C=grmc(440) C=lnkg(441) C=mgrt(442) C=mrcl(443) C=mstk(444) C=plg(445) C=prmt(446) C=prvt(447) C=rbcg(448) C=sgn(449) C=str(450) C=szbl(451) C=vbrt(452) C=vlg(453) C=vntg(454) 
V=iao C=dmn(455) 
V=ie C=Chns(456) C=cbrg(457) C=chns(458) C=dslk(459) C=dvrg(460) C=dvrs(461) C=ftn(462) C=hygn(463) C=lcns(464) C=mdwf(465) C=mrs(466) C=msl(467) C=ncl(468) C=nhrt(469) C=nsdr(470) C=nspr(471) C=ntgr(472) C=ntrm(473) C=nts(474) C=nvrs(475) C=scn(476) C=slnc(477) C=sncr(478) C=sxtn(479) C=vsbl(480) 
V=iea C=frm(481) C=lbr(482) C=lg(483) C=ltr(484) C=mnrl(485) C=mpch(486) C=nstd(487) C=vngr(488) C=wrtp(489) 
V=ieo C=nfr(490) 
V=ieu C=mpts(491) 
V=io C=blgy(492) C=bln(493) C=dctn(494) C=dvsr(495) C=fctn(496) C=mln(497) C=msn(498) C=ncsr(499) C=slcn(500) C=vstr(501) 
V=ioa C=bplr(502) C=dplm(503) C=mrl(504) C=pvtl(505) 
V=ioe C=dsby(506) C=dsp(507) C=lsm(508) C=mcrb(509) C=mplr(510) C=mprv(511) C=nvl(512) C=rpst(513) C=sgnr(514) C=vlnt(515) C=wdr(516) 
V=iou C=wth(517) 
V=iu C=bsct(518) C=crt(519) C=mn(520) C=nqry(521) 
V=iua C=pqnt(522) C=vrtl(523) 
V=iue C=dspt(524) C=dvlg(525) C=lqfy(526) C=mpls(527) C=ncld(528) C=ndlg(529) C=nqst(530) C=ntrd(531) C=pctr(532) C=rvlt(533) C=trb(534) C=trbn(535) 
V=o C=pnt(536) 
V=oa C=Ksvn(537) C=crp(538) C=ctgn(539) C=drmt(540) C=tbc(541) C=trnd(542) C=vlcn(543) 
V=oae C=Rmnc(544) C=cgnt(545) C=ckd(546) C=clg(547) C=clt(548) C=cmpr(549) C=cnv(550) C=ctg(551) C=frsk(552) C=hstg(553) C=mntg(554) C=ntbl(555) C=pchr(556) C=prfn(557) C=pstg(558) C=rmnc(559) C=strg(560) C=tng(561) C=vltg(562) 
V=oai C=cnt(563) C=pcty(564) C=rgnc(565) C=rmng(566) C=smtc(567) C=vcl(568) 
V=oe C=bklt(569) C=brdm(570) C=bscn(571) C=bsrv(572) C=clg(573) C=cln(574) C=cmps(575) C=cmpt(576) C=cnd(577) C=cnsl(578) C=cnt(579) C=cnv(580) C=crd(581) C=crkd(582) C=fnc(583) C=fns(584) C=frv(585) C=gdby(586) C=hwvr(587) C=mnt(588) C=phnm(589) C=prcd(590) C=prmt(591) C=prs(592) C=prvk(593) C=sctr(594) C=smhw(595) C=trp(596) C=trpd(597) C=whvr(598) C=wln(599) 
V=oea C=cnl(600) C=nvl(601) C=prnd(602) C=sybn(603) C=vrl(604) C=vrlp(605) 
V=oei C=blsk(606) C=cnt(607) C=frgn(608) C=frt(609) C=phnx(610) C=prtn(611) 
V=oeu C=hpfl(612) C=str(613) 
V=oi C=flsh(614) C=hmn(615) C=hmnd(616) C=hrzn(617) C=mntr(618) C=mrnc(619) C=ng(620) C=prtn(621) C=slct(622) C=smtc(623) 
V=oia C=cml(624) C=cnl(625) C=crdl(626) C=hldy(627) C=lgc(628) C=nml(629) C=ptcl(630) C=ptml(631) C=rdnl(632) 
V=oie C=blnd(633) C=bnfr(634) C=cld(635) C=cmbn(636) C=cmpl(637) C=cnf(638) C=cnfr(639) C=cns(640) C=fcr(641) C=frgv(642) C=fsd(643) C=gdlk(644) C=hstl(645) C=mnkr(646) C=plsv(647) C=pntr(648) C=prfl(649) C=prms(650) C=prvd(651) C=scty(652) C=sldr(653) 
V=ou C=bnjr(654) C=brgh(655) C=cntr(656) C=ctps(657) C=grpn(658) C=lckt(659) C=mdls(660) C=pms(661) C=prn(662) C=psm(663) C=sjrn(664) C=tps(665) 
V=oua C=frml(666) C=jrnl(667) C=mdlr(668) C=plr(669) C=spl(670) C=sry(671) C=tlnd(672) C=trnk(673) 
V=oue C=Scsr(674) C=bldr(675) C=bscr(676) C=clsr(677) C=cmn(678) C=cmpt(679) C=cmt(680) C=cnfs(681) C=cnjr(682) C=cnqr(683) C=cnsl(684) C=cnsm(685) C=cntr(686) C=cplr(687) C=cstm(688) C=fndr(689) C=frtn(690) C=jrny(691) C=plt(692) C=prc(693) C=prdc(694) C=prfs(695) C=pstr(696) C=scrg(697) C=sfl(698) C=tr(699) C=trbl(700) C=vchr(701) 
V=oui C=nrsh(702) C=trsm(703) 
V=ua C=qntm(704) 
V=uae C=Vlgt(705) C=drbl(706) C=mnd(707) C=nrvl(708) C=qrt(709) C=rmg(710) C=srfc(711) C=srnm(712) C=vlgt(713) 
V=uai C=crtl(714) C=crtn(715) C=fnr(716) C=lntc(717) C=qlfy(718) C=qlty(719) C=sqld(720) C=stn(721) 
V=uao C=bfl(722) C=mlt(723) 
V=ue C=cltr(724) C=ncls(725) C=rpt(726) C=scd(727) C=sl(728) C=sprm(729) C=vltr(730) 
V=uea C=Tsdy(731) C=fnrl(732) C=nclr(733) C=nlsh(734) 
V=uei C=dlst(735) C=nmrc(736) C=tnsl(737) 
V=ueo C=dkm(738) C=dng(739) C=ncl(740) C=ndrg(741) C=srgn(742) 
V=ui C=prst(743) C=thlm(744) C=tly(745) 
V=uia C=crl(746) C=mscl(747) C=qntl(748) 
V=uie C=Brm(749) C=Jptr(750) C=cbl(751) C=dbty(752) C=frtv(753) C=nhg(754) C=prvw(755) C=qbl(756) C=qckn(757) C=sbd(758) C=sfc(759) C=slfd(760) C=srm(761) C=srv(762) C=trbn(763) 
V=uio C=brt(764) C=cshn(765) C=ncr(766) C=nfrm(767) C=sctn(768) 
V=uo C=bfn(769) C=rlgy(770) 
V=uoe C=glcs(771) C=prs(772) C=scr(773) C=sp(774) 
V=uoi C=prln(775) C=trml(776) 
