V=Aeia C=mrc(1) 
V=Uaie C=krn(2) 
V=ae C=Png(3) C=ps(4) C=vrg(5) 
V=aeo C=wsm(6) 
V=aeoi C=lv(7) C=rbc(8) 
V=aeou C=gs(9) 
V=aeu C=mtr(10) C=plt(11) C=sxl(12) 
V=ai C=Glc(13) 
V=aie C=chv(14) C=gt(15) C=mbl(16) C=mls(17) C=nmt(18) C=pr(19) C=rdt(20) C=vrc(21) 
V=aio C=rfl(22) C=vtr(23) 
V=aiou C=nxs(24) C=vrs(25) 
V=aiue C=flr(26) C=ftg(27) C=ntq(28) 
V=aoe C=bln(29) C=vms(30) 
V=aoie C=gnz(31) 
V=aou C=rsl(32) 
V=aoue C=crs(33) 
V=aue C=dlt(34) C=htr(35) C=mrq(36) C=sg(37) C=sg(38) C=str(39) 
V=auie C=cqr(40) C=qfr(41) C=spc(42) 
V=auio C=ctn(43) C=ctn(44) 
V=auo C=fts(45) C=rds(46) 
V=e C=rf(47) 
V=ea C=brv(48) C=lvt(49) C=mnt(50) C=rls(51) C=tng(52) 
V=eai C=rgl(53) C=rlz(54) C=vs(55) C=xmn(56) 
V=eaio C=ltn(57) C=vsn(58) 
V=eaou C=jls(59) C=zls(60) 
V=eau C=bcs(61) C=ftr(62) C=msr(63) C=rs(64) 
V=ei C=blv(65) C=bsg(66) C=dcv(67) C=dfc(68) C=rcv(69) 
V=eia C=dvt(70) C=mdt(71) 
V=eio C=dtn(72) C=lsn(73) C=psd(74) 
V=eiou C=nvs(75) C=sr(76) C=tds(77) 
V=eiu C=lsr(78) C=pcr(79) 
V=eoi C=Grd(80) C=bnt(81) C=mtn(82) C=rjc(83) C=rsn(84) 
V=eou C=sp(85) 
V=eu C=rfg(86) C=rvn(87) C=xct(88) 
V=eua C=dct(89) C=mlt(90) 
V=eui C=bgl(91) C=gn(92) C=lsv(93) C=rnt(94) C=rq(95) C=sqr(96) 
V=euia C=tql(97) 
V=euio C=lsn(98) C=rn(99) 
V=euo C=dmn(100) 
V=ia C=ntl(101) 
V=iae C=mgn(102) C=mt(103) C=vt(104) 
V=iao C=dlg(105) C=lsn(106) 
V=iea C=ds(107) C=nrt(108) C=tr(109) 
V=ieou C=hds(110) 
V=ioa C=cbr(111) C=drm(112) 
V=ioae C=slt(113) C=vlt(114) 
V=ioe C=dx(115) C=nvc(116) C=pnr(117) C=stp(118) 
V=iou C=vcs(119) 
V=ioua C=bvc(120) 
V=iua C=mnt(121) 
V=iue C=nqr(122) 
V=oae C=ftg(123) 
V=oe C=frs(124) C=smn(125) 
V=oea C=prt(126) 
V=oeu C=nrs(127) 
V=oi C=pn(128) 
V=oia C=Rdn(129) C=rgm(130) 
V=oiae C=bvt(131) C=flg(132) 
V=oie C=nm(133) C=rfc(134) C=xdz(135) 
V=oiu C=bvs(136) C=cps(137) C=mns(138) C=nxs(139) 
V=oiue C=blq(140) 
V=ou C=lkt(141) C=tdr(142) C=tlk(143) 
V=ouae C=crg(144) C=trg(145) 
V=oue C=bqt(146) C=tcm(147) 
V=ouie C=cr(148) C=rtn(149) C=tln(150) C=tsd(151) 
V=uai C=rnm(152) 
V=ue C=sqz(153) 
V=uea C=nql(154) 
V=uia C=blm(155) 
V=uiae C=rnt(156) 
V=uie C=lmr(157) C=scd(158) C=tlz(159) 
V=uio C=crs(160) C=dbs(161) C=frs(162) C=tn(163) 
V=uoia C=tpn(164) 
