V=Aeia C=mrc(1) 
V=Uaie C=krn(2) 
V=ae C=vrg(3) 
V=aeo C=wsm(4) 
V=aeoi C=rbc(5) 
V=aeou C=gs(6) 
V=aeu C=mtr(7) C=plt(8) C=sxl(9) 
V=aie C=chv(10) C=gt(11) C=mbl(12) C=nmt(13) C=pr(14) C=rdt(15) C=vrc(16) 
V=aio C=vtr(17) 
V=aiou C=nxs(18) C=vrs(19) 
V=aiue C=flr(20) C=ftg(21) C=ntq(22) 
V=aoe C=vms(23) 
V=aoie C=gnz(24) 
V=aou C=rsl(25) 
V=aoue C=crs(26) 
V=aue C=dlt(27) C=htr(28) C=mrq(29) C=sg(30) C=sg(31) C=str(32) 
V=auie C=cqr(33) C=spc(34) 
V=auio C=ctn(35) C=ctn(36) 
V=auo C=fts(37) C=rds(38) 
V=e C=rf(39) 
V=ea C=lvt(40) C=mnt(41) C=rls(42) C=tng(43) 
V=eai C=rgl(44) C=rlz(45) C=vs(46) C=xmn(47) 
V=eaio C=ltn(48) C=vsn(49) 
V=eaou C=jls(50) C=zls(51) 
V=eau C=bcs(52) C=ftr(53) C=msr(54) C=rs(55) 
V=ei C=blv(56) C=bsg(57) C=dcv(58) C=dfc(59) C=rcv(60) 
V=eia C=mdt(61) 
V=eio C=dtn(62) C=psd(63) 
V=eiou C=nvs(64) C=sr(65) C=tds(66) 
V=eiu C=lsr(67) C=pcr(68) 
V=eoi C=mtn(69) C=rjc(70) C=rsn(71) 
V=eou C=sp(72) 
V=eu C=rfg(73) C=rvn(74) C=xct(75) 
V=eua C=dct(76) 
V=eui C=bgl(77) C=gn(78) C=lsv(79) C=rnt(80) C=rq(81) C=sqr(82) 
V=euia C=tql(83) 
V=euio C=lsn(84) C=rn(85) 
V=euo C=dmn(86) 
V=ia C=ntl(87) 
V=iae C=mgn(88) C=mt(89) C=vt(90) 
V=iao C=dlg(91) 
V=iea C=ds(92) C=tr(93) 
V=ieou C=hds(94) 
V=ioae C=slt(95) C=vlt(96) 
V=ioe C=nvc(97) C=pnr(98) 
V=iou C=vcs(99) 
V=iua C=mnt(100) 
V=iue C=nqr(101) 
V=oae C=ftg(102) 
V=oe C=frs(103) C=smn(104) 
V=oea C=prt(105) 
V=oeu C=nrs(106) 
V=oi C=pn(107) 
V=oiae C=bvt(108) 
V=oie C=nm(109) 
V=oiu C=bvs(110) C=cps(111) C=mns(112) C=nxs(113) 
V=oiue C=blq(114) 
V=ou C=tdr(115) C=tlk(116) 
V=ouae C=crg(117) C=trg(118) 
V=oue C=bqt(119) C=tcm(120) 
V=ouie C=cr(121) C=tln(122) C=tsd(123) 
V=ue C=sqz(124) 
V=uea C=nql(125) 
V=uie C=lmr(126) C=scd(127) C=tlz(128) 
V=uio C=crs(129) C=dbs(130) C=frs(131) C=tn(132) 
V=uoia C=tpn(133) 
