V=a C=bckwrd(1) C=bstrc(2) C=ctlys(3) C=frgnt(4) C=hystck(5) C=lndmrk(6) C=mrksn(7) C=phrmcy(8) C=prtfl(9) C=stndr(10) C=trnsc(11) 
V=ae C=Flndrs(12) C=clmns(13) C=drkns(14) C=flws(15) C=frgmnt(16) C=mtrs(17) C=psrby(18) C=scrbl(19) C=scrly(20) C=scrmbl(21) C=smbly(22) C=spltr(23) C=strgy(24) C=strng(25) C=strngl(26) C=sylb(27) C=trnsc(28) C=trnsf(29) C=wrngl(30) 
V=ai C=Snskrt(31) C=chrmng(32) C=chsty(33) C=clsfy(34) C=dzlng(35) C=flgshp(36) C=frthng(37) C=lndf(38) C=nythg(39) C=rtsy(40) C=scrty(41) C=scthng(42) C=strfh(43) C=strgh(44) C=strvng(45) C=synptc(46) C=trnsfx(47) C=trnsm(48) 
V=ao C=bckdrp(49) C=pltfrm(50) C=psrt(51) C=pswrd(52) C=rhpsdy(53) C=scfld(54) C=stndf(55) C=thrldm(56) 
V=au C=brptly(57) C=hndcf(58) C=kshrt(59) C=wtchfl(60) 
V=e C=dcyphr(61) C=lngth(62) C=ntrch(63) C=nwlyd(64) C=rckls(65) C=rcntly(66) C=tndcy(67) 
V=ea C=gplnt(68) C=hncm(69) C=hrldy(70) C=mrchnt(71) C=prgnt(72) C=stlhy(73) C=trsp(74) 
V=ei C=dyslxc(75) C=hystrc(76) C=prcnt(77) C=prsng(78) C=rstc(79) C=splnd(80) 
V=eo C=mltdwn(81) C=splndr(82) 
V=eu C=chstn(83) C=spctrm(84) 
V=i C=Cyrlc(85) C=chlds(86) C=cynsm(87) C=dstnc(88) C=dstrc(89) C=gmcky(90) C=kngshp(91) C=lnchp(92) C=mdnght(93) C=mnstry(94) C=nstc(95) C=skrmh(96) C=smplfy(97) C=spfng(98) C=strkng(99) C=thnkg(100) C=twlgh(101) 
V=ia C=brthdy(102) C=chvlry(103) C=dsptch(104) C=dstrc(105) C=flpnt(106) C=mstch(107) C=nftry(108) C=vbrncy(109) C=wthdr(110) 
V=ie C=brghtn(111) C=chldrn(112) C=cylndr(113) C=dstr(114) C=frghtn(115) C=ntly(116) C=scrbl(117) C=sprnkl(118) C=sprnt(119) C=stcklr(120) C=strp(121) C=swndlr(122) C=thrl(123) 
V=io C=hgbrn(124) C=scr(125) C=sng(126) 
V=iu C=blsf(127) C=ndstry(128) C=nstrc(129) C=sklf(130) 
V=o C=cnfrt(131) C=plygt(132) C=wrkfl(133) 
V=oa C=Sctlnd(134) C=blwhrd(135) C=cnst(136) C=cntr(137) C=cntrs(138) C=cntry(139) C=dwnr(140) C=glsry(141) C=mnrchy(142) C=nrmlcy(143) C=plymth(144) C=prbly(145) 
V=oe C=cmprs(146) C=cngrs(147) C=cntmp(148) C=cnts(149) C=crky(150) C=frts(151) C=prgs(152) C=prhcy(153) C=prhsy(154) C=prly(155) C=prsct(156) C=prty(157) C=syndrm(158) C=thrl(159) 
V=oi C=Sctsh(160) C=cnflt(161) C=hrnbl(162) C=hypns(163) C=hypntc(164) C=psbly(165) C=shpng(166) C=symblc(167) C=synptc(168) 
V=ou C=bstrc(169) C=cnjt(170) C=scrnfl(171) C=shrtc(172) 
V=ua C=Thrsdy(173) C=brgly(174) C=sbtrc(175) 
V=ue C=crny(176) C=flnty(177) C=rthls(178) C=sbtly(179) C=sclry(180) C=sdnly(181) C=spr(182) C=strgl(183) C=thrs(184) C=tngs(185) 
V=ui C=dmplng(186) C=mltpy(187) C=scnt(188) C=scrtny(189) C=slgh(190) C=stfng(191) C=stng(192) 
V=uo C=gltny(193) C=stbrn(194) 
