V=a C=bckwrd(1) C=bstrc(2) C=ctlys(3) C=frgnt(4) C=hystck(5) C=lndmrk(6) C=mrksn(7) C=phrmcy(8) C=prtfl(9) C=stndr(10) C=trnsc(11) 
V=ae C=Flndrs(12) C=clmns(13) C=drkns(14) C=flws(15) C=frgmnt(16) C=mthys(17) C=mtrs(18) C=psrby(19) C=scrbl(20) C=scrly(21) C=scrmbl(22) C=smbly(23) C=spltr(24) C=strgy(25) C=strng(26) C=strngl(27) C=sylb(28) C=tpsry(29) C=trnsc(30) C=trnsf(31) C=wrngl(32) 
V=ai C=Snskrt(33) C=chrmng(34) C=chsty(35) C=clsfy(36) C=dzlng(37) C=flgshp(38) C=frthng(39) C=lndf(40) C=nythg(41) C=rtsy(42) C=scrty(43) C=scthng(44) C=strfh(45) C=strgh(46) C=strvng(47) C=synptc(48) C=trnsfx(49) C=trnsm(50) 
V=ao C=bckdrp(51) C=pltfrm(52) C=psrt(53) C=pswrd(54) C=rhpsdy(55) C=scfld(56) C=stndf(57) C=thrldm(58) 
V=au C=brptly(59) C=hndcf(60) C=kshrt(61) C=wtchfl(62) 
V=e C=crsnt(63) C=dcyphr(64) C=lngth(65) C=ntrch(66) C=nwlyd(67) C=rckls(68) C=rcntly(69) C=tndcy(70) C=vstmn(71) 
V=ea C=fntyl(72) C=gplnt(73) C=hncm(74) C=hrldy(75) C=mrchnt(76) C=prgnt(77) C=stlhy(78) C=trsp(79) 
V=ei C=dyslxc(80) C=hystrc(81) C=prcnt(82) C=prsng(83) C=rstc(84) C=splnd(85) 
V=eo C=mltdwn(86) C=mtny(87) C=splndr(88) 
V=eu C=chstn(89) C=spctrm(90) 
V=i C=Cyrlc(91) C=chlds(92) C=cynsm(93) C=dstnc(94) C=dstrc(95) C=gmcky(96) C=kngshp(97) C=lnchp(98) C=mdnght(99) C=mnstry(100) C=nstc(101) C=skrmh(102) C=smplfy(103) C=spfng(104) C=strkng(105) C=thnkg(106) C=twlgh(107) 
V=ia C=brthdy(108) C=chvlry(109) C=dsptch(110) C=dstrc(111) C=flpnt(112) C=mstch(113) C=nftry(114) C=vbrncy(115) C=wthdr(116) 
V=ie C=brghtn(117) C=chldrn(118) C=cylndr(119) C=dstr(120) C=frghtn(121) C=ntly(122) C=scrbl(123) C=sprnkl(124) C=sprnt(125) C=stcklr(126) C=strdn(127) C=strp(128) C=swndlr(129) C=thrl(130) 
V=io C=hgbrn(131) C=scr(132) C=sng(133) 
V=iu C=blsf(134) C=ndstry(135) C=nstrc(136) C=sklf(137) 
V=o C=cnfrt(138) C=lckdwn(139) C=plygt(140) C=wrkfl(141) 
V=oa C=Sctlnd(142) C=blwhrd(143) C=cnst(144) C=cntr(145) C=cntrs(146) C=cntry(147) C=dwnr(148) C=glsry(149) C=mnrchy(150) C=nrmlcy(151) C=plygm(152) C=plymth(153) C=prbly(154) 
V=oe C=cmprs(155) C=cngrs(156) C=cntmp(157) C=cnts(158) C=crky(159) C=frts(160) C=prgs(161) C=prhcy(162) C=prhsy(163) C=prly(164) C=prsct(165) C=prty(166) C=syndrm(167) C=thrl(168) 
V=oi C=Sctsh(169) C=cnflt(170) C=hrnbl(171) C=hypns(172) C=hypntc(173) C=psbly(174) C=shpng(175) C=symblc(176) C=synptc(177) 
V=ou C=bstrc(178) C=cnjt(179) C=scrnfl(180) C=shrtc(181) 
V=ua C=Thrsdy(182) C=brgly(183) C=sbtrc(184) 
V=ue C=crny(185) C=flnty(186) C=rthls(187) C=sbtly(188) C=sclry(189) C=sdnly(190) C=spr(191) C=strgl(192) C=thrs(193) C=tngs(194) 
V=ui C=dmplng(195) C=mltpy(196) C=scnt(197) C=scrtny(198) C=slgh(199) C=stfng(200) C=stng(201) 
V=uo C=gltny(202) C=stbrn(203) 
