V=a C=bckwrd(1) C=bstrc(2) C=ctlys(3) C=frgnt(4) C=phrmcy(5) C=prtfl(6) C=stndr(7) C=trnsc(8) 
V=ae C=clmns(9) C=drkns(10) C=frgmnt(11) C=mtrs(12) C=psrby(13) C=scrbl(14) C=scrly(15) C=scrmbl(16) C=smbly(17) C=strgy(18) C=strng(19) C=strngl(20) C=sylb(21) C=trnsc(22) C=trnsf(23) C=wrngl(24) 
V=ai C=chrmng(25) C=clsfy(26) C=dzlng(27) C=flgshp(28) C=frthng(29) C=nythg(30) C=rtsy(31) C=scrty(32) C=strfh(33) C=strgh(34) C=strvng(35) C=trnsm(36) 
V=ao C=pltfrm(37) C=psrt(38) C=pswrd(39) C=rhpsdy(40) C=scfld(41) C=stndf(42) 
V=au C=brptly(43) C=hndcf(44) C=wtchfl(45) 
V=e C=dcyphr(46) C=lngth(47) C=ntrch(48) C=nwlyd(49) C=rckls(50) C=rcntly(51) C=tndcy(52) 
V=ea C=gplnt(53) C=mrchnt(54) C=prgnt(55) C=trsp(56) 
V=ei C=hystrc(57) C=prsng(58) C=rstc(59) C=splnd(60) 
V=eo C=splndr(61) 
V=eu C=chstn(62) C=spctrm(63) 
V=i C=chlds(64) C=cynsm(65) C=dstnc(66) C=dstrc(67) C=lnchp(68) C=mdnght(69) C=mnstry(70) C=nstc(71) C=skrmh(72) C=smplfy(73) C=strkng(74) C=thnkg(75) C=twlgh(76) 
V=ia C=brthdy(77) C=dsptch(78) C=dstrc(79) C=flpnt(80) C=mstch(81) C=nftry(82) C=vbrncy(83) C=wthdr(84) 
V=ie C=brghtn(85) C=chldrn(86) C=cylndr(87) C=dstr(88) C=frghtn(89) C=ntly(90) C=scrbl(91) C=stcklr(92) C=strp(93) C=swndlr(94) C=thrl(95) 
V=io C=hgbrn(96) C=scr(97) 
V=iu C=ndstry(98) C=nstrc(99) C=sklf(100) 
V=o C=cnfrt(101) C=wrkfl(102) 
V=oa C=Sctlnd(103) C=blwhrd(104) C=cnst(105) C=cntr(106) C=cntrs(107) C=cntry(108) C=dwnr(109) C=glsry(110) C=mnrchy(111) C=prbly(112) 
V=oe C=cmprs(113) C=cngrs(114) C=cnts(115) C=crky(116) C=frts(117) C=prgs(118) C=prhcy(119) C=prhsy(120) C=prly(121) C=prsct(122) C=prty(123) C=thrl(124) 
V=oi C=cnflt(125) C=hrnbl(126) C=hypntc(127) C=psbly(128) C=shpng(129) C=symblc(130) 
V=ou C=bstrc(131) C=cnjt(132) C=scrnfl(133) C=shrtc(134) 
V=ua C=Thrsdy(135) C=brgly(136) C=sbtrc(137) 
V=ue C=crny(138) C=flnty(139) C=rthls(140) C=sbtly(141) C=sclry(142) C=spr(143) C=strgl(144) C=thrs(145) 
V=ui C=dmplng(146) C=mltpy(147) C=scnt(148) C=scrtny(149) C=slgh(150) C=stfng(151) C=stng(152) 
V=uo C=gltny(153) C=stbrn(154) 
