V=a C=Kblh(1) C=clbsh(2) C=prlx(3) C=rdvk(4) 
V=ae C=Crthg(5) C=bndg(6) C=brclt(7) C=brnt(8) C=bsl(9) C=bsmnt(10) C=clndr(11) C=crls(12) C=cshmr(13) C=cstr(14) C=cthr(15) C=ctlys(16) C=ctlyz(17) C=dhrnt(18) C=djcnt(19) C=dvnc(20) C=fcls(21) C=frwl(22) C=gmstr(23) C=grphm(24) C=lmns(25) C=lphbt(26) C=lrgn(27) C=lvndr(28) C=mscr(29) C=mtrnl(30) C=plb(31) C=plcnt(32) C=pld(33) C=prl(34) C=prlyz(35) C=prnt(36) C=ptrnl(37) C=pvmnt(38) C=rmnt(39) C=scvng(40) C=smbl(41) C=stmpd(42) C=whtvr(43) 
V=aei C=lrgc(44) C=mgntc(45) C=pndx(46) C=sprty(47) C=strk(48) 
V=aeo C=bchlr(49) C=ctgry(50) C=lgry(51) C=ncstr(52) C=pnth(53) C=wtrp(54) 
V=aeu C=dnm(55) C=grtfl(56) C=wstfl(57) 
V=ai C=Cblsm(58) C=Cblst(59) C=Pldns(60) C=Qblsm(61) C=Qblst(62) C=Spnrd(63) C=chrmn(64) C=clmty(65) C=cmpgn(66) C=cnbl(67) C=cpty(68) C=crdnl(69) C=crnvl(70) C=ctvsm(71) C=ctvy(72) C=fclty(73) C=fnty(74) C=grft(75) C=gymns(76) C=hndcp(77) C=lcrty(78) C=mndr(79) C=mnld(80) C=nlys(81) C=nrch(82) C=ntvy(83) C=pgnsm(84) C=pntg(85) C=prdgm(86) C=rcft(87) C=rchsm(88) C=rmch(89) C=rnfl(90) C=rstp(91) C=rtgh(92) C=rtsc(93) C=sdtc(94) C=sn(95) C=sntry(96) C=tcl(97) C=tlsmn(98) C=trng(99) C=vldty(100) 
V=aie C=bnstr(101) C=cdnt(102) C=cnstr(103) C=dynmt(104) C=grdnt(105) C=lndm(106) C=mgstr(107) C=mnfst(108) C=prct(109) C=prcts(110) C=prtcl(111) C=tngbl(112) C=wtrs(113) 
V=aio C=chmpn(114) C=frctn(115) C=grft(116) C=grsn(117) C=gyrtn(118) C=snct(119) C=stln(120) C=trcn(121) 
V=aiu C=fthl(122) C=scndm(123) 
V=ao C=bnrml(124) C=bthrm(125) C=chrl(126) C=lvtry(127) C=mhgny(128) C=prch(129) C=prvl(130) C=psty(131) C=rgnt(132) C=stc(133) C=txnmy(134) 
V=aoe C=Psvr(135) C=bckn(136) C=cpstn(137) C=hndsm(138) C=ltd(139) C=mnpwr(140) C=trny(141) C=wrdb(142) 
V=aoi C=Slvnc(143) C=cthl(144) C=dfl(145) C=dmnsh(146) C=gnstc(147) C=mjrty(148) C=mndl(149) C=nrct(150) C=nyg(151) C=phrsm(152) C=rbst(153) C=stnh(154) C=trcy(155) 
V=aou C=bdmth(156) C=blckt(157) 
V=au C=Strdy(158) C=bndt(159) C=cls(160) C=cry(161) C=cslty(162) C=csly(163) C=ctly(164) C=grnl(165) C=mblnt(166) 
V=aue C=dghtr(167) C=dltry(168) C=flnt(169) C=frct(170) C=gntl(171) C=lghtr(172) C=rgmnt(173) 
V=aui C=lngsh(174) C=ltrsm(175) C=trnql(176) 
V=e C=Dcmbr(177) C=cmtry(178) C=crdn(179) C=dfnr(180) C=djct(181) C=dsrt(182) C=dtcr(183) C=ngdr(184) C=prls(185) C=prsv(186) C=prvs(187) C=rmb(188) C=rsmbl(189) C=smtr(190) C=sntc(191) C=tnm(192) C=vhmnt(193) C=whnvr(194) C=whrv(195) 
V=ea C=bdzl(196) C=btryl(197) C=cmtry(198) C=dcnt(199) C=fdbck(200) C=grts(201) C=mbrn(202) C=mrkbh(203) C=nckl(204) C=ntgl(205) C=ntrc(206) C=pdstl(207) C=plsnt(208) C=pntcl(209) C=rchg(210) C=rfl(211) C=rlvnt(212) C=rsch(213) C=rtd(214) C=rvnt(215) C=rvsl(216) C=rwd(217) C=sklt(218) C=strng(219) C=thrn(220) C=tmpl(221) C=vrtb(222) C=wkns(223) C=wrckg(224) C=xchng(225) C=xmplr(226) C=xtrnl(227) 
V=eai C=mchn(228) C=mglth(229) C=mphs(230) C=mphtc(231) C=ng(232) C=ntrls(233) C=rstn(234) C=smntc(235) C=vrbtm(236) C=vrcty(237) 
V=eao C=dlck(238) C=hdlng(239) C=hptgn(240) C=mblzn(241) C=mthnl(242) C=mtphr(243) C=mtrn(244) C=pntg(245) C=rfct(246) C=schtn(247) C=tsr(248) C=wpnry(249) 
V=eau C=drfl(250) C=trsy(251) 
V=ei C=bndct(252) C=clrty(253) C=clt(254) C=drlct(255) C=dscrb(256) C=dsgnr(257) C=dstr(258) C=fltng(259) C=flxb(260) C=frnzd(261) C=grtn(262) C=jtlnr(263) C=lctr(264) C=mngs(265) C=ntrly(266) C=ntry(267) C=plsy(268) C=pnt(269) C=prstg(270) C=rfny(271) C=rgmnt(272) C=rgst(273) C=rsdnt(274) C=sdmnt(275) C=snbl(276) C=snt(277) C=spcf(278) C=srnty(279) C=svrty(280) C=trbl(281) C=trfc(282) C=xctng(283) C=xplct(284) C=xstn(285) C=ysght(286) 
V=eia C=chml(287) C=dyslx(288) C=fstvl(289) C=hstn(290) C=hystr(291) C=mgrnt(292) C=msry(293) C=phny(294) C=smnry(295) C=trmnl(296) C=try(297) C=vrtcl(298) 
V=eio C=nghbr(299) 
V=eiu C=mrcfl(300) 
V=eo C=crmny(301) C=dfctr(302) C=dpnt(303) C=gmtry(304) C=hdg(305) C=hgmny(306) C=mbldn(307) C=mplyr(308) C=rcd(309) C=rcvy(310) C=rpt(311) C=rspn(312) C=skltn(313) C=spr(314) C=tlpr(315) C=wrlf(316) C=xpnt(317) 
V=eoa C=dmcrt(318) C=jprdy(319) C=kybrd(320) C=ncrh(321) C=prsnl(322) C=rpch(323) C=tmprl(324) C=ymnr(325) 
V=eoi C=dmlsh(326) C=dtxfy(327) C=frcty(328) C=hdnsm(329) C=nptsm(330) C=rhtc(331) C=tcn(332) C=vlcty(333) 
V=eou C=vrmth(334) 
V=eu C=crbm(335) C=dbgr(336) C=frqnt(337) C=pndlm(338) C=prcld(339) C=prs(340) C=schdl(341) C=sptl(342) C=sxtpl(343) 
V=eua C=Fbry(344) C=clr(345) C=pnmbr(346) C=ptln(347) C=rbtl(348) 
V=eui C=rpblc(349) C=scrty(350) 
V=i C=cvlty(351) C=dmnsh(352) C=dvnty(353) C=lvdty(354) C=mplct(355) C=nfty(356) C=nhlsm(357) C=rhnts(358) C=vcnty(359) 
V=ia C=blrd(360) C=crmnl(361) C=crtl(362) C=dsclm(363) C=dsry(364) C=gntc(365) C=mltn(366) C=mltry(367) C=mslgn(368) C=ntmcy(369) C=vglnt(370) C=vrgnl(371) 
V=iae C=dsbl(372) C=dsgrc(373) C=dst(374) C=dstnc(375) C=dstr(376) C=mnt(377) C=nckm(378) C=nfrd(379) C=nstc(380) C=pncl(381) C=trngl(382) 
V=iao C=cnm(383) C=dctr(384) 
V=iau C=strm(385) 
V=ie C=dlgnt(386) C=dntfy(387) C=dnty(388) C=dscpl(389) C=dscrt(390) C=dscrt(391) C=dshvl(392) C=dspn(393) C=dspr(394) C=dvn(395) C=fdlty(396) C=hygnc(397) C=lkns(398) C=mnstr(399) C=mnt(400) C=mrs(401) C=mschf(402) C=ncdt(403) C=ndbt(404) C=ndct(405) C=ndrct(406) C=nfrg(407) C=nhrt(408) C=nscrb(409) C=ntr(410) C=ntrs(411) C=prstn(412) C=sntr(413) C=thrn(414) C=vgnt(415) C=wrls(416) 
V=iea C=ltrcy(417) C=mstr(418) C=ntgrl(419) C=ntrc(420) C=ntrl(421) C=ntrvl(422) C=vscrl(423) 
V=ieo C=drct(424) C=frwk(425) C=htr(426) C=lfng(427) C=nvstr(428) 
V=ieu C=prdfl(429) C=sptfl(430) 
V=io C=cltrs(431) C=dscr(432) C=hstrc(433) C=knghd(434) C=mnrty(435) C=prty(436) C=trln(437) 
V=ioa C=dltry(438) C=dspl(439) C=gnrt(440) C=ltr(441) C=mrtl(442) C=nfrml(443) 
V=ioe C=dscl(444) C=dscvr(445) C=dslv(446) C=dsprv(447) C=dsr(448) C=mpstr(449) C=msnr(450) C=msrd(451) C=nct(452) C=nslt(453) C=ntrg(454) C=prs(455) C=rcht(456) 
V=iou C=dscnt(457) C=dsmnt(458) 
V=iu C=lngst(459) C=mnty(460) C=mpnty(461) C=mprty(462) C=smlnk(463) C=stml(464) C=tns(465) 
V=iua C=crl(466) C=snglr(467) C=trbnl(468) 
V=iue C=ntrd(469) C=physq(470) C=tncr(471) 
V=o C=bkwrm(472) C=mnply(473) C=nclgy(474) C=ntlgy(475) C=prtcl(476) C=tmrw(477) C=wrmd(478) 
V=oa C=Gndw(479) C=cls(480) C=crny(481) C=dwnl(482) C=ftbl(483) C=hlgrm(484) C=hnry(485) C=nmgr(486) C=nwdys(487) C=prsl(488) 
V=oae C=blckd(489) C=blckg(490) C=bstcl(491) C=clps(492) C=cnflt(493) C=cnlv(494) C=mrtg(495) C=prbl(496) C=prst(497) C=prtbl(498) C=rdnc(499) C=rnmt(500) C=sftwr(501) C=shrtg(502) C=shwc(503) C=stpg(504) 
V=oai C=cmpln(505) C=cntrl(506) C=dgmtc(507) C=lcty(508) C=mdlty(509) C=mrlty(510) C=plrty(511) C=prclm(512) C=rmntc(513) C=sprdc(514) 
V=oe C=Nvmbr(515) C=bldt(516) C=bsrv(517) C=chrnt(518) C=cmn(519) C=cmplt(520) C=cmr(521) C=cnds(522) C=cnrt(523) C=cnsrv(524) C=cnvrg(525) C=cnvrs(526) C=crvt(527) C=drstp(528) C=frmst(529) C=frst(530) C=fshr(531) C=gdns(532) C=gvrn(533) C=hldvr(534) C=hmwrk(535) C=hpls(536) C=mrph(537) C=mvnt(538) C=ns(539) C=pnt(540) C=pstn(541) C=shwrl(542) C=smbdy(543) C=tghr(544) C=trmbn(545) C=vrflw(546) 
V=oea C=cvnt(547) C=frcst(548) C=frlnd(549) C=hmlnd(550) C=smwht(551) C=tlrn(552) C=vrps(553) 
V=oei C=csmt(554) C=dmstc(555) C=frnsc(556) C=phnmc(557) C=phntc(558) C=vrkl(559) 
V=oeu C=frcl(560) C=mnt(561) C=pwrfl(562) C=vrtn(563) 
V=oi C=brcl(564) C=crd(565) C=gdwl(566) C=hlstc(567) C=hrfc(568) C=lp(569) C=mnlth(570) C=pltcs(571) C=prhbt(572) C=prlfc(573) C=pstrn(574) C=ptms(575) C=rbtcs(576) C=sldfy(577) C=srty(578) C=sthng(579) 
V=oia C=crtl(580) C=csml(581) C=dmnt(582) C=dystp(583) C=hsptl(584) C=lgrch(585) C=pgnt(586) C=prdgl(587) C=prts(588) C=rdny(589) C=sltry(590) C=trl(591) C=trpcl(592) 
V=oie C=cdnt(593) C=chlrn(594) C=cmplr(595) C=cmprs(596) C=cnsdr(597) C=cnspr(598) C=cntr(599) C=cntrv(600) C=cnv(601) C=czns(602) C=dctrn(603) C=frnt(604) C=hrbl(605) C=lpsd(606) C=plshd(607) C=psbl(608) C=sbrty(609) C=sltc(610) C=vrtcs(611) 
V=ou C=clrf(612) C=cls(613) C=cmpnd(614) C=cnjr(615) C=dbtfl(616) C=dghnt(617) C=prfnd(618) C=spnfl(619) C=tbrs(620) C=wndrs(621) C=ythfl(622) 
V=oua C=bndry(623) C=cmnl(624) C=cpnt(625) C=grmnd(626) C=thsnd(627) 
V=oue C=brch(628) C=cmptr(629) C=cmtr(630) C=cnjr(631) C=cnld(632) C=cnqst(633) C=cnsmr(634) C=cnstr(635) C=crtsy(636) C=dcmnt(637) C=mnt(638) C=prc(639) C=scrng(640) C=shldr(641) C=smldr(642) C=yrslf(643) 
V=oui C=flrsh(644) C=mrng(645) C=trgh(646) 
V=ua C=msclr(647) C=pnctl(648) C=prsnt(649) C=sbrn(650) 
V=uae C=clpb(651) C=mstch(652) C=prchs(653) C=qckry(654) C=sfrg(655) C=sqndr(656) C=trnc(657) 
V=uai C=Jrsc(658) C=hmns(659) C=hmnst(660) C=hmnty(661) C=qnty(662) C=rbnty(663) 
V=uao C=nsvry(664) C=sqdrn(665) 
V=ue C=brnt(666) C=cmbr(667) C=mrd(668) C=nftr(669) C=nstl(670) C=pnctr(671) C=prdnc(672) C=sbmrg(673) C=spn(674) 
V=uea C=blkhd(675) C=lkwrm(676) C=ndrwy(677) 
V=ui C=bldng(678) C=crfx(679) C=frtl(680) C=ftly(681) C=hmdty(682) C=hmlty(683) C=prsng(684) 
V=uia C=clnry(685) C=rmnt(686) C=srvl(687) 
V=uie C=bsn(688) C=crbl(689) C=flrd(690) C=mltp(691) C=ntr(692) C=rdmnt(693) C=sbtl(694) C=slphd(695) C=snh(696) C=srp(697) 
V=uio C=fnct(698) C=jnct(699) 
V=uo C=mshr(700) C=ncm(701) 
V=uoa C=cpbrd(702) 
V=uoe C=cstmr(703) C=trbj(704) 
V=uoi C=sbnc(705) 
