V=a C=clbsh(1) C=prlx(2) C=rdvk(3) 
V=ae C=Crthg(4) C=bndg(5) C=brclt(6) C=brnt(7) C=bsl(8) C=bsmnt(9) C=clndr(10) C=crls(11) C=cshmr(12) C=cthr(13) C=dhrnt(14) C=djcnt(15) C=dvnc(16) C=fcls(17) C=frwl(18) C=grphm(19) C=lmns(20) C=lphbt(21) C=lrgn(22) C=lvndr(23) C=mscr(24) C=mtrnl(25) C=plb(26) C=pld(27) C=prl(28) C=prlyz(29) C=prnt(30) C=ptrnl(31) C=pvmnt(32) C=rmnt(33) C=scvng(34) C=smbl(35) C=stmpd(36) C=whtvr(37) 
V=aei C=lrgc(38) C=mgntc(39) C=pndx(40) C=sprty(41) C=strk(42) 
V=aeo C=bchlr(43) C=ctgry(44) C=lgry(45) C=ncstr(46) C=pnth(47) C=wtrp(48) 
V=aeu C=dnm(49) C=grtfl(50) C=wstfl(51) 
V=ai C=Pldns(52) C=chrmn(53) C=clmty(54) C=cmpgn(55) C=cnbl(56) C=cpty(57) C=crdnl(58) C=crnvl(59) C=ctvy(60) C=fclty(61) C=fnty(62) C=grft(63) C=gymns(64) C=hndcp(65) C=lcrty(66) C=mndr(67) C=mnld(68) C=nlys(69) C=nrch(70) C=ntvy(71) C=pgnsm(72) C=pntg(73) C=prdgm(74) C=rcft(75) C=rchsm(76) C=rmch(77) C=rnfl(78) C=rstp(79) C=rtgh(80) C=rtsc(81) C=sdtc(82) C=sn(83) C=tcl(84) C=tlsmn(85) C=trng(86) C=vldty(87) 
V=aie C=bnstr(88) C=cdnt(89) C=cnstr(90) C=dynmt(91) C=grdnt(92) C=lndm(93) C=mgstr(94) C=mnfst(95) C=prct(96) C=prcts(97) C=prtcl(98) C=tngbl(99) C=wtrs(100) 
V=aio C=chmpn(101) C=frctn(102) C=grft(103) C=grsn(104) C=gyrtn(105) C=snct(106) C=stln(107) C=trcn(108) 
V=aiu C=fthl(109) C=scndm(110) 
V=ao C=bnrml(111) C=bthrm(112) C=chrl(113) C=lvtry(114) C=mhgny(115) C=prch(116) C=prvl(117) C=psty(118) C=rgnt(119) C=stc(120) C=txnmy(121) 
V=aoe C=bckn(122) C=cpstn(123) C=hndsm(124) C=ltd(125) C=mnpwr(126) C=trny(127) C=wrdb(128) 
V=aoi C=Slvnc(129) C=cthl(130) C=dfl(131) C=dmnsh(132) C=mjrty(133) C=mndl(134) C=nrct(135) C=nyg(136) C=phrsm(137) C=rbst(138) C=stnh(139) C=trcy(140) 
V=aou C=bdmth(141) C=blckt(142) 
V=au C=Strdy(143) C=bndt(144) C=cls(145) C=cry(146) C=cslty(147) C=csly(148) C=ctly(149) C=grnl(150) C=mblnt(151) 
V=aue C=dghtr(152) C=dltry(153) C=flnt(154) C=frct(155) C=gntl(156) C=lghtr(157) C=rgmnt(158) 
V=aui C=lngsh(159) C=ltrsm(160) C=trnql(161) 
V=e C=Dcmbr(162) C=cmtry(163) C=crdn(164) C=dfnr(165) C=djct(166) C=dsrt(167) C=dtcr(168) C=ngdr(169) C=prsv(170) C=prvs(171) C=rmb(172) C=rsmbl(173) C=smtr(174) C=sntc(175) C=tnm(176) C=vhmnt(177) C=whnvr(178) C=whrv(179) 
V=ea C=bdzl(180) C=btryl(181) C=cmtry(182) C=dcnt(183) C=fdbck(184) C=grts(185) C=mbrn(186) C=mrkbh(187) C=nckl(188) C=ntgl(189) C=ntrc(190) C=pdstl(191) C=plsnt(192) C=rchg(193) C=rfl(194) C=rlvnt(195) C=rsch(196) C=rvnt(197) C=rvsl(198) C=rwd(199) C=sklt(200) C=strng(201) C=thrn(202) C=tmpl(203) C=wkns(204) C=wrckg(205) C=xchng(206) C=xmplr(207) C=xtrnl(208) 
V=eai C=mchn(209) C=mglth(210) C=mphs(211) C=mphtc(212) C=ng(213) C=rstn(214) C=smntc(215) C=vrbtm(216) C=vrcty(217) 
V=eao C=dlck(218) C=mblzn(219) C=mtphr(220) C=mtrn(221) C=pntg(222) C=rfct(223) C=tsr(224) 
V=eau C=drfl(225) C=trsy(226) 
V=ei C=bndct(227) C=clrty(228) C=clt(229) C=drlct(230) C=dscrb(231) C=dsgnr(232) C=dstr(233) C=fltng(234) C=flxb(235) C=frnzd(236) C=grtn(237) C=jtlnr(238) C=lctr(239) C=mngs(240) C=ntrly(241) C=ntry(242) C=plsy(243) C=pnt(244) C=prstg(245) C=rfny(246) C=rgmnt(247) C=rgst(248) C=rsdnt(249) C=sdmnt(250) C=snbl(251) C=snt(252) C=spcf(253) C=srnty(254) C=trbl(255) C=trfc(256) C=xctng(257) C=xplct(258) C=xstn(259) C=ysght(260) 
V=eia C=chml(261) C=dyslx(262) C=fstvl(263) C=hstn(264) C=hystr(265) C=mgrnt(266) C=phny(267) C=smnry(268) C=trmnl(269) C=try(270) C=vrtcl(271) 
V=eio C=nghbr(272) 
V=eiu C=mrcfl(273) 
V=eo C=crmny(274) C=dfctr(275) C=dpnt(276) C=gmtry(277) C=hdg(278) C=hgmny(279) C=mbldn(280) C=mplyr(281) C=rcd(282) C=rcvy(283) C=rpt(284) C=rspn(285) C=skltn(286) C=spr(287) C=tlpr(288) C=wrlf(289) C=xpnt(290) 
V=eoa C=dmcrt(291) C=jprdy(292) C=kybrd(293) C=prsnl(294) C=rpch(295) C=tmprl(296) C=ymnr(297) 
V=eoi C=dmlsh(298) C=frcty(299) C=hdnsm(300) C=nptsm(301) C=rhtc(302) C=tcn(303) C=vlcty(304) 
V=eu C=crbm(305) C=dbgr(306) C=frqnt(307) C=pndlm(308) C=prcld(309) C=prs(310) C=schdl(311) C=sptl(312) C=sxtpl(313) 
V=eua C=Fbry(314) C=clr(315) C=pnmbr(316) C=ptln(317) C=rbtl(318) 
V=eui C=rpblc(319) C=scrty(320) 
V=i C=cvlty(321) C=dmnsh(322) C=dvnty(323) C=lvdty(324) C=mplct(325) C=nfty(326) C=nhlsm(327) C=rhnts(328) C=vcnty(329) 
V=ia C=blrd(330) C=crmnl(331) C=crtl(332) C=dsclm(333) C=dsry(334) C=gntc(335) C=mltry(336) C=mslgn(337) C=ntmcy(338) C=vglnt(339) C=vrgnl(340) 
V=iae C=dsbl(341) C=dsgrc(342) C=dst(343) C=dstnc(344) C=dstr(345) C=nckm(346) C=nfrd(347) C=nstc(348) C=pncl(349) C=trngl(350) 
V=iao C=cnm(351) C=dctr(352) 
V=iau C=strm(353) 
V=ie C=dlgnt(354) C=dntfy(355) C=dnty(356) C=dscpl(357) C=dscrt(358) C=dscrt(359) C=dshvl(360) C=dspn(361) C=dspr(362) C=dvn(363) C=fdlty(364) C=hygnc(365) C=lkns(366) C=mnstr(367) C=mnt(368) C=mrs(369) C=mschf(370) C=ncdt(371) C=ndbt(372) C=ndct(373) C=ndrct(374) C=nfrg(375) C=nhrt(376) C=nscrb(377) C=ntr(378) C=ntrs(379) C=prstn(380) C=sntr(381) C=thrn(382) C=vgnt(383) C=wrls(384) 
V=iea C=ltrcy(385) C=mstr(386) C=ntgrl(387) C=ntrc(388) C=ntrl(389) C=ntrvl(390) C=vscrl(391) 
V=ieo C=drct(392) C=frwk(393) C=htr(394) C=lfng(395) C=nvstr(396) 
V=ieu C=sptfl(397) 
V=io C=cltrs(398) C=dscr(399) C=hstrc(400) C=knghd(401) C=mnrty(402) C=prty(403) C=trln(404) 
V=ioa C=dltry(405) C=dspl(406) C=gnrt(407) C=ltr(408) C=mrtl(409) C=nfrml(410) 
V=ioe C=dscl(411) C=dscvr(412) C=dslv(413) C=dsprv(414) C=dsr(415) C=mpstr(416) C=msnr(417) C=msrd(418) C=nct(419) C=nslt(420) C=ntrg(421) C=prs(422) 
V=iou C=dscnt(423) C=dsmnt(424) 
V=iu C=lngst(425) C=mnty(426) C=mpnty(427) C=mprty(428) C=smlnk(429) C=stml(430) C=tns(431) 
V=iua C=crl(432) C=snglr(433) C=trbnl(434) 
V=iue C=ntrd(435) C=physq(436) C=tncr(437) 
V=o C=bkwrm(438) C=mnply(439) C=nclgy(440) C=prtcl(441) C=tmrw(442) 
V=oa C=Gndw(443) C=cls(444) C=crny(445) C=dwnl(446) C=ftbl(447) C=hlgrm(448) C=hnry(449) C=nmgr(450) C=nwdys(451) C=prsl(452) 
V=oae C=blckd(453) C=blckg(454) C=bstcl(455) C=clps(456) C=cnflt(457) C=cnlv(458) C=mrtg(459) C=prbl(460) C=prst(461) C=prtbl(462) C=rdnc(463) C=rnmt(464) C=sftwr(465) C=shrtg(466) C=shwc(467) 
V=oai C=cmpln(468) C=cntrl(469) C=lcty(470) C=mdlty(471) C=mrlty(472) C=plrty(473) C=prclm(474) C=rmntc(475) C=sprdc(476) 
V=oe C=Nvmbr(477) C=bldt(478) C=bsrv(479) C=chrnt(480) C=cmn(481) C=cmplt(482) C=cmr(483) C=cnds(484) C=cnrt(485) C=cnsrv(486) C=cnvrg(487) C=cnvrs(488) C=crvt(489) C=frmst(490) C=frst(491) C=fshr(492) C=gdns(493) C=gvrn(494) C=hmwrk(495) C=hpls(496) C=mrph(497) C=mvnt(498) C=ns(499) C=pnt(500) C=pstn(501) C=smbdy(502) C=tghr(503) C=vrflw(504) 
V=oea C=frcst(505) C=frlnd(506) C=hmlnd(507) C=smwht(508) C=tlrn(509) C=vrps(510) 
V=oei C=csmt(511) C=dmstc(512) C=frnsc(513) C=phnmc(514) C=phntc(515) C=vrkl(516) 
V=oeu C=frcl(517) C=mnt(518) C=pwrfl(519) C=vrtn(520) 
V=oi C=brcl(521) C=crd(522) C=gdwl(523) C=hlstc(524) C=hrfc(525) C=lp(526) C=pltcs(527) C=prhbt(528) C=prlfc(529) C=pstrn(530) C=ptms(531) C=rbtcs(532) C=sldfy(533) C=srty(534) C=sthng(535) 
V=oia C=crtl(536) C=csml(537) C=dmnt(538) C=dystp(539) C=hsptl(540) C=lgrch(541) C=pgnt(542) C=prdgl(543) C=rdny(544) C=sltry(545) C=trpcl(546) 
V=oie C=cdnt(547) C=chlrn(548) C=cmplr(549) C=cmprs(550) C=cnsdr(551) C=cnspr(552) C=cntr(553) C=cntrv(554) C=cnv(555) C=czns(556) C=dctrn(557) C=frnt(558) C=hrbl(559) C=lpsd(560) C=plshd(561) C=psbl(562) C=sbrty(563) C=sltc(564) C=vrtcs(565) 
V=ou C=clrf(566) C=cls(567) C=cmpnd(568) C=cnjr(569) C=dbtfl(570) C=dghnt(571) C=prfnd(572) C=spnfl(573) C=tbrs(574) C=wndrs(575) C=ythfl(576) 
V=oua C=bndry(577) C=cmnl(578) C=cpnt(579) C=grmnd(580) C=thsnd(581) 
V=oue C=brch(582) C=cmptr(583) C=cmtr(584) C=cnjr(585) C=cnld(586) C=cnqst(587) C=cnsmr(588) C=cnstr(589) C=crtsy(590) C=dcmnt(591) C=mnt(592) C=prc(593) C=scrng(594) C=shldr(595) C=smldr(596) C=yrslf(597) 
V=oui C=flrsh(598) C=mrng(599) C=trgh(600) 
V=ua C=msclr(601) C=pnctl(602) C=sbrn(603) 
V=uae C=clpb(604) C=mstch(605) C=prchs(606) C=qckry(607) C=sfrg(608) C=sqndr(609) C=trnc(610) 
V=uai C=Jrsc(611) C=hmns(612) C=hmnst(613) C=hmnty(614) C=qnty(615) C=rbnty(616) 
V=uao C=nsvry(617) C=sqdrn(618) 
V=ue C=brnt(619) C=cmbr(620) C=mrd(621) C=nftr(622) C=nstl(623) C=pnctr(624) C=prdnc(625) C=sbmrg(626) C=spn(627) 
V=uea C=blkhd(628) C=ndrwy(629) 
V=ui C=bldng(630) C=crfx(631) C=frtl(632) C=ftly(633) C=hmdty(634) C=hmlty(635) C=prsng(636) 
V=uia C=clnry(637) C=rmnt(638) C=srvl(639) 
V=uie C=bsn(640) C=crbl(641) C=flrd(642) C=mltp(643) C=ntr(644) C=rdmnt(645) C=sbtl(646) C=slphd(647) C=snh(648) C=srp(649) 
V=uio C=fnct(650) C=jnct(651) 
V=uo C=mshr(652) C=ncm(653) 
V=uoa C=cpbrd(654) 
V=uoe C=cstmr(655) C=trbj(656) 
V=uoi C=sbnc(657) 
