V=Aeia C=mrcn(1) 
V=Aiae C=lnc(2) 
V=ae C=Jpns(3) C=bync(4) C=crp(5) C=dtbs(6) C=mnbl(7) C=nthm(8) C=tnd(9) 
V=aei C=bctr(10) C=cdm(11) C=prtf(12) C=pt(13) 
V=aeio C=ntr(14) C=vrsn(15) 
V=aeo C=fcbk(16) C=lvr(17) C=ncdt(18) C=ntlp(19) 
V=aeoi C=strd(20) 
V=aeou C=lvs(21) 
V=aeu C=mnvr(22) C=prt(23) 
V=ai C=Clbr(24) C=Dlmt(25) C=Glcn(26) C=bslc(27) C=fmlr(28) C=grn(29) C=mncl(30) C=mnt(31) C=mphb(32) C=vrdc(33) 
V=aie C=bdct(34) C=bltv(35) C=crg(36) C=ctv(37) C=cvlr(38) C=grv(39) C=lmnt(40) C=mcbl(41) C=mgzn(42) C=mrg(43) C=mrt(44) C=nslz(45) C=nvgt(46) C=prds(47) C=prs(48) C=prst(49) C=ptnc(50) C=vldt(51) C=vrbl(52) C=vrnc(53) 
V=aio C=dtn(54) C=gtr(55) C=mbtn(56) C=ntl(57) C=rld(58) C=rnct(59) C=rtnl(60) C=txn(61) C=vctn(62) 
V=aioe C=ntd(63) C=rdm(64) 
V=aiou C=grcs(65) C=spc(66) 
V=aiue C=ltd(67) C=ltd(68) C=mncr(69) C=td(70) 
V=ao C=kngr(71) C=pnrm(72) C=prbl(73) 
V=aoe C=brgt(74) C=cld(75) C=drbl(76) C=dvct(77) C=lct(78) C=nt(79) C=rgt(80) C=sbtg(81) 
V=aoeu C=sbtr(82) 
V=aoi C=brtn(83) C=nblc(84) C=prnd(85) C=rmtc(86) 
V=aoie C=fvrt(87) C=ntd(88) C=pst(89) C=vprz(90) 
V=aou C=prm(91) C=vlrs(92) 
V=aoue C=bslt(93) C=crsl(94) C=nc(95) 
V=aoui C=cst(96) 
V=aue C=crt(97) C=grdt(98) C=lng(99) C=mpt(100) C=pls(101) C=qdct(102) C=rgbl(103) C=vlb(104) 
V=aui C=cqnt(105) C=lmn(106) C=ntcl(107) C=tsc(108) 
V=auie C=jndc(109) 
V=auo C=fbls(110) C=tnmy(111) 
V=ea C=brkg(112) C=bvrg(113) C=clvg(114) C=dcrs(115) C=dft(116) C=dlgt(117) C=gnrt(118) C=hdc(119) C=lgnc(120) C=lvrg(121) C=prmt(122) C=rhs(123) C=rlgt(124) C=rngd(125) C=rpt(126) C=sclt(127) C=sprt(128) C=sprt(129) C=strg(130) C=tngr(131) C=vnrt(132) C=xcvt(133) 
V=eai C=crtv(134) C=fsbl(135) C=hdln(136) C=lgz(137) C=mnt(138) C=ngtv(139) C=pnlz(140) C=rltv(141) 
V=eaio C=bhvr(142) C=crtn(143) C=rltn(144) C=scnr(145) 
V=eao C=lvtr(146) C=ndvr(147) 
V=eaou C=jlsy(148) 
V=eau C=crt(149) C=pcfl(150) C=plsr(151) C=trs(152) 
V=eaui C=thsr(153) 
V=ei C=dcsv(154) C=dfnt(155) C=fmn(156) C=frln(157) C=ghtn(158) C=gntv(159) C=lgb(160) C=mnc(161) C=ngr(162) C=pdgr(163) C=pdmc(164) C=prcv(165) C=prm(166) C=rnd(167) C=rpv(168) C=rtv(169) C=vdnc(170) C=xrcs(171) 
V=eia C=dct(172) C=dlct(173) C=hrtg(174) C=hst(175) C=mdt(176) C=mgrt(177) C=nvbl(178) C=rlb(179) C=rlnc(180) C=stm(181) C=xpbl(182) C=xprt(183) 
V=eiao C=mdtr(184) 
V=eio C=dcsn(185) C=drsn(186) C=jctn(187) C=lctn(188) C=mdcr(189) C=msn(190) C=nvs(191) C=prdc(192) C=ptn(193) C=rlgn(194) C=rvsn(195) C=sdtn(196) C=xrtn(197) C=xtr(198) 
V=eiou C=prcs(199) C=prvs(200) 
V=eiu C=pdcr(201) 
V=eo C=mply(202) C=nvlp(203) C=tlmr(204) C=vryn(205) 
V=eoa C=dcrt(206) C=dslt(207) C=dtn(208) C=lngt(209) C=rnvt(210) C=rsnt(211) 
V=eoi C=cnm(212) C=dvtn(213) C=gncd(214) C=mrz(215) C=strc(216) C=thrz(217) C=xrcs(218) C=xrcz(219) 
V=eoia C=rtcl(220) 
V=eou C=dcpl(221) C=gnrs(222) C=lqnt(223) C=nrms(224) C=rnc(225) C=rsc(226) C=rslt(227) C=xpsr(228) 
V=eu C=sqnc(229) 
V=eua C=prsd(230) C=vntl(231) 
V=euai C=qlty(232) 
V=eui C=dlsv(233) C=fsv(234) 
V=euia C=flv(235) C=pclr(236) 
V=euio C=dlsn(237) 
V=euo C=sdl(238) C=sn(239) 
V=ia C=Scln(240) C=cvln(241) 
V=iae C=dbts(242) C=dmtr(243) C=dsgr(244) C=mgrn(245) C=mtg(246) C=nctv(247) C=ndct(248) C=ntm(249) C=rgt(250) C=rt(251) 
V=iao C=ctn(252) C=dgnl(253) C=dltn(254) C=dspr(255) C=nvs(256) 
V=iaoe C=dgns(257) 
V=iaou C=nfms(258) 
V=iaue C=lgtr(259) 
V=ie C=cvlz(260) C=flcd(261) C=lkws(262) C=lngr(263) C=nft(264) C=nt(265) 
V=iea C=crt(266) C=ltr(267) C=mprl(268) C=ncrs(269) C=nrtl(270) C=szbl(271) 
V=ieo C=dlgy(272) C=nfr(273) C=ntr(274) 
V=ieua C=bsxl(275) 
V=io C=dvsn(276) C=ncs(277) C=vtlg(278) 
V=ioa C=nsm(279) C=vsnl(280) 
V=ioae C=nvt(281) 
V=ioau C=dnsr(282) 
V=ioe C=vlnc(283) 
V=ioea C=dcsn(284) 
V=iou C=cbrm(285) C=rgs(286) C=vgrs(287) 
V=iuae C=ncbt(288) C=ndt(289) C=nslt(290) C=smlt(291) 
V=iue C=dsg(292) C=rdcl(293) 
V=iuo C=lsn(294) 
V=iuoe C=msqt(295) 
V=oae C=cls(296) C=rmt(297) 
V=oai C=csn(298) C=dnt(299) C=lctn(300) C=nt(301) C=plrd(302) C=rtn(303) C=vctn(304) 
V=oaie C=dpmn(305) C=lcz(306) C=rgnz(307) C=vcls(308) C=vclz(309) C=vlt(310) 
V=oe C=bslt(311) C=dmtr(312) C=lnsm(313) C=mlt(314) C=mrv(315) C=ntbk(316) C=vrcm(317) C=vrds(318) C=vrlk(319) C=vrtn(320) 
V=oea C=cvrg(321) C=ftwr(322) C=mdrt(323) C=tlr(324) C=vrh(325) C=vrld(326) C=vrtk(327) 
V=oeai C=dvtl(328) 
V=oeau C=vrhl(329) 
V=oei C=bdnt(330) C=chsn(331) C=chsv(332) C=cnv(333) C=vrd(334) 
V=oeia C=cmdn(335) 
V=oeu C=grs(336) C=mlc(337) 
V=oi C=blvn(338) C=dmn(339) C=msn(340) C=pstn(341) 
V=oia C=bsdn(342) C=cln(343) C=hlgn(344) C=ptcn(345) C=ptnl(346) C=rgnl(347) 
V=oiae C=dmnt(348) C=mtv(349) C=nmt(350) 
V=oie C=bnhm(351) C=cnd(352) C=hmcd(353) C=pst(354) C=pstv(355) C=ptmz(356) C=sdmz(357) C=trs(358) 
V=oiea C=rntl(359) 
V=oieu C=clsm(360) 
V=oiu C=glrs(361) 
V=oiua C=btry(362) 
V=oiue C=cnt(363) C=sltd(364) 
V=ou C=tdrs(365) C=trs(366) 
V=ouae C=plc(367) C=td(368) 
V=ouai C=fnt(369) C=mnt(370) 
V=oue C=frtn(371) C=nvl(372) C=plnc(373) C=prlg(374) 
V=oui C=msqt(375) C=sltn(376) 
V=ouia C=Clmb(377) 
V=uae C=nglt(378) 
V=uai C=grdn(379) 
V=uaio C=crtn(380) C=drtn(381) C=mtn(382) 
V=uaoi C=hmnd(383) 
V=ue C=nscr(384) 
V=uea C=fslg(385) 
V=uei C=jvnl(386) 
V=ueio C=qstn(387) C=spr(388) 
V=ueo C=grsm(389) C=nmrs(390) 
V=ui C=bqty(391) 
V=uia C=jdcl(392) C=mscn(393) 
V=uiae C=fmgt(394) C=gdnc(395) C=ltm(396) C=mtl(397) C=nsc(398) C=rmnt(399) C=stbl(400) C=stc(401) 
V=uie C=fgtv(402) C=nvrs(403) C=pntv(404) 
V=uio C=spr(405) 
V=uo C=hmrs(406) 
V=uoea C=sbpn(407) 
V=uoia C=trl(408) 
