V=Aeia C=mrcn(1) 
V=Aiae C=lnc(2) 
V=ae C=Jpns(3) C=bync(4) C=crp(5) C=dtbs(6) C=mnbl(7) C=nthm(8) C=tnd(9) 
V=aei C=bctr(10) C=cdm(11) C=pt(12) 
V=aeio C=ntr(13) C=vrsn(14) 
V=aeo C=fcbk(15) C=ncdt(16) C=ntlp(17) 
V=aeoi C=strd(18) 
V=aeu C=mnvr(19) C=prt(20) 
V=ai C=fmlr(21) C=mncl(22) C=mnt(23) C=mphb(24) C=vrdc(25) 
V=aie C=bdct(26) C=crg(27) C=ctv(28) C=grv(29) C=lmnt(30) C=mcbl(31) C=mrg(32) C=mrt(33) C=nvgt(34) C=prds(35) C=prs(36) C=ptnc(37) C=vldt(38) C=vrbl(39) C=vrnc(40) 
V=aio C=dtn(41) C=mbtn(42) C=ntl(43) C=rld(44) C=rnct(45) C=rtnl(46) C=txn(47) C=vctn(48) 
V=aioe C=ntd(49) C=rdm(50) 
V=aiou C=grcs(51) C=spc(52) 
V=aiue C=ltd(53) C=ltd(54) C=mncr(55) C=td(56) 
V=ao C=kngr(57) 
V=aoe C=brgt(58) C=cld(59) C=drbl(60) C=dvct(61) C=lct(62) C=nt(63) C=rgt(64) C=sbtg(65) 
V=aoi C=brtn(66) C=nblc(67) 
V=aoie C=fvrt(68) C=pst(69) C=vprz(70) 
V=aou C=prm(71) C=vlrs(72) 
V=aoue C=bslt(73) C=crsl(74) C=nc(75) 
V=aue C=crt(76) C=grdt(77) C=lng(78) C=pls(79) C=rgbl(80) C=vlb(81) 
V=aui C=cqnt(82) C=ntcl(83) 
V=auie C=jndc(84) 
V=auo C=fbls(85) C=tnmy(86) 
V=ea C=brkg(87) C=bvrg(88) C=clvg(89) C=dcrs(90) C=dft(91) C=dlgt(92) C=gnrt(93) C=hdc(94) C=lgnc(95) C=lvrg(96) C=rhs(97) C=rlgt(98) C=rpt(99) C=sclt(100) C=sprt(101) C=sprt(102) C=tngr(103) C=xcvt(104) 
V=eai C=crtv(105) C=fsbl(106) C=hdln(107) C=mnt(108) C=ngtv(109) C=pnlz(110) C=rltv(111) 
V=eaio C=bhvr(112) C=crtn(113) C=rltn(114) C=scnr(115) 
V=eao C=lvtr(116) C=ndvr(117) 
V=eaou C=jlsy(118) 
V=eau C=crt(119) C=pcfl(120) C=plsr(121) C=trs(122) 
V=eaui C=thsr(123) 
V=ei C=dcsv(124) C=dfnt(125) C=frln(126) C=ghtn(127) C=lgb(128) C=mnc(129) C=ngr(130) C=pdgr(131) C=pdmc(132) C=prcv(133) C=prm(134) C=rpv(135) C=rtv(136) C=vdnc(137) C=xrcs(138) 
V=eia C=dct(139) C=dlct(140) C=hrtg(141) C=hst(142) C=mdt(143) C=mgrt(144) C=nvbl(145) C=rlb(146) C=rlnc(147) C=stm(148) C=xpbl(149) C=xprt(150) 
V=eiao C=mdtr(151) 
V=eio C=dcsn(152) C=jctn(153) C=lctn(154) C=mdcr(155) C=msn(156) C=prdc(157) C=ptn(158) C=rlgn(159) C=rvsn(160) C=xrtn(161) C=xtr(162) 
V=eiou C=prcs(163) C=prvs(164) 
V=eiu C=pdcr(165) 
V=eo C=mply(166) C=nvlp(167) C=vryn(168) 
V=eoa C=dcrt(169) C=dtn(170) C=rnvt(171) C=rsnt(172) 
V=eoi C=cnm(173) C=dvtn(174) C=gncd(175) C=mrz(176) C=strc(177) C=xrcs(178) C=xrcz(179) 
V=eoia C=rtcl(180) 
V=eou C=gnrs(181) C=lqnt(182) C=nrms(183) C=rsc(184) C=rslt(185) C=xpsr(186) 
V=eu C=sqnc(187) 
V=eua C=prsd(188) C=vntl(189) 
V=euai C=qlty(190) 
V=eui C=dlsv(191) C=fsv(192) 
V=euia C=flv(193) C=pclr(194) 
V=euio C=dlsn(195) 
V=euo C=sdl(196) C=sn(197) 
V=ia C=cvln(198) 
V=iae C=dbts(199) C=dmtr(200) C=dsgr(201) C=mgrn(202) C=mtg(203) C=nctv(204) C=ndct(205) C=ntm(206) C=rgt(207) C=rt(208) 
V=iao C=ctn(209) C=dgnl(210) C=nvs(211) 
V=iaoe C=dgns(212) 
V=iaou C=nfms(213) 
V=ie C=cvlz(214) C=flcd(215) C=lkws(216) C=lngr(217) C=nft(218) C=nt(219) 
V=iea C=crt(220) C=ltr(221) C=mprl(222) C=ncrs(223) 
V=ieo C=dlgy(224) C=nfr(225) 
V=ieua C=bsxl(226) 
V=io C=dvsn(227) 
V=ioa C=vsnl(228) 
V=ioae C=nvt(229) 
V=ioau C=dnsr(230) 
V=ioe C=vlnc(231) 
V=iou C=rgs(232) C=vgrs(233) 
V=iuae C=ncbt(234) C=ndt(235) C=nslt(236) C=smlt(237) 
V=iue C=dsg(238) C=rdcl(239) 
V=iuo C=lsn(240) 
V=iuoe C=msqt(241) 
V=oae C=cls(242) C=rmt(243) 
V=oai C=csn(244) C=dnt(245) C=lctn(246) C=nt(247) C=plrd(248) C=rtn(249) C=vctn(250) 
V=oaie C=lcz(251) C=rgnz(252) C=vlt(253) 
V=oe C=bslt(254) C=dmtr(255) C=lnsm(256) C=mlt(257) C=mrv(258) C=ntbk(259) C=vrcm(260) C=vrds(261) C=vrlk(262) 
V=oea C=cvrg(263) C=mdrt(264) C=tlr(265) C=vrld(266) C=vrtk(267) 
V=oeau C=vrhl(268) 
V=oei C=chsn(269) C=chsv(270) C=cnv(271) C=vrd(272) 
V=oeu C=grs(273) C=mlc(274) 
V=oi C=blvn(275) C=dmn(276) C=msn(277) C=pstn(278) 
V=oia C=bsdn(279) C=cln(280) C=ptcn(281) C=ptnl(282) C=rgnl(283) 
V=oiae C=dmnt(284) C=mtv(285) C=nmt(286) 
V=oie C=bnhm(287) C=cnd(288) C=hmcd(289) C=pst(290) C=pstv(291) C=ptmz(292) C=sdmz(293) C=trs(294) 
V=oiea C=rntl(295) 
V=oiu C=glrs(296) 
V=oiua C=btry(297) 
V=oiue C=cnt(298) C=sltd(299) 
V=ou C=tdrs(300) 
V=ouai C=fnt(301) C=mnt(302) 
V=oue C=frtn(303) C=prlg(304) 
V=oui C=msqt(305) C=sltn(306) 
V=ouia C=Clmb(307) 
V=uai C=grdn(308) 
V=uaio C=crtn(309) C=drtn(310) 
V=ue C=nscr(311) 
V=uea C=fslg(312) 
V=uei C=jvnl(313) 
V=ueio C=qstn(314) C=spr(315) 
V=ueo C=nmrs(316) 
V=ui C=bqty(317) 
V=uia C=jdcl(318) C=mscn(319) 
V=uiae C=gdnc(320) C=ltm(321) C=mtl(322) C=nsc(323) C=rmnt(324) C=stbl(325) C=stc(326) 
V=uie C=nvrs(327) 
V=uio C=spr(328) 
V=uo C=hmrs(329) 
V=uoea C=sbpn(330) 
V=uoia C=trl(331) 
