V=Ie C=nvrs(1) 
V=a C=chrltn(2) C=prgh(3) 
V=ae C=bckpln(4) C=bckwtr(5) C=brtnd(6) C=chlng(7) C=chmpgn(8) C=chrt(9) C=clsmt(10) C=crpnt(11) C=dvrsy(12) C=fltnd(13) C=frtnl(14) C=ftrwd(15) C=hstbl(16) C=lndscp(17) C=mprsnd(18) C=plntry(19) C=prhnd(20) C=prtmn(21) C=psngr(22) C=rchtyp(23) C=scndt(24) C=scrmnt(25) C=shrpn(26) C=stmn(27) C=trdmk(28) C=trnsl(29) C=wrntd(30) C=wstlnd(31) C=wtrfl(32) C=wtrmk(33) C=wtrshd(34) 
V=aei C=lchmst(35) C=mkshft(36) C=mtrny(37) C=rstng(38) 
V=aeo C=csry(39) C=frmwk(40) 
V=aeu C=crfly(41) C=wstrck(42) 
V=ai C=blstc(43) C=cls(44) C=cndy(45) C=cplry(46) C=csdng(47) C=fntsc(48) C=mtrch(49) C=nclry(50) C=nrchsm(51) C=nrchst(52) C=plng(53) C=plnsm(54) C=plntf(55) C=prctl(56) C=prgmtc(57) C=prtly(58) C=ptrch(59) C=rbty(60) C=rthc(61) C=rths(62) C=shmn(63) C=srct(64) C=stbly(65) C=stc(66) C=stn(67) C=vndlsm(68) 
V=aie C=bstn(69) C=fncs(70) C=frnchs(71) C=lgnmt(72) C=mchnry(73) C=mlsy(74) C=rtly(75) C=trns(76) 
V=aio C=Cprcn(77) C=hndwrk(78) C=mtrny(79) 
V=aiu C=gymns(80) 
V=ao C=cmpny(81) C=dshbr(82) C=lbtrs(83) C=nthlgy(84) C=pthlgy(85) C=scrpbk(86) C=strbd(87) 
V=aoe C=drnmt(88) C=lwnmr(89) 
V=aoi C=bsrng(90) C=lgrthm(91) C=trnsc(92) 
V=au C=clstrm(93) C=snctry(94) 
V=aue C=hmbrg(95) C=slghtr(96) C=trnsm(97) 
V=aui C=bsrdty(98) C=hydrlc(99) C=trcks(100) 
V=auo C=stry(101) 
V=e C=Sptmbr(102) C=dcrmnt(103) C=dpnt(104) C=dtrn(105) C=mrgncy(106) C=prcdnt(107) C=prfd(108) C=rphnd(109) C=rplnt(110) C=rpsnt(111) C=xclnt(112) 
V=ea C=Wdnsy(113) C=brkfst(114) C=chkmt(115) C=dfnt(116) C=gnrly(117) C=gntlm(118) C=hrtfl(119) C=hyprl(120) C=lgndry(121) C=mbrs(122) C=ncsry(123) C=pntgrm(124) C=prmnt(125) C=prvlnt(126) C=rctngl(127) C=rnstly(128) C=sdntry(129) C=sgmntl(130) C=smblnc(131) C=spctl(132) C=tlphy(133) C=trmn(134) C=tsrc(135) C=xmplry(136) C=xpctn(137) C=ystrd(138) 
V=eai C=crtnly(139) C=crtny(140) C=dmng(141) C=dprvty(142) C=lthrgc(143) C=mchns(144) C=mchns(145) C=rgdn(146) C=schmt(147) C=stblh(148) C=trdml(149) 
V=eao C=brkdwn(150) C=dcthln(151) C=spctr(152) 
V=ei C=Hlnsm(153) C=Hlnst(154) C=bgn(155) C=clbrty(156) C=cntr(157) C=dclng(158) C=dxtry(159) C=frght(160) C=mblsh(161) C=nlght(162) C=prcdng(163) C=prhy(164) C=prscb(165) C=prsdnt(166) C=prtn(167) C=psm(168) C=rplnsh(169) C=sntm(170) C=thncy(171) C=vntrcl(172) C=xmplfy(173) 
V=eia C=dfntly(174) C=rplcnt(175) C=rpmnd(176) C=skptcl(177) C=spcly(178) C=sphrcl(179) 
V=eio C=try(180) 
V=eiu C=plntf(181) 
V=eo C=dstry(182) C=mtrlgy(183) C=rclt(184) C=rcmnd(185) C=tlphny(186) C=tymlg(187) C=xcrty(188) C=xtrv(189) 
V=eoa C=btrhl(190) C=dmcry(191) C=grphy(192) C=hyprbl(193) C=scndry(194) C=thcry(195) C=tmpry(196) 
V=eoi C=mthds(197) C=mthds(198) 
V=eu C=frqncy(199) C=rcmbnt(200) C=rcnt(201) C=rflgnt(202) C=rsct(203) C=rsntfl(204) 
V=eua C=mnstrl(205) C=rdnt(206) C=rlctn(207) C=rsltn(208) 
V=eui C=rfbsh(209) 
V=euo C=prcs(210) C=psdnym(211) 
V=i C=ntrsc(212) 
V=ia C=Chrstn(213) C=brlnt(214) C=dgntry(215) C=dphrgm(216) C=dsml(217) C=dsprty(218) C=mgrnt(219) C=ndgt(220) C=physcn(221) C=prncl(222) C=smlry(223) C=sntrl(224) C=whmscl(225) 
V=iae C=brlnc(226) C=dschrg(227) C=dsmntl(228) C=frstnm(229) C=hndrc(230) C=nghtmr(231) 
V=iao C=mgrty(232) 
V=ie C=dfrnt(233) C=dsnt(234) C=dsntr(235) C=dvrgnt(236) C=dvrsty(237) C=gbrsh(238) C=kldrn(239) C=lfsty(240) C=lmts(241) C=mplnt(242) C=mpndg(243) C=mrsng(244) C=ncrmt(245) C=ndmty(246) C=ntlc(247) C=ntrcp(248) C=ntrjc(249) C=ntrp(250) C=ntrsc(251) C=ntsfy(252) C=ntsy(253) C=prncl(254) C=scnt(255) C=sncrly(256) 
V=iea C=dsprl(257) C=dsrg(258) C=fshrmn(259) C=ltry(260) C=ncst(261) C=whts(262) 
V=ieo C=drcty(263) C=nvtry(264) 
V=ieu C=ntrp(265) 
V=io C=dchtmy(266) C=symb(267) 
V=ioa C=bgrphy(268) C=blrd(269) C=clpbrd(270) C=dplmcy(271) C=hstgrm(272) C=mprtn(273) C=nfrmt(274) 
V=ioe C=dscptr(275) C=dscvry(276) C=dshnt(277) C=ncrt(278) 
V=iu C=crty(279) C=dfclt(280) 
V=iua C=trby(281) C=trmphl(282) C=vrtly(283) 
V=iue C=ncmbt(284) C=ndlgt(285) C=nsrgt(286) 
V=o C=csmlgy(287) C=phnlgy(288) C=shtdwn(289) 
V=oa C=brdcst(290) C=brdn(291) C=btsrp(292) C=cnst(293) C=lfctry(294) 
V=oae C=mnstry(295) C=wrkplc(296) 
V=oai C=cmplnt(297) C=frmlty(298) C=hypmnc(299) C=nstlgc(300) C=prfnty(301) C=wmnkd(302) 
V=oau C=nslght(303) 
V=oe C=bkshlf(304) C=cmpnt(305) C=cmptn(306) C=cntd(307) C=cntdr(308) C=crsv(309) C=gyrscp(310) C=hmfrnt(311) C=hmgrwn(312) C=hnycmb(313) C=knwldg(314) C=prcs(315) C=prfs(316) C=prjct(317) C=prnt(318) C=prts(319) C=prty(320) C=spngb(321) C=tmbsn(322) C=vrthw(323) C=vrwhlm(324) C=wrkfc(325) 
V=oea C=rchst(326) C=vrwtch(327) 
V=oei C=lngvty(328) C=phntcs(329) C=pstry(330) C=smthng(331) C=vrsght(332) C=wnrshp(333) 
V=oeu C=cns(334) C=wndrfl(335) 
V=oi C=cmdty(336) C=drmty(337) C=flwng(338) C=ftprn(339) C=hstly(340) C=lncth(341) C=prmsng(342) C=prxmty(343) 
V=oia C=bstncy(344) C=cmplnt(345) C=cmsr(346) C=dystpn(347) 
V=oie C=byfrnd(348) C=clkws(349) C=cmngl(350) C=cndmt(351) C=cnfdt(352) C=cnt(353) C=crsf(354) C=frbdn(355) C=frstb(356) C=hypntz(357) C=prmnt(358) 
V=ou C=cndrm(359) C=cndtr(360) C=mnstr(361) 
V=oue C=cngrt(362) C=crnt(363) C=scndrl(364) C=yngstr(365) 
V=oui C=bscrty(366) C=cmns(367) C=cmnst(368) C=cmnty(369) C=tskr(370) 
V=uae C=fndmt(371) C=frst(372) C=nchrtd(373) C=nscthd(374) C=qrtly(375) C=sbtnc(376) C=scrtbl(377) C=srchg(378) 
V=uai C=plrsm(379) C=thmbnl(380) C=vlgrty(381) 
V=uao C=prgty(382) 
V=ue C=jdgmnt(383) C=pbscnt(384) C=sclnt(385) C=sclptr(386) C=srnd(387) C=strc(388) C=trbln(389) 
V=uea C=sprmcy(390) 
V=uei C=blprnt(391) C=nrvg(392) C=wthrng(393) 
V=ueo C=gswrk(394) C=prmst(395) C=scr(396) C=trms(397) 
V=ui C=hbrstc(398) C=nwlg(399) 
V=uia C=lbrcnt(400) C=plry(401) 
V=uie C=frtls(402) C=sbcr(403) 
V=uio C=crfm(404) 
V=uoa C=cstmry(405) C=plmnry(406) 
V=uoe C=snflwr(407) 
