V=Aeio C=scn(1) 
V=Aioe C=rstl(2) 
V=Eaiu C=xclbr(3) 
V=Euai C=chrst(4) 
V=a C=Mrnth(5) C=blcv(6) C=ctmrn(7) 
V=ae C=dhrnc(8) C=dvntg(9) C=grt(10) C=grvt(11) C=ltrn(12) C=mznt(13) C=pltb(14) C=pndg(15) C=prmt(16) C=stlm(17) C=vlnch(18) 
V=aei C=blrn(19) C=cptv(20) C=crst(21) C=djctv(22) C=dvrbl(23) C=dvrts(24) C=mgntz(25) C=nlgsc(26) C=plng(27) C=prmdc(28) C=pthc(29) C=rstz(30) C=srtv(31) C=std(32) C=sthc(33) C=tngr(34) C=tnv(35) 
V=aeio C=scn(36) C=sprn(37) C=srtn(38) C=tn(39) 
V=aeiu C=bctrm(40) C=mgns(41) 
V=aeo C=ftrn(42) C=scpgt(43) 
V=aeou C=dngrs(44) C=mrvls(45) 
V=aeu C=dvntr(46) C=pnsxl(47) 
V=aeui C=mnq(48) 
V=ai C=Clbrn(49) C=fdvt(50) C=ktbc(51) C=mphbn(52) C=prsl(53) C=prstc(54) C=slnt(55) C=strcl(56) C=vtrsm(57) 
V=aie C=brcd(58) C=clbrt(59) C=clmt(60) C=clpht(61) C=cptv(62) C=crtlg(63) C=dctv(64) C=dmrbl(65) C=fbrct(66) C=fscnt(67) C=glvnz(68) C=mrgn(69) C=mtrcd(70) C=plnc(71) C=prtv(72) C=ptrcd(73) C=rbt(74) C=scrf(75) C=stfd(76) C=tnlz(77) C=vcnt(78) C=vndlz(79) 
V=aieo C=mnfst(80) 
V=aio C=dctn(81) C=gldtr(82) C=gzln(83) C=kzln(84) C=lgtr(85) C=nmsty(86) C=prtn(87) C=rdgm(88) C=rdlgy(89) C=rmdl(90) C=slvtn(91) C=trdn(92) C=trn(93) 
V=aiu C=cptlm(94) C=mbgty(95) C=ntqy(96) C=rdcl(97) 
V=aiue C=dmxtr(98) C=grtd(99) C=mgntd(100) C=mpltd(101) C=pltd(102) C=trb(103) 
V=aoe C=bnd(104) C=brmt(105) C=hlwn(106) C=lctd(107) C=lwnc(108) C=nchrg(109) C=ntd(110) C=ptrng(111) C=rgnc(112) C=tnm(113) 
V=aoi C=bdmnl(114) C=cnl(115) C=crdn(116) C=ctn(117) C=drcn(118) C=lch(119) C=phrnc(120) C=pnrmc(121) C=prblc(122) C=prchl(123) C=txnmc(124) 
V=aoie C=lngsd(125) C=pntm(126) C=ptrnz(127) 
V=aou C=brs(128) C=hzrds(129) C=mrphs(130) C=nyms(131) C=prmnt(132) 
V=aoue C=syng(133) 
V=au C=prts(134) 
V=aue C=chfr(135) C=clt(136) C=dmbrt(137) C=mblnc(138) C=msnt(139) C=prcht(140) C=srnc(141) 
V=auei C=thnc(142) 
V=aui C=Mnc(143) C=cslty(144) C=plnq(145) 
V=auie C=mscln(146) C=plsb(147) 
V=auo C=dlth(148) C=grls(149) C=tcry(150) C=tgrph(151) 
V=auoi C=thry(152) 
V=e C=lswhr(153) C=mrgnc(154) C=rfnc(155) C=svnt(156) C=vhmnc(157) 
V=ea C=clbrt(158) C=clrn(159) C=dcn(160) C=dprct(161) C=dscrt(162) C=dsprt(163) C=dvst(164) C=frlnc(165) C=lmnt(166) C=phmrl(167) C=pntr(168) C=rhsl(169) C=sgrt(170) C=svrnc(171) C=vgtbl(172) C=vngc(173) 
V=eai C=mnwhl(174) C=mphsz(175) C=ntr(176) C=prchl(177) C=prvs(178) C=rlstc(179) C=rmnd(180) C=rmng(181) C=tnv(182) C=vrstl(183) C=wrns(184) C=xpnsv(185) 
V=eaio C=dfltn(186) C=prdtn(187) C=snt(188) C=xpns(189) 
V=eao C=mgphn(190) C=mthdn(191) C=scltr(192) C=xcvtr(193) 
V=eaoi C=mtblc(194) C=pdgc(195) 
V=eau C=Cntrs(196) C=dprt(197) C=nrpt(198) C=prmt(199) C=thsr(200) 
V=ei C=Hlnz(201) C=dcptv(202) C=dfcnt(203) C=dfnsv(204) C=dlmtr(205) C=dtcv(206) C=dtrmn(207) C=fcnt(208) C=fctv(209) C=msrz(210) C=nrgtc(211) C=pcntr(212) C=pcntr(213) C=pdrms(214) C=prc(215) C=prmt(216) C=rcpnt(217) C=rcsv(218) C=rflxv(219) C=rmnsc(220) C=rsdnc(221) C=rslnt(222) C=sntc(223) C=sntv(224) C=strlz(225) C=xcdng(226) C=xcsv(227) C=xpdnt(228) C=xpltv(229) C=xpnsv(230) C=xstnc(231) C=xtnsv(232) C=ztgs(233) 
V=eia C=clst(234) C=dct(235) C=dngrt(236) C=dsgnt(237) C=mprcl(238) C=mptcl(239) C=msnc(240) C=nchld(241) C=ngmtc(242) C=prdct(243) C=sntl(244) C=trmn(245) 
V=eio C=dfctn(246) C=djctn(247) C=dpctn(248) C=dsrtn(249) C=dtcn(250) C=ltmf(251) C=prcsn(252) C=prdtn(253) C=rbln(254) C=rcptn(255) C=rcsn(256) C=rjctn(257) C=rndt(258) C=rnfc(259) C=scn(260) C=slctn(261) C=smcln(262) C=xcptn(263) C=xmptn(264) C=xpctn(265) C=xtns(266) 
V=eioa C=pscl(267) 
V=eiou C=srly(268) 
V=eiu C=rtb(269) C=tchnq(270) 
V=eiua C=pnsl(271) 
V=eo C=dcmps(272) C=dvlpr(273) C=htrdx(274) C=lctrd(275) C=pdmtr(276) C=phrmn(277) C=thrf(278) C=tlgy(279) C=tlphn(280) C=tlscp(281) 
V=eoa C=drnt(282) C=dtnr(283) C=mldr(284) C=prsng(285) C=rpbt(286) 
V=eoi C=cnmst(287) C=gmtrc(288) C=mbrd(289) C=pdhl(290) C=rcgnz(291) C=rcnl(292) C=rgnmc(293) C=rsv(294) C=xplsn(295) C=xplsv(296) 
V=eou C=nclsr(297) C=nctr(298) C=ptrlm(299) C=rpdc(300) C=rpsfl(301) C=tnbrs(302) 
V=eu C=prsct(303) C=sqncr(304) 
V=eua C=ndrc(305) C=nsrc(306) C=prtl(307) C=ptlnc(308) C=spclt(309) C=xbrnt(310) C=xclpt(311) 
V=euai C=fdlsm(312) C=pnmtc(313) C=rhmtc(314) C=sxlty(315) 
V=eui C=prjdc(316) C=qpmnt(317) C=rclsv(318) C=rcsv(319) C=rplsv(320) C=sdctv(321) C=xclsv(322) 
V=euio C=cntr(323) C=dctn(324) C=rvlsn(325) C=scln(326) C=sdctn(327) C=xcrsn(328) 
V=euo C=cls(329) C=crdls(330) C=nrlgy(331) 
V=ia C=dgrm(332) C=fncl(333) C=lbty(334) C=mgnry(335) C=mprtl(336) C=nblty(337) 
V=iae C=bltr(338) C=cgrt(339) C=dlct(340) C=dspr(341) C=dsprg(342) C=dspt(343) C=frctv(344) C=mgrt(345) C=mnc(346) C=mplct(347) C=mptn(348) C=ncpbl(349) C=ncrt(350) C=ngrd(351) C=nstg(352) C=ntrc(353) C=vglnc(354) C=vndct(355) 
V=iao C=dctn(356) C=dgns(357) C=nflt(358) C=plctn(359) C=vbrtn(360) 
V=iaue C=sgntr(361) 
V=ie C=clnt(362) C=crtz(363) C=dgnf(364) C=dlgnc(365) C=drctv(366) C=lgb(367) C=mlpd(368) C=mpdnt(369) C=nctv(370) C=ndlb(371) C=nfrtl(372) C=ntrf(373) C=ntrv(374) C=ntrvw(375) C=nts(376) C=ntsv(377) C=nvsbl(378) C=prmtv(379) C=prvlg(380) 
V=iea C=brfcs(381) C=cnmt(382) C=dntcl(383) C=dsng(384) C=grvnc(385) C=hbrnt(386) C=knmtc(387) C=mln(388) C=msrbl(389) C=nfbl(390) C=ntgr(391) C=ntrfc(392) C=plfrg(393) C=pnl(394) C=tnry(395) C=trnl(396) 
V=ieo C=crtn(397) C=dgstn(398) C=dmns(399) C=drctn(400) C=dvrsn(401) C=lfbd(402) C=ncpt(403) C=nfct(404) C=nsrt(405) C=nt(406) C=ntrps(407) C=nvrs(408) C=nvt(409) C=vwpnt(410) 
V=ieou C=rghts(411) 
V=ieu C=ngty(412) 
V=ieua C=rgl(413) 
V=ioa C=lgc(414) C=nrgc(415) C=nsmc(416) C=pctrl(417) C=vsnry(418) 
V=ioae C=mcrwv(419) 
V=ioe C=bmtrc(420) C=bsphr(421) C=dsrnt(422) C=mprvs(423) C=mptnc(424) 
V=iou C=frvls(425) C=gnrms(426) 
V=ioua C=bnclr(427) 
V=ioue C=dscr(428) C=ntrdc(429) 
V=iua C=sprtl(430) 
V=iuae C=crlt(431) C=nclt(432) C=nsrc(433) C=stml(434) 
V=iuao C=ncbtr(435) C=smltr(436) 
V=iue C=dstng(437) C=nclsv(438) C=nflc(439) C=nst(440) 
V=iuo C=ncls(441) C=ncrs(442) C=ntrs(443) 
V=o C=ftsl(444) 
V=oa C=ctgnl(445) 
V=oae C=chlt(446) C=clt(447) C=cnt(448) C=crpt(449) C=mtrcd(450) C=prgt(451) C=rphng(452) C=thc(453) 
V=oai C=btncl(454) C=cltn(455) C=cmpn(456) C=frmtn(457) C=hypmn(458) C=prbtn(459) 
V=oaie C=nrmlz(460) C=prctv(461) C=strc(462) C=strcz(463) 
V=oau C=hlcst(464) 
V=oe C=frcls(465) C=whsvr(466) 
V=oea C=crlt(467) C=crpl(468) C=hmkr(469) C=tlrnc(470) 
V=oeai C=prcln(471) 
V=oei C=bjctn(472) C=bjctv(473) C=bsn(474) C=fnsv(475) C=pstr(476) C=smt(477) C=thrws(478) C=vrwt(479) 
V=oeia C=cngl(480) C=ptnl(481) 
V=oeu C=Clsm(482) C=grtsq(483) C=mnts(484) C=pndrs(485) C=prcd(486) C=prsct(487) 
V=oeua C=mlcr(488) 
V=oi C=cgnt(489) C=clsn(490) C=cmtn(491) C=cndt(492) C=prmtn(493) C=prtfl(494) C=prvsn(495) C=sclgy(496) C=slctr(497) C=sprfc(498) 
V=oia C=cnvl(499) C=pltc(500) 
V=oiae C=bstn(501) C=dmnc(502) C=rdnc(503) C=sclt(504) 
V=oie C=cgntv(505) C=cmt(506) C=crdl(507) C=crsv(508) C=dsmtr(509) C=ntry(510) C=vcls(511) 
V=oiu C=cns(512) C=cntm(513) C=mscv(514) C=pltbr(515) 
V=oiua C=cntl(516) 
V=oiue C=frtd(517) C=lngtd(518) 
V=ou C=cngrs(519) C=trs(520) 
V=ouae C=cnslt(521) C=frtn(522) C=mstch(523) C=pstl(524) C=vchsf(525) 
V=oue C=cmpsr(526) C=cnrs(527) C=prnc(528) C=prtn(529) C=trms(530) C=vlntr(531) 
V=oui C=clsn(532) C=cmn(533) C=cnfs(534) C=pltn(535) 
V=ouie C=cnb(536) C=prcn(537) 
V=uae C=crvt(538) C=flct(539) C=pnct(540) C=qdrp(541) C=qdrpl(542) C=sbjgt(543) 
V=uai C=vlgrn(544) 
V=uaie C=lcrtv(545) C=sbmrn(546) 
V=uaio C=plstn(547) 
V=uaoi C=sbtmc(548) 
V=ue C=bml(549) C=sprd(550) 
V=uea C=ndrtk(551) C=ndrw(552) C=trnc(553) 
V=ueai C=sqmh(554) 
V=uei C=ndrl(555) C=ndrm(556) C=nrfd(557) C=plvrz(558) C=sprv(559) 
V=ueio C=cnfrm(560) 
V=ueo C=blth(561) 
V=uia C=crl(562) C=mblc(563) 
V=uiae C=clmnt(564) C=cltv(565) C=dplct(566) C=hrcn(567) C=lbrct(568) 
V=uie C=nlmtd(569) C=qntpl(570) C=sbdv(571) C=sbdz(572) 
V=uiea C=nvrsl(573) 
V=uio C=crsty(574) C=ldcrs(575) C=ntr(576) C=spcn(577) 
V=uo C=smpt(578) 
V=uoae C=sfct(579) 
V=uoe C=ntchd(580) C=sfqr(581) 
V=uoia C=cstdn(582) 
V=uoie C=cstm(583) C=cstmz(584) 
