V=Eaiu C=xclbr(1) 
V=Euai C=chrst(2) 
V=a C=blcv(3) C=ctmrn(4) 
V=ae C=dhrnc(5) C=dvntg(6) C=grt(7) C=grvt(8) C=ltrn(9) C=mznt(10) C=pltb(11) C=pndg(12) C=prmt(13) C=stlm(14) C=vlnch(15) 
V=aei C=blrn(16) C=cptv(17) C=crst(18) C=djctv(19) C=dvrbl(20) C=dvrts(21) C=mgntz(22) C=nlgsc(23) C=plng(24) C=prmdc(25) C=pthc(26) C=rstz(27) C=srtv(28) C=std(29) C=sthc(30) C=tngr(31) C=tnv(32) 
V=aeio C=sprn(33) C=srtn(34) C=tn(35) 
V=aeiu C=bctrm(36) C=mgns(37) 
V=aeo C=ftrn(38) C=scpgt(39) 
V=aeou C=dngrs(40) C=mrvls(41) 
V=aeu C=dvntr(42) C=pnsxl(43) 
V=aeui C=mnq(44) 
V=ai C=Clbrn(45) C=fdvt(46) C=ktbc(47) C=mphbn(48) C=prsl(49) C=prstc(50) C=slnt(51) C=strcl(52) C=vtrsm(53) 
V=aie C=brcd(54) C=clbrt(55) C=clmt(56) C=clpht(57) C=cptv(58) C=crtlg(59) C=dctv(60) C=dmrbl(61) C=fbrct(62) C=fscnt(63) C=glvnz(64) C=mrgn(65) C=mtrcd(66) C=plnc(67) C=prtv(68) C=ptrcd(69) C=rbt(70) C=scrf(71) C=stfd(72) C=tnlz(73) C=vcnt(74) C=vndlz(75) 
V=aieo C=mnfst(76) 
V=aio C=dctn(77) C=gldtr(78) C=gzln(79) C=kzln(80) C=lgtr(81) C=nmsty(82) C=prtn(83) C=rdgm(84) C=slvtn(85) C=trdn(86) 
V=aiu C=cptlm(87) C=mbgty(88) C=ntqy(89) C=rdcl(90) 
V=aiue C=grtd(91) C=mgntd(92) C=mpltd(93) C=pltd(94) C=trb(95) 
V=aoe C=bnd(96) C=brmt(97) C=hlwn(98) C=lctd(99) C=lwnc(100) C=ntd(101) C=ptrng(102) C=rgnc(103) 
V=aoi C=bdmnl(104) C=cnl(105) C=crdn(106) C=ctn(107) C=lch(108) C=phrnc(109) C=pnrmc(110) C=prblc(111) C=prchl(112) C=txnmc(113) 
V=aoie C=lngsd(114) C=pntm(115) C=ptrnz(116) 
V=aou C=brs(117) C=hzrds(118) C=mrphs(119) C=nyms(120) C=prmnt(121) 
V=aoue C=syng(122) 
V=au C=prts(123) 
V=aue C=chfr(124) C=clt(125) C=dmbrt(126) C=mblnc(127) C=msnt(128) C=prcht(129) C=srnc(130) 
V=auei C=thnc(131) 
V=aui C=Mnc(132) C=plnq(133) 
V=auie C=mscln(134) C=plsb(135) 
V=auo C=dlth(136) C=grls(137) C=tcry(138) C=tgrph(139) 
V=auoi C=thry(140) 
V=e C=lswhr(141) C=mrgnc(142) C=rfnc(143) C=svnt(144) C=vhmnc(145) 
V=ea C=clbrt(146) C=clrn(147) C=dcn(148) C=dprct(149) C=dsprt(150) C=dvst(151) C=frlnc(152) C=lmnt(153) C=phmrl(154) C=pntr(155) C=rhsl(156) C=sgrt(157) C=svrnc(158) C=vgtbl(159) C=vngc(160) 
V=eai C=mnwhl(161) C=mphsz(162) C=ntr(163) C=prchl(164) C=prvs(165) C=rlstc(166) C=rmnd(167) C=rmng(168) C=tnv(169) C=vrstl(170) C=wrns(171) C=xpnsv(172) 
V=eaio C=dfltn(173) C=prdtn(174) C=snt(175) C=xpns(176) 
V=eao C=scltr(177) C=xcvtr(178) 
V=eaoi C=mtblc(179) C=pdgc(180) 
V=eau C=dprt(181) C=nrpt(182) C=prmt(183) C=thsr(184) 
V=ei C=Hlnz(185) C=dcptv(186) C=dfcnt(187) C=dfnsv(188) C=dlmtr(189) C=dtcv(190) C=dtrmn(191) C=fcnt(192) C=fctv(193) C=msrz(194) C=nrgtc(195) C=pdrms(196) C=prc(197) C=prmt(198) C=rcpnt(199) C=rflxv(200) C=rmnsc(201) C=rsdnc(202) C=rslnt(203) C=sntv(204) C=strlz(205) C=xcdng(206) C=xcsv(207) C=xpdnt(208) C=xpnsv(209) C=xstnc(210) C=xtnsv(211) C=ztgs(212) 
V=eia C=clst(213) C=dct(214) C=dngrt(215) C=dsgnt(216) C=mprcl(217) C=mptcl(218) C=msnc(219) C=ngmtc(220) C=prdct(221) C=sntl(222) C=trmn(223) 
V=eio C=dfctn(224) C=djctn(225) C=dpctn(226) C=dsrtn(227) C=dtcn(228) C=ltmf(229) C=prcsn(230) C=rbln(231) C=rcptn(232) C=rcsn(233) C=rjctn(234) C=rndt(235) C=rnfc(236) C=scn(237) C=slctn(238) C=smcln(239) C=xcptn(240) C=xmptn(241) C=xpctn(242) C=xtns(243) 
V=eiou C=srly(244) 
V=eiu C=rtb(245) C=tchnq(246) 
V=eiua C=pnsl(247) 
V=eo C=dcmps(248) C=dvlpr(249) C=htrdx(250) C=pdmtr(251) C=phrmn(252) C=thrf(253) C=tlphn(254) C=tlscp(255) 
V=eoa C=drnt(256) C=dtnr(257) C=mldr(258) C=prsng(259) 
V=eoi C=cnmst(260) C=gmtrc(261) C=mbrd(262) C=pdhl(263) C=rcgnz(264) C=rcnl(265) C=rsv(266) C=xplsn(267) C=xplsv(268) 
V=eou C=nclsr(269) C=nctr(270) C=ptrlm(271) C=rpdc(272) C=rpsfl(273) C=tnbrs(274) 
V=eu C=prsct(275) C=sqncr(276) 
V=eua C=ndrc(277) C=nsrc(278) C=prtl(279) C=ptlnc(280) C=spclt(281) C=xbrnt(282) C=xclpt(283) 
V=euai C=fdlsm(284) C=pnmtc(285) C=rhmtc(286) C=sxlty(287) 
V=eui C=prjdc(288) C=qpmnt(289) C=rclsv(290) C=rcsv(291) C=rplsv(292) C=sdctv(293) C=xclsv(294) 
V=euio C=cntr(295) C=dctn(296) C=rvlsn(297) C=scln(298) C=sdctn(299) C=xcrsn(300) 
V=euo C=cls(301) C=crdls(302) 
V=ia C=dgrm(303) C=fncl(304) C=lbty(305) C=mgnry(306) C=mprtl(307) C=nblty(308) 
V=iae C=bltr(309) C=cgrt(310) C=dspr(311) C=dsprg(312) C=dspt(313) C=frctv(314) C=mgrt(315) C=mplct(316) C=mptn(317) C=ncpbl(318) C=ncrt(319) C=ngrd(320) C=nstg(321) C=ntrc(322) C=vglnc(323) C=vndct(324) 
V=iao C=dctn(325) C=dgns(326) C=nflt(327) C=plctn(328) C=vbrtn(329) 
V=iaue C=sgntr(330) 
V=ie C=clnt(331) C=crtz(332) C=dgnf(333) C=dlgnc(334) C=drctv(335) C=lgb(336) C=mlpd(337) C=mpdnt(338) C=nctv(339) C=ndlb(340) C=ntrf(341) C=ntrv(342) C=ntrvw(343) C=nts(344) C=ntsv(345) C=nvsbl(346) C=prmtv(347) C=prvlg(348) 
V=iea C=brfcs(349) C=cnmt(350) C=dntcl(351) C=dsng(352) C=grvnc(353) C=hbrnt(354) C=knmtc(355) C=mln(356) C=msrbl(357) C=ntgr(358) C=ntrfc(359) C=plfrg(360) C=pnl(361) C=tnry(362) 
V=ieo C=crtn(363) C=dgstn(364) C=dmns(365) C=drctn(366) C=dvrsn(367) C=ncpt(368) C=nfct(369) C=nsrt(370) C=nt(371) C=ntrps(372) C=nvrs(373) C=nvt(374) C=vwpnt(375) 
V=ieou C=rghts(376) 
V=ieu C=ngty(377) 
V=ieua C=rgl(378) 
V=ioa C=lgc(379) C=nrgc(380) C=nsmc(381) C=pctrl(382) C=vsnry(383) 
V=ioae C=mcrwv(384) 
V=ioe C=bmtrc(385) C=dsrnt(386) C=mprvs(387) C=mptnc(388) 
V=iou C=frvls(389) C=gnrms(390) 
V=ioua C=bnclr(391) 
V=ioue C=dscr(392) C=ntrdc(393) 
V=iua C=sprtl(394) 
V=iuae C=crlt(395) C=nclt(396) C=nsrc(397) C=stml(398) 
V=iuao C=ncbtr(399) C=smltr(400) 
V=iue C=dstng(401) C=nclsv(402) C=nflc(403) C=nst(404) 
V=iuo C=ncls(405) C=ncrs(406) 
V=oa C=ctgnl(407) 
V=oae C=chlt(408) C=clt(409) C=cnt(410) C=crpt(411) C=prgt(412) C=rphng(413) C=thc(414) 
V=oai C=btncl(415) C=cltn(416) C=cmpn(417) C=frmtn(418) C=hypmn(419) 
V=oaie C=nrmlz(420) C=prctv(421) C=strcz(422) 
V=oe C=frcls(423) C=whsvr(424) 
V=oea C=crlt(425) C=crpl(426) C=hmkr(427) C=tlrnc(428) 
V=oeai C=prcln(429) 
V=oei C=bjctn(430) C=bjctv(431) C=bsn(432) C=fnsv(433) C=pstr(434) C=smt(435) C=thrws(436) C=vrwt(437) 
V=oeia C=cngl(438) C=ptnl(439) 
V=oeu C=Clsm(440) C=grtsq(441) C=mnts(442) C=pndrs(443) C=prcd(444) C=prsct(445) 
V=oeua C=mlcr(446) 
V=oi C=cgnt(447) C=clsn(448) C=cmtn(449) C=cndt(450) C=prmtn(451) C=prtfl(452) C=prvsn(453) C=slctr(454) C=sprfc(455) 
V=oia C=cnvl(456) C=pltc(457) 
V=oiae C=bstn(458) C=dmnc(459) C=sclt(460) 
V=oie C=cgntv(461) C=cmt(462) C=crdl(463) C=dsmtr(464) C=ntry(465) C=vcls(466) 
V=oiu C=cns(467) C=cntm(468) 
V=oiua C=cntl(469) 
V=oiue C=frtd(470) C=lngtd(471) 
V=ou C=cngrs(472) C=trs(473) 
V=ouae C=cnslt(474) C=frtn(475) C=mstch(476) C=pstl(477) C=vchsf(478) 
V=oue C=cmpsr(479) C=cnrs(480) C=prnc(481) C=prtn(482) C=trms(483) C=vlntr(484) 
V=oui C=pltn(485) 
V=uae C=crvt(486) C=flct(487) C=pnct(488) C=qdrpl(489) C=sbjgt(490) 
V=uai C=vlgrn(491) 
V=uaie C=lcrtv(492) C=sbmrn(493) 
V=uaio C=plstn(494) 
V=uaoi C=sbtmc(495) 
V=ue C=bml(496) C=sprd(497) 
V=uea C=ndrtk(498) C=ndrw(499) C=trnc(500) 
V=uei C=ndrl(501) C=ndrm(502) C=nrfd(503) C=plvrz(504) C=sprv(505) 
V=ueio C=cnfrm(506) 
V=ueo C=blth(507) 
V=uia C=crl(508) C=mblc(509) 
V=uiae C=clmnt(510) C=cltv(511) C=dplct(512) C=hrcn(513) C=lbrct(514) 
V=uie C=nlmtd(515) C=qntpl(516) C=sbdv(517) C=sbdz(518) 
V=uiea C=nvrsl(519) 
V=uio C=crsty(520) C=ntr(521) C=spcn(522) 
V=uo C=smpt(523) 
V=uoae C=sfct(524) 
V=uoe C=ntchd(525) C=sfqr(526) 
V=uoie C=cstm(527) C=cstmz(528) 
