V=Euiea C=cldn(1) 
V=ae C=grbl(2) 
V=aei C=cftr(3) C=lvt(4) 
V=aeo C=rpln(5) 
V=aeoi C=Mcdn(6) 
V=aie C=flt(7) C=vlb(8) 
V=aio C=gtn(9) C=nmt(10) C=rdtn(11) 
V=aioe C=rtnl(12) 
V=aiou C=mbts(13) C=mlcs(14) C=slc(15) 
V=aiu C=mrjn(16) 
V=aiue C=ntq(17) 
V=aiuo C=mbgs(18) 
V=aoeu C=mnvr(19) 
V=aoi C=Ctln(20) 
V=aoie C=bmnt(21) C=plgz(22) C=sct(23) 
V=aoiu C=lbrs(24) 
V=aou C=nlgs(25) C=nmls(26) 
V=aoue C=ctlg(27) 
V=auei C=Lrnt(28) 
V=aui C=lmn(29) C=xlry(30) 
V=auie C=cqs(31) C=cstv(32) 
V=auoe C=msl(33) 
V=auoi C=tmc(34) C=tnmc(35) C=tpl(36) 
V=ea C=bftr(37) 
V=eai C=rdct(38) C=rtl(39) 
V=eaio C=lvtn(40) C=mnt(41) 
V=eaiou C=bhvr(42) C=nfrs(43) 
V=eao C=lbrt(44) C=vprt(45) 
V=eaou C=dmnr(46) C=dmts(47) C=ndvr(48) 
V=eau C=jclt(49) 
V=eaui C=btfl(50) 
V=eia C=lmnt(51) C=rt(52) 
V=eioa C=dtrl(53) C=spng(54) 
V=eiou C=dlcs(55) C=dlrs(56) C=rlgs(57) 
V=eiu C=tq(58) 
V=eoa C=xnrt(59) 
V=eoi C=mtr(60) 
V=eoia C=ngt(61) C=strc(62) 
V=eoiu C=frcs(63) 
V=eou C=rns(64) 
V=eoua C=ncrg(65) C=ntrg(66) 
V=eoui C=vltn(67) 
V=eua C=nmrt(68) 
V=euai C=thnz(69) 
V=euaio C=dctn(70) 
V=euao C=kryt(71) 
V=eui C=rqst(72) C=xctv(73) C=xqst(74) 
V=euia C=lcdt(75) C=nct(76) C=rpdt(77) 
V=euio C=xctn(78) 
V=euoia C=pnm(79) 
V=iao C=mtn(80) 
V=iaou C=hlrs(81) 
V=iaue C=mntr(82) 
V=iea C=mdt(83) 
V=ieao C=trn(84) 
V=ieoa C=vdtp(85) 
V=ieou C=ngs(86) 
V=ioa C=sltn(87) 
V=iou C=nsd(88) 
V=iuae C=lqdt(89) C=nfrt(90) C=vslz(91) 
V=iuao C=stn(92) 
V=iue C=ntv(93) 
V=iuo C=nt(94) 
V=oai C=cltn(95) 
V=oaue C=cglt(96) 
V=oeai C=prtn(97) C=prtv(98) 
V=oeau C=clg(99) 
V=oei C=bdnc(100) 
V=oeia C=Phnc(101) 
V=oiae C=rgnt(102) C=sclt(103) 
V=oiu C=blvs(104) C=bnxs(105) C=ntrs(106) C=psn(107) 
V=oue C=crts(108) C=hmlg(109) C=mnlg(110) 
V=ouia C=clq(111) 
V=uae C=grnt(112) 
V=uaie C=qlfd(113) 
V=uaio C=nms(114) 
V=uea C=nsbl(115) 
V=uiae C=hmlt(116) 
V=uie C=gdln(117) 
V=uio C=jdcs(118) C=lxrs(119) 
V=uoai C=qtn(120) 
