V=ae C=grbl(1) 
V=aei C=cftr(2) C=lvt(3) 
V=aeo C=rpln(4) 
V=aie C=flt(5) C=vlb(6) 
V=aio C=gtn(7) C=nmt(8) C=rdtn(9) 
V=aiou C=mbts(10) C=mlcs(11) C=slc(12) 
V=aiu C=mrjn(13) 
V=aiue C=ntq(14) 
V=aiuo C=mbgs(15) 
V=aoie C=bmnt(16) C=plgz(17) C=sct(18) 
V=aou C=nlgs(19) C=nmls(20) 
V=aoue C=ctlg(21) 
V=aui C=xlry(22) 
V=auie C=cqs(23) 
V=auoi C=tmc(24) 
V=eai C=rdct(25) C=rtl(26) 
V=eaio C=lvtn(27) 
V=eaiou C=bhvr(28) C=nfrs(29) 
V=eao C=lbrt(30) C=vprt(31) 
V=eaou C=ndvr(32) 
V=eau C=jclt(33) 
V=eaui C=btfl(34) 
V=eia C=lmnt(35) 
V=eioa C=dtrl(36) C=spng(37) 
V=eiou C=dlcs(38) C=dlrs(39) C=rlgs(40) 
V=eiu C=tq(41) 
V=eoa C=xnrt(42) 
V=eoi C=mtr(43) 
V=eoia C=ngt(44) C=strc(45) 
V=eou C=rns(46) 
V=eoua C=ncrg(47) 
V=eoui C=vltn(48) 
V=eua C=nmrt(49) 
V=euaio C=dctn(50) 
V=eui C=rqst(51) C=xctv(52) C=xqst(53) 
V=euia C=lcdt(54) C=nct(55) C=rpdt(56) 
V=euio C=xctn(57) 
V=iao C=mtn(58) 
V=iaou C=hlrs(59) 
V=iea C=mdt(60) 
V=ieao C=trn(61) 
V=ieou C=ngs(62) 
V=ioa C=sltn(63) 
V=iuae C=lqdt(64) C=nfrt(65) C=vslz(66) 
V=iuao C=stn(67) 
V=iue C=ntv(68) 
V=iuo C=nt(69) 
V=oai C=cltn(70) 
V=oaue C=cglt(71) 
V=oeai C=prtn(72) 
V=oeau C=clg(73) 
V=oei C=bdnc(74) 
V=oiae C=rgnt(75) 
V=oiu C=blvs(76) C=bnxs(77) C=ntrs(78) C=psn(79) 
V=oue C=crts(80) C=mnlg(81) 
V=uae C=grnt(82) 
V=uaie C=qlfd(83) 
V=uea C=nsbl(84) 
V=uiae C=hmlt(85) 
V=uie C=gdln(86) 
V=uio C=jdcs(87) 
V=uoai C=qtn(88) 
