V=ae C=grbl(1) 
V=aei C=cftr(2) C=lvt(3) 
V=aeo C=rpln(4) 
V=aeoi C=Mcdn(5) 
V=aie C=flt(6) C=vlb(7) 
V=aio C=gtn(8) C=nmt(9) C=rdtn(10) 
V=aioe C=rtnl(11) 
V=aiou C=mbts(12) C=mlcs(13) C=slc(14) 
V=aiu C=mrjn(15) 
V=aiue C=ntq(16) 
V=aiuo C=mbgs(17) 
V=aoeu C=mnvr(18) 
V=aoi C=Ctln(19) 
V=aoie C=bmnt(20) C=plgz(21) C=sct(22) 
V=aoiu C=lbrs(23) 
V=aou C=nlgs(24) C=nmls(25) 
V=aoue C=ctlg(26) 
V=auei C=Lrnt(27) 
V=aui C=lmn(28) C=xlry(29) 
V=auie C=cqs(30) C=cstv(31) 
V=auoe C=msl(32) 
V=auoi C=tmc(33) C=tnmc(34) 
V=ea C=bftr(35) 
V=eai C=rdct(36) C=rtl(37) 
V=eaio C=lvtn(38) C=mnt(39) 
V=eaiou C=bhvr(40) C=nfrs(41) 
V=eao C=lbrt(42) C=vprt(43) 
V=eaou C=dmnr(44) C=dmts(45) C=ndvr(46) 
V=eau C=jclt(47) 
V=eaui C=btfl(48) 
V=eia C=lmnt(49) 
V=eioa C=dtrl(50) C=spng(51) 
V=eiou C=dlcs(52) C=dlrs(53) C=rlgs(54) 
V=eiu C=tq(55) 
V=eoa C=xnrt(56) 
V=eoi C=mtr(57) 
V=eoia C=ngt(58) C=strc(59) 
V=eoiu C=frcs(60) 
V=eou C=rns(61) 
V=eoua C=ncrg(62) C=ntrg(63) 
V=eoui C=vltn(64) 
V=eua C=nmrt(65) 
V=euai C=thnz(66) 
V=euaio C=dctn(67) 
V=eui C=rqst(68) C=xctv(69) C=xqst(70) 
V=euia C=lcdt(71) C=nct(72) C=rpdt(73) 
V=euio C=xctn(74) 
V=iao C=mtn(75) 
V=iaou C=hlrs(76) 
V=iaue C=mntr(77) 
V=iea C=mdt(78) 
V=ieao C=trn(79) 
V=ieou C=ngs(80) 
V=ioa C=sltn(81) 
V=iuae C=lqdt(82) C=nfrt(83) C=vslz(84) 
V=iuao C=stn(85) 
V=iue C=ntv(86) 
V=iuo C=nt(87) 
V=oai C=cltn(88) 
V=oaue C=cglt(89) 
V=oeai C=prtn(90) 
V=oeau C=clg(91) 
V=oei C=bdnc(92) 
V=oeia C=Phnc(93) 
V=oiae C=rgnt(94) C=sclt(95) 
V=oiu C=blvs(96) C=bnxs(97) C=ntrs(98) C=psn(99) 
V=oue C=crts(100) C=hmlg(101) C=mnlg(102) 
V=ouia C=clq(103) 
V=uae C=grnt(104) 
V=uaie C=qlfd(105) 
V=uaio C=nms(106) 
V=uea C=nsbl(107) 
V=uiae C=hmlt(108) 
V=uie C=gdln(109) 
V=uio C=jdcs(110) C=lxrs(111) 
V=uoai C=qtn(112) 
